2026-09-14T00:54:37Z START ext1-mixtral-bos-alllayers (waited 64s): python scripts/run_expert.py mixtral --layers 0,1,2,3,4,5,6,7,8,9,10,11,12,13,14,15,16,17,18,19,20,21,22,23,24,25,26,27,28,29,30,31 --no-pairs --layer-chunks 4 --out mixtral_bos_alllayers
00:54:56 mixtral: chunk 1/4: 527 cases, layers 0..7 (8), 1054 prefill rows, 22376 spawn rows
00:55:05   layer   0: load-wait 7.95s compute 0.95s  wf_rows=2816
00:55:28   layer   8: load-wait 2.28s compute 0.65s  wf_rows=22376
00:55:51   layer  16: load-wait 2.24s compute 0.65s  wf_rows=22376
00:56:14   layer  24: load-wait 2.30s compute 0.65s  wf_rows=22376
00:56:34   layer  31: load-wait 2.24s compute 0.65s  wf_rows=22376
00:56:34   pass done: 1054 prefill rows (T=19), 22376 spawn rows, 98.4s
00:56:34 pass time 98.6s
00:56:35 L0 set paper: 1 candidates (>= 64 active); best E004 all-case mean +0.002 active 73/128; top5: {4: 0.002}
00:56:35 L0 set strict: 1 candidates (>= 64 active); best E004 all-case mean -0.000 active 71/128; top5: {4: -0.0}
00:56:35 L0 set relaxed: 1 candidates (>= 128 active); best E004 all-case mean -0.003 active 163/256; top5: {4: -0.003}
00:56:35 L1 set paper: no candidate meets the recurrence threshold; max activity 54
00:56:35 L1 set strict: no candidate meets the recurrence threshold; max activity 56
00:56:35 L1 set relaxed: no candidate meets the recurrence threshold; max activity 114
00:56:35 L2 set paper: 1 candidates (>= 64 active); best E006 all-case mean +0.021 active 76/128; top5: {6: 0.021}
00:56:35 L2 set strict: 1 candidates (>= 64 active); best E006 all-case mean +0.018 active 69/128; top5: {6: 0.018}
00:56:35 L2 set relaxed: 1 candidates (>= 128 active); best E006 all-case mean +0.002 active 128/256; top5: {6: 0.002}
00:56:35 L3 set paper: no candidate meets the recurrence threshold; max activity 63
00:56:35 L3 set strict: 1 candidates (>= 64 active); best E004 all-case mean +0.004 active 65/128; top5: {4: 0.004}
00:56:35 L3 set relaxed: no candidate meets the recurrence threshold; max activity 121
00:56:35 L4 set paper: 2 candidates (>= 64 active); best E007 all-case mean +0.012 active 80/128; top5: {7: 0.012, 2: 0.006}
00:56:35 L4 set strict: 2 candidates (>= 64 active); best E002 all-case mean +0.013 active 71/128; top5: {2: 0.013, 7: -0.006}
00:56:35 L4 set relaxed: 2 candidates (>= 128 active); best E007 all-case mean +0.016 active 174/256; top5: {7: 0.016, 2: 0.013}
00:56:35 L5 set paper: 1 candidates (>= 64 active); best E000 all-case mean +0.031 active 95/128; top5: {0: 0.031}
00:56:35 L5 set strict: 1 candidates (>= 64 active); best E000 all-case mean -0.001 active 84/128; top5: {0: -0.001}
00:56:35 L5 set relaxed: 1 candidates (>= 128 active); best E000 all-case mean +0.002 active 182/256; top5: {0: 0.002}
00:56:35 L6 set paper: 1 candidates (>= 64 active); best E007 all-case mean +0.015 active 90/128; top5: {7: 0.015}
00:56:35 L6 set strict: 1 candidates (>= 64 active); best E007 all-case mean +0.017 active 93/128; top5: {7: 0.017}
00:56:35 L6 set relaxed: 1 candidates (>= 128 active); best E007 all-case mean +0.012 active 178/256; top5: {7: 0.012}
00:56:35 L7 set paper: no candidate meets the recurrence threshold; max activity 63
00:56:35 L7 set strict: 1 candidates (>= 64 active); best E004 all-case mean -0.002 active 65/128; top5: {4: -0.002}
00:56:35 L7 set relaxed: no candidate meets the recurrence threshold; max activity 118
00:56:35 chunk 1: wrote 22376 new rows; /home/ubuntu/MOE/results/mixtral_bos_alllayers/expert_rows.parquet now holds 22376 rows over layers [0, 1, 2, 3, 4, 5, 6, 7]
00:56:35 mixtral: chunk 2/4: 527 cases, layers 8..15 (8), 1054 prefill rows, 22714 spawn rows
00:56:37   layer   0: load-wait 2.11s compute 0.28s  wf_rows=0
00:57:01   layer   8: load-wait 2.61s compute 0.32s  wf_rows=2910
00:57:24   layer  16: load-wait 2.26s compute 0.65s  wf_rows=22714
00:57:47   layer  24: load-wait 2.05s compute 0.65s  wf_rows=22714
00:58:05   layer  31: load-wait 1.70s compute 0.65s  wf_rows=22714
00:58:05   pass done: 1054 prefill rows (T=19), 22714 spawn rows, 89.5s
00:58:05 pass time 89.6s
00:58:05 L8 set paper: 1 candidates (>= 64 active); best E006 all-case mean +0.005 active 71/128; top5: {6: 0.005}
00:58:05 L8 set strict: 1 candidates (>= 64 active); best E006 all-case mean -0.002 active 68/128; top5: {6: -0.002}
00:58:05 L8 set relaxed: 2 candidates (>= 128 active); best E004 all-case mean +0.010 active 128/256; top5: {4: 0.01, 6: 0.004}
00:58:05 L9 set paper: 2 candidates (>= 64 active); best E000 all-case mean +0.012 active 91/128; top5: {0: 0.012, 4: -0.001}
00:58:05 L9 set strict: 2 candidates (>= 64 active); best E000 all-case mean +0.000 active 96/128; top5: {0: 0.0, 4: -0.001}
00:58:05 L9 set relaxed: 2 candidates (>= 128 active); best E000 all-case mean +0.009 active 168/256; top5: {0: 0.009, 4: 0.004}
00:58:05 L10 set paper: 2 candidates (>= 64 active); best E004 all-case mean +0.018 active 106/128; top5: {4: 0.018, 7: 0.014}
00:58:05 L10 set strict: 2 candidates (>= 64 active); best E004 all-case mean +0.017 active 107/128; top5: {4: 0.017, 7: -0.002}
00:58:05 L10 set relaxed: 2 candidates (>= 128 active); best E007 all-case mean +0.021 active 215/256; top5: {7: 0.021, 4: 0.01}
00:58:05 L11 set paper: 2 candidates (>= 64 active); best E000 all-case mean +0.013 active 102/128; top5: {0: 0.013, 6: 0.002}
00:58:05 L11 set strict: 2 candidates (>= 64 active); best E006 all-case mean +0.013 active 76/128; top5: {6: 0.013, 0: 0.009}
00:58:05 L11 set relaxed: 2 candidates (>= 128 active); best E006 all-case mean +0.013 active 148/256; top5: {6: 0.013, 0: 0.008}
00:58:05 L12 set paper: no candidate meets the recurrence threshold; max activity 60
00:58:05 L12 set strict: 1 candidates (>= 64 active); best E001 all-case mean -0.021 active 64/128; top5: {1: -0.021}
00:58:05 L12 set relaxed: 1 candidates (>= 128 active); best E001 all-case mean -0.013 active 136/256; top5: {1: -0.013}
00:58:05 L13 set paper: 1 candidates (>= 64 active); best E000 all-case mean +0.021 active 82/128; top5: {0: 0.021}
00:58:05 L13 set strict: 1 candidates (>= 64 active); best E000 all-case mean -0.015 active 90/128; top5: {0: -0.015}
00:58:05 L13 set relaxed: 1 candidates (>= 128 active); best E000 all-case mean -0.000 active 183/256; top5: {0: -0.0}
00:58:05 L14 set paper: 2 candidates (>= 64 active); best E001 all-case mean +0.039 active 100/128; top5: {1: 0.039, 5: 0.009}
00:58:05 L14 set strict: 2 candidates (>= 64 active); best E001 all-case mean +0.019 active 97/128; top5: {1: 0.019, 5: 0.011}
00:58:05 L14 set relaxed: 1 candidates (>= 128 active); best E001 all-case mean +0.026 active 202/256; top5: {1: 0.026}
00:58:05 L15 set paper: 2 candidates (>= 64 active); best E005 all-case mean +0.052 active 75/128; top5: {5: 0.052, 6: -0.0}
00:58:05 L15 set strict: 2 candidates (>= 64 active); best E005 all-case mean +0.049 active 76/128; top5: {5: 0.049, 6: 0.008}
00:58:05 L15 set relaxed: 2 candidates (>= 128 active); best E005 all-case mean +0.064 active 160/256; top5: {5: 0.064, 6: 0.025}
00:58:05 chunk 2: wrote 22714 new rows; /home/ubuntu/MOE/results/mixtral_bos_alllayers/expert_rows.parquet now holds 45090 rows over layers [0, 1, 2, 3, 4, 5, 6, 7, 8, 9, 10, 11, 12, 13, 14, 15]
00:58:05 mixtral: chunk 3/4: 527 cases, layers 16..23 (8), 1054 prefill rows, 22851 spawn rows
00:58:07   layer   0: load-wait 1.94s compute 0.29s  wf_rows=0
00:58:27   layer   8: load-wait 2.20s compute 0.29s  wf_rows=0
00:58:47   layer  16: load-wait 2.03s compute 0.31s  wf_rows=2779
00:59:05   layer  24: load-wait 1.50s compute 0.66s  wf_rows=22851
00:59:19   layer  31: load-wait 1.04s compute 0.65s  wf_rows=22851
00:59:19   pass done: 1054 prefill rows (T=19), 22851 spawn rows, 73.7s
00:59:19 pass time 73.8s
00:59:19 L16 set paper: 2 candidates (>= 64 active); best E005 all-case mean +0.029 active 80/128; top5: {5: 0.029, 7: 0.024}
00:59:19 L16 set strict: 2 candidates (>= 64 active); best E005 all-case mean +0.011 active 70/128; top5: {5: 0.011, 7: -0.008}
00:59:19 L16 set relaxed: 2 candidates (>= 128 active); best E007 all-case mean +0.036 active 212/256; top5: {7: 0.036, 5: 0.036}
00:59:19 L17 set paper: 2 candidates (>= 64 active); best E001 all-case mean +0.053 active 111/128; top5: {1: 0.053, 5: 0.045}
00:59:19 L17 set strict: 2 candidates (>= 64 active); best E005 all-case mean +0.052 active 81/128; top5: {5: 0.052, 1: 0.051}
00:59:19 L17 set relaxed: 2 candidates (>= 128 active); best E001 all-case mean +0.063 active 222/256; top5: {1: 0.063, 5: 0.051}
00:59:19 L18 set paper: 2 candidates (>= 64 active); best E001 all-case mean +0.192 active 98/128; top5: {1: 0.192, 6: 0.035}
00:59:19 L18 set strict: 2 candidates (>= 64 active); best E001 all-case mean +0.215 active 101/128; top5: {1: 0.215, 6: 0.03}
00:59:19 L18 set relaxed: 2 candidates (>= 128 active); best E001 all-case mean +0.218 active 209/256; top5: {1: 0.218, 6: 0.044}
00:59:19 L19 set paper: 2 candidates (>= 64 active); best E002 all-case mean +0.384 active 76/128; top5: {2: 0.384, 6: 0.1}
00:59:19 L19 set strict: 2 candidates (>= 64 active); best E002 all-case mean +0.364 active 79/128; top5: {2: 0.364, 6: 0.095}
00:59:19 L19 set relaxed: 2 candidates (>= 128 active); best E002 all-case mean +0.366 active 166/256; top5: {2: 0.366, 6: 0.095}
00:59:19 L20 set paper: 1 candidates (>= 64 active); best E005 all-case mean +0.134 active 75/128; top5: {5: 0.134}
00:59:19 L20 set strict: 1 candidates (>= 64 active); best E005 all-case mean +0.117 active 68/128; top5: {5: 0.117}
00:59:19 L20 set relaxed: 1 candidates (>= 128 active); best E005 all-case mean +0.141 active 154/256; top5: {5: 0.141}
00:59:19 L21 set paper: 1 candidates (>= 64 active); best E001 all-case mean +0.336 active 91/128; top5: {1: 0.336}
00:59:19 L21 set strict: 1 candidates (>= 64 active); best E001 all-case mean +0.292 active 91/128; top5: {1: 0.292}
00:59:19 L21 set relaxed: 2 candidates (>= 128 active); best E001 all-case mean +0.278 active 169/256; top5: {1: 0.278, 6: 0.076}
00:59:19 L22 set paper: 1 candidates (>= 64 active); best E001 all-case mean +0.155 active 95/128; top5: {1: 0.155}
00:59:19 L22 set strict: 2 candidates (>= 64 active); best E001 all-case mean +0.198 active 98/128; top5: {1: 0.198, 5: 0.08}
00:59:19 L22 set relaxed: 2 candidates (>= 128 active); best E001 all-case mean +0.162 active 193/256; top5: {1: 0.162, 5: 0.098}
00:59:19 L23 set paper: no candidate meets the recurrence threshold; max activity 60
00:59:19 L23 set strict: 1 candidates (>= 64 active); best E002 all-case mean +0.086 active 67/128; top5: {2: 0.086}
00:59:19 L23 set relaxed: 2 candidates (>= 128 active); best E002 all-case mean +0.102 active 128/256; top5: {2: 0.102, 7: 0.067}
00:59:19 chunk 3: wrote 22851 new rows; /home/ubuntu/MOE/results/mixtral_bos_alllayers/expert_rows.parquet now holds 67941 rows over layers [0, 1, 2, 3, 4, 5, 6, 7, 8, 9, 10, 11, 12, 13, 14, 15, 16, 17, 18, 19, 20, 21, 22, 23]
00:59:19 mixtral: chunk 4/4: 527 cases, layers 24..31 (8), 1054 prefill rows, 23201 spawn rows
00:59:21   layer   0: load-wait 1.21s compute 0.29s  wf_rows=0
00:59:36   layer   8: load-wait 1.53s compute 0.29s  wf_rows=0
00:59:56   layer  16: load-wait 1.91s compute 0.29s  wf_rows=0
01:00:15   layer  24: load-wait 1.89s compute 0.34s  wf_rows=2985
01:00:28   layer  31: load-wait 1.02s compute 0.63s  wf_rows=23201
01:00:28   pass done: 1054 prefill rows (T=19), 23201 spawn rows, 68.5s
01:00:28 pass time 68.6s
01:00:32 L24 set paper: 1 candidates (>= 64 active); best E007 all-case mean +0.026 active 64/128; top5: {7: 0.026}
01:00:32 L24 set strict: 1 candidates (>= 64 active); best E007 all-case mean +0.024 active 69/128; top5: {7: 0.024}
01:00:32 L24 set relaxed: 1 candidates (>= 128 active); best E007 all-case mean +0.044 active 133/256; top5: {7: 0.044}
01:00:32 L25 set paper: 1 candidates (>= 64 active); best E003 all-case mean +0.056 active 72/128; top5: {3: 0.056}
01:00:32 L25 set strict: 1 candidates (>= 64 active); best E003 all-case mean +0.081 active 73/128; top5: {3: 0.081}
01:00:32 L25 set relaxed: 1 candidates (>= 128 active); best E003 all-case mean +0.083 active 151/256; top5: {3: 0.083}
01:00:32 L26 set paper: 1 candidates (>= 64 active); best E003 all-case mean +0.041 active 64/128; top5: {3: 0.041}
01:00:32 L26 set strict: 1 candidates (>= 64 active); best E003 all-case mean +0.062 active 72/128; top5: {3: 0.062}
01:00:32 L26 set relaxed: 1 candidates (>= 128 active); best E003 all-case mean +0.051 active 143/256; top5: {3: 0.051}
01:00:32 L27 set paper: no candidate meets the recurrence threshold; max activity 55
01:00:32 L27 set strict: no candidate meets the recurrence threshold; max activity 62
01:00:32 L27 set relaxed: 1 candidates (>= 128 active); best E007 all-case mean +0.069 active 132/256; top5: {7: 0.069}
01:00:32 L28 set paper: 1 candidates (>= 64 active); best E002 all-case mean +0.097 active 88/128; top5: {2: 0.097}
01:00:32 L28 set strict: 1 candidates (>= 64 active); best E002 all-case mean +0.098 active 84/128; top5: {2: 0.098}
01:00:32 L28 set relaxed: 1 candidates (>= 128 active); best E002 all-case mean +0.074 active 153/256; top5: {2: 0.074}
01:00:32 L29 set paper: 2 candidates (>= 64 active); best E004 all-case mean +0.059 active 103/128; top5: {4: 0.059, 3: -0.011}
01:00:32 L29 set strict: 2 candidates (>= 64 active); best E003 all-case mean -0.040 active 86/128; top5: {3: -0.04, 4: -0.045}
01:00:32 L29 set relaxed: 2 candidates (>= 128 active); best E003 all-case mean -0.002 active 184/256; top5: {3: -0.002, 4: -0.017}
01:00:32 L30 set paper: 1 candidates (>= 64 active); best E004 all-case mean +0.022 active 81/128; top5: {4: 0.022}
01:00:32 L30 set strict: 1 candidates (>= 64 active); best E004 all-case mean -0.015 active 82/128; top5: {4: -0.015}
01:00:32 L30 set relaxed: 1 candidates (>= 128 active); best E004 all-case mean -0.015 active 166/256; top5: {4: -0.015}
01:00:32 L31 set paper: 2 candidates (>= 64 active); best E007 all-case mean -0.007 active 101/128; top5: {7: -0.007, 2: -0.025}
01:00:32 L31 set strict: 2 candidates (>= 64 active); best E007 all-case mean -0.057 active 99/128; top5: {7: -0.057, 2: -0.097}
01:00:32 L31 set relaxed: 2 candidates (>= 128 active); best E007 all-case mean -0.055 active 210/256; top5: {7: -0.055, 2: -0.095}
01:00:32 chunk 4: wrote 23201 new rows; /home/ubuntu/MOE/results/mixtral_bos_alllayers/expert_rows.parquet now holds 91142 rows over layers [0, 1, 2, 3, 4, 5, 6, 7, 8, 9, 10, 11, 12, 13, 14, 15, 16, 17, 18, 19, 20, 21, 22, 23, 24, 25, 26, 27, 28, 29, 30, 31]
2026-09-14T01:00:40Z END   ext1-mixtral-bos-alllayers rc=0 (363s)
