2026-09-14T01:01:30Z START ext1-mixtral-nobos-alllayers (waited 50s): python scripts/run_expert.py mixtral --layers 0,1,2,3,4,5,6,7,8,9,10,11,12,13,14,15,16,17,18,19,20,21,22,23,24,25,26,27,28,29,30,31 --no-pairs --layer-chunks 4 --no-special-tokens --out mixtral_nobos_alllayers
01:01:40 mixtral: chunk 1/4: 256 cases, layers 0..7 (8), 512 prefill rows, 11561 spawn rows
01:01:47   layer   0: load-wait 6.48s compute 0.58s  wf_rows=1425
01:02:09   layer   8: load-wait 2.58s compute 0.32s  wf_rows=11561
01:02:30   layer  16: load-wait 1.90s compute 0.32s  wf_rows=11561
01:02:50   layer  24: load-wait 2.43s compute 0.32s  wf_rows=11561
01:03:10   layer  31: load-wait 2.61s compute 0.32s  wf_rows=11561
01:03:10   pass done: 512 prefill rows (T=18), 11561 spawn rows, 89.5s
01:03:10 pass time 89.7s
01:03:10 L0 set paper: 1 candidates (>= 64 active); best E004 all-case mean -0.038 active 75/128; top5: {4: -0.038}
01:03:10 L0 set strict: 1 candidates (>= 64 active); best E004 all-case mean -0.020 active 64/128; top5: {4: -0.02}
01:03:10 L0 set relaxed: no candidate meets the recurrence threshold; max activity 71
01:03:10 L1 set paper: no candidate meets the recurrence threshold; max activity 59
01:03:10 L1 set strict: no candidate meets the recurrence threshold; max activity 52
01:03:10 L1 set relaxed: no candidate meets the recurrence threshold; max activity 61
01:03:10 L2 set paper: no candidate meets the recurrence threshold; max activity 61
01:03:10 L2 set strict: no candidate meets the recurrence threshold; max activity 51
01:03:10 L2 set relaxed: no candidate meets the recurrence threshold; max activity 52
01:03:10 L3 set paper: no candidate meets the recurrence threshold; max activity 44
01:03:10 L3 set strict: no candidate meets the recurrence threshold; max activity 39
01:03:10 L3 set relaxed: no candidate meets the recurrence threshold; max activity 45
01:03:10 L4 set paper: 1 candidates (>= 64 active); best E007 all-case mean -0.033 active 84/128; top5: {7: -0.033}
01:03:10 L4 set strict: 1 candidates (>= 64 active); best E007 all-case mean -0.012 active 82/128; top5: {7: -0.012}
01:03:10 L4 set relaxed: no candidate meets the recurrence threshold; max activity 92
01:03:10 L5 set paper: 1 candidates (>= 64 active); best E000 all-case mean -0.016 active 73/128; top5: {0: -0.016}
01:03:10 L5 set strict: 1 candidates (>= 64 active); best E000 all-case mean +0.003 active 66/128; top5: {0: 0.003}
01:03:10 L5 set relaxed: no candidate meets the recurrence threshold; max activity 70
01:03:10 L6 set paper: 1 candidates (>= 64 active); best E007 all-case mean +0.020 active 78/128; top5: {7: 0.02}
01:03:10 L6 set strict: 1 candidates (>= 64 active); best E007 all-case mean +0.037 active 73/128; top5: {7: 0.037}
01:03:10 L6 set relaxed: no candidate meets the recurrence threshold; max activity 80
01:03:10 L7 set paper: no candidate meets the recurrence threshold; max activity 50
01:03:10 L7 set strict: no candidate meets the recurrence threshold; max activity 45
01:03:10 L7 set relaxed: no candidate meets the recurrence threshold; max activity 53
01:03:10 chunk 1: wrote 11561 new rows; /home/ubuntu/MOE/results/mixtral_nobos_alllayers/expert_rows.parquet now holds 11561 rows over layers [0, 1, 2, 3, 4, 5, 6, 7]
01:03:10 mixtral: chunk 2/4: 256 cases, layers 8..15 (8), 512 prefill rows, 11696 spawn rows
01:03:12   layer   0: load-wait 2.12s compute 0.14s  wf_rows=0
01:03:34   layer   8: load-wait 2.16s compute 0.14s  wf_rows=1465
01:03:53   layer  16: load-wait 2.16s compute 0.33s  wf_rows=11696
01:04:12   layer  24: load-wait 2.34s compute 0.32s  wf_rows=11696
01:04:28   layer  31: load-wait 2.03s compute 0.32s  wf_rows=11696
01:04:28   pass done: 512 prefill rows (T=18), 11696 spawn rows, 77.7s
01:04:28 pass time 77.8s
01:04:28 L8 set paper: 1 candidates (>= 64 active); best E004 all-case mean +0.014 active 74/128; top5: {4: 0.014}
01:04:28 L8 set strict: 1 candidates (>= 64 active); best E004 all-case mean +0.016 active 66/128; top5: {4: 0.016}
01:04:28 L8 set relaxed: no candidate meets the recurrence threshold; max activity 69
01:04:28 L9 set paper: 2 candidates (>= 64 active); best E004 all-case mean +0.001 active 77/128; top5: {4: 0.001, 0: -0.015}
01:04:28 L9 set strict: 2 candidates (>= 64 active); best E004 all-case mean +0.063 active 69/128; top5: {4: 0.063, 0: 0.021}
01:04:28 L9 set relaxed: no candidate meets the recurrence threshold; max activity 70
01:04:28 L10 set paper: 2 candidates (>= 64 active); best E004 all-case mean -0.011 active 70/128; top5: {4: -0.011, 7: -0.014}
01:04:28 L10 set strict: 2 candidates (>= 64 active); best E007 all-case mean +0.019 active 78/128; top5: {7: 0.019, 4: 0.002}
01:04:28 L10 set relaxed: no candidate meets the recurrence threshold; max activity 77
01:04:28 L11 set paper: 1 candidates (>= 64 active); best E006 all-case mean -0.026 active 98/128; top5: {6: -0.026}
01:04:28 L11 set strict: 1 candidates (>= 64 active); best E006 all-case mean -0.034 active 87/128; top5: {6: -0.034}
01:04:28 L11 set relaxed: no candidate meets the recurrence threshold; max activity 104
01:04:28 L12 set paper: no candidate meets the recurrence threshold; max activity 42
01:04:28 L12 set strict: no candidate meets the recurrence threshold; max activity 40
01:04:28 L12 set relaxed: no candidate meets the recurrence threshold; max activity 44
01:04:28 L13 set paper: no candidate meets the recurrence threshold; max activity 53
01:04:28 L13 set strict: no candidate meets the recurrence threshold; max activity 48
01:04:28 L13 set relaxed: no candidate meets the recurrence threshold; max activity 54
01:04:28 L14 set paper: 2 candidates (>= 64 active); best E001 all-case mean +0.016 active 68/128; top5: {1: 0.016, 5: 0.007}
01:04:28 L14 set strict: 1 candidates (>= 64 active); best E005 all-case mean +0.011 active 72/128; top5: {5: 0.011}
01:04:28 L14 set relaxed: no candidate meets the recurrence threshold; max activity 79
01:04:28 L15 set paper: no candidate meets the recurrence threshold; max activity 54
01:04:28 L15 set strict: no candidate meets the recurrence threshold; max activity 55
01:04:28 L15 set relaxed: no candidate meets the recurrence threshold; max activity 54
01:04:28 chunk 2: wrote 11696 new rows; /home/ubuntu/MOE/results/mixtral_nobos_alllayers/expert_rows.parquet now holds 23257 rows over layers [0, 1, 2, 3, 4, 5, 6, 7, 8, 9, 10, 11, 12, 13, 14, 15]
01:04:28 mixtral: chunk 3/4: 256 cases, layers 16..23 (8), 512 prefill rows, 11649 spawn rows
01:04:30   layer   0: load-wait 1.62s compute 0.14s  wf_rows=0
01:04:48   layer   8: load-wait 2.71s compute 0.13s  wf_rows=0
01:05:07   layer  16: load-wait 2.07s compute 0.15s  wf_rows=1450
01:05:26   layer  24: load-wait 1.78s compute 0.32s  wf_rows=11649
01:05:43   layer  31: load-wait 1.92s compute 0.32s  wf_rows=11649
01:05:43   pass done: 512 prefill rows (T=18), 11649 spawn rows, 75.3s
01:05:43 pass time 75.3s
01:05:44 L16 set paper: 1 candidates (>= 64 active); best E007 all-case mean +0.004 active 74/128; top5: {7: 0.004}
01:05:44 L16 set strict: 1 candidates (>= 64 active); best E007 all-case mean -0.007 active 72/128; top5: {7: -0.007}
01:05:44 L16 set relaxed: no candidate meets the recurrence threshold; max activity 78
01:05:44 L17 set paper: 1 candidates (>= 64 active); best E001 all-case mean +0.049 active 110/128; top5: {1: 0.049}
01:05:44 L17 set strict: 1 candidates (>= 64 active); best E001 all-case mean +0.061 active 100/128; top5: {1: 0.061}
01:05:44 L17 set relaxed: no candidate meets the recurrence threshold; max activity 102
01:05:44 L18 set paper: 2 candidates (>= 64 active); best E001 all-case mean +0.158 active 76/128; top5: {1: 0.158, 6: 0.026}
01:05:44 L18 set strict: 2 candidates (>= 64 active); best E001 all-case mean +0.154 active 76/128; top5: {1: 0.154, 6: 0.028}
01:05:44 L18 set relaxed: no candidate meets the recurrence threshold; max activity 79
01:05:44 L19 set paper: 1 candidates (>= 64 active); best E006 all-case mean +0.074 active 91/128; top5: {6: 0.074}
01:05:44 L19 set strict: 1 candidates (>= 64 active); best E006 all-case mean +0.092 active 82/128; top5: {6: 0.092}
01:05:44 L19 set relaxed: no candidate meets the recurrence threshold; max activity 85
01:05:44 L20 set paper: 2 candidates (>= 64 active); best E005 all-case mean +0.085 active 65/128; top5: {5: 0.085, 0: 0.039}
01:05:44 L20 set strict: no candidate meets the recurrence threshold; max activity 59
01:05:44 L20 set relaxed: no candidate meets the recurrence threshold; max activity 67
01:05:44 L21 set paper: 1 candidates (>= 64 active); best E000 all-case mean +0.027 active 64/128; top5: {0: 0.027}
01:05:44 L21 set strict: no candidate meets the recurrence threshold; max activity 63
01:05:44 L21 set relaxed: no candidate meets the recurrence threshold; max activity 64
01:05:44 L22 set paper: 1 candidates (>= 64 active); best E001 all-case mean +0.134 active 98/128; top5: {1: 0.134}
01:05:44 L22 set strict: 1 candidates (>= 64 active); best E001 all-case mean +0.115 active 91/128; top5: {1: 0.115}
01:05:44 L22 set relaxed: no candidate meets the recurrence threshold; max activity 95
01:05:44 L23 set paper: no candidate meets the recurrence threshold; max activity 57
01:05:44 L23 set strict: no candidate meets the recurrence threshold; max activity 48
01:05:44 L23 set relaxed: no candidate meets the recurrence threshold; max activity 57
01:05:44 chunk 3: wrote 11649 new rows; /home/ubuntu/MOE/results/mixtral_nobos_alllayers/expert_rows.parquet now holds 34906 rows over layers [0, 1, 2, 3, 4, 5, 6, 7, 8, 9, 10, 11, 12, 13, 14, 15, 16, 17, 18, 19, 20, 21, 22, 23]
01:05:44 mixtral: chunk 4/4: 256 cases, layers 24..31 (8), 512 prefill rows, 11654 spawn rows
01:05:46   layer   0: load-wait 1.70s compute 0.13s  wf_rows=0
01:06:03   layer   8: load-wait 2.57s compute 0.13s  wf_rows=0
01:06:22   layer  16: load-wait 2.13s compute 0.14s  wf_rows=0
01:06:38   layer  24: load-wait 1.82s compute 0.14s  wf_rows=1527
01:06:53   layer  31: load-wait 1.55s compute 0.31s  wf_rows=11654
01:06:53   pass done: 512 prefill rows (T=18), 11654 spawn rows, 69.0s
01:06:53 pass time 69.1s
01:06:55 L24 set paper: no candidate meets the recurrence threshold; max activity 55
01:06:55 L24 set strict: no candidate meets the recurrence threshold; max activity 46
01:06:55 L24 set relaxed: no candidate meets the recurrence threshold; max activity 50
01:06:55 L25 set paper: no candidate meets the recurrence threshold; max activity 45
01:06:55 L25 set strict: no candidate meets the recurrence threshold; max activity 42
01:06:55 L25 set relaxed: no candidate meets the recurrence threshold; max activity 47
01:06:55 L26 set paper: 1 candidates (>= 64 active); best E003 all-case mean +0.039 active 81/128; top5: {3: 0.039}
01:06:55 L26 set strict: 1 candidates (>= 64 active); best E003 all-case mean +0.044 active 82/128; top5: {3: 0.044}
01:06:55 L26 set relaxed: no candidate meets the recurrence threshold; max activity 89
01:06:55 L27 set paper: 2 candidates (>= 64 active); best E005 all-case mean +0.020 active 64/128; top5: {5: 0.02, 4: -0.031}
01:06:55 L27 set strict: 1 candidates (>= 64 active); best E004 all-case mean +0.002 active 70/128; top5: {4: 0.002}
01:06:55 L27 set relaxed: no candidate meets the recurrence threshold; max activity 80
01:06:55 L28 set paper: 1 candidates (>= 64 active); best E002 all-case mean +0.049 active 92/128; top5: {2: 0.049}
01:06:55 L28 set strict: 1 candidates (>= 64 active); best E002 all-case mean +0.050 active 84/128; top5: {2: 0.05}
01:06:55 L28 set relaxed: no candidate meets the recurrence threshold; max activity 88
01:06:55 L29 set paper: 2 candidates (>= 64 active); best E003 all-case mean +0.006 active 86/128; top5: {3: 0.006, 4: 0.006}
01:06:55 L29 set strict: 2 candidates (>= 64 active); best E003 all-case mean +0.012 active 81/128; top5: {3: 0.012, 4: -0.041}
01:06:55 L29 set relaxed: no candidate meets the recurrence threshold; max activity 111
01:06:55 L30 set paper: 1 candidates (>= 64 active); best E004 all-case mean -0.042 active 102/128; top5: {4: -0.042}
01:06:55 L30 set strict: 1 candidates (>= 64 active); best E004 all-case mean -0.032 active 90/128; top5: {4: -0.032}
01:06:55 L30 set relaxed: no candidate meets the recurrence threshold; max activity 98
01:06:55 L31 set paper: 2 candidates (>= 64 active); best E002 all-case mean -0.069 active 85/128; top5: {2: -0.069, 7: -0.087}
01:06:55 L31 set strict: 2 candidates (>= 64 active); best E002 all-case mean -0.071 active 81/128; top5: {2: -0.071, 7: -0.072}
01:06:55 L31 set relaxed: no candidate meets the recurrence threshold; max activity 87
01:06:55 chunk 4: wrote 11654 new rows; /home/ubuntu/MOE/results/mixtral_nobos_alllayers/expert_rows.parquet now holds 46560 rows over layers [0, 1, 2, 3, 4, 5, 6, 7, 8, 9, 10, 11, 12, 13, 14, 15, 16, 17, 18, 19, 20, 21, 22, 23, 24, 25, 26, 27, 28, 29, 30, 31]
2026-09-14T01:07:02Z END   ext1-mixtral-nobos-alllayers rc=0 (332s)
