2026-09-14T06:26:40Z START ext2zoo-qwen3_instruct_chat-expert (waited 1439s): python scripts/ext2_zoo_expert.py qwen3_instruct --protocol chat --resume
06:26:46 qwen3_instruct/chat -> qwen3_instruct_chat: 48 layers, 327869 spawn rows, 5 chunks
06:26:55 qwen3_instruct: chunk 1/5: 530 cases, layers 0..9 (10), 1060 prefill rows, 66580 spawn rows
06:27:00   layer   0: load-wait 4.19s compute 0.62s  wf_rows=6126
06:27:09   layer   8: load-wait 0.66s compute 0.64s  wf_rows=59929
06:27:19   layer  16: load-wait 0.53s compute 0.71s  wf_rows=66580
06:27:29   layer  24: load-wait 0.53s compute 0.71s  wf_rows=66580
06:27:39   layer  32: load-wait 0.53s compute 0.71s  wf_rows=66580
06:27:49   layer  40: load-wait 0.53s compute 0.71s  wf_rows=66580
06:27:59   layer  47: load-wait 1.05s compute 0.71s  wf_rows=66580
06:27:59   pass done: 1060 prefill rows (T=37), 66580 spawn rows, 64.3s
06:27:59 pass time 64.4s
06:28:00 L0 set paper: 7 candidates (>= 64 active); best E061 all-case mean +0.009 active 72/128; top5: {61: 0.009, 107: 0.008, 120: 0.004, 31: 0.003, 81: -0.003}
06:28:00 L0 set strict: 6 candidates (>= 64 active); best E093 all-case mean +0.008 active 78/128; top5: {93: 0.008, 31: 0.007, 120: 0.006, 107: 0.005, 81: -0.001}
06:28:00 L0 set relaxed: 7 candidates (>= 128 active); best E093 all-case mean +0.006 active 162/256; top5: {93: 0.006, 61: 0.002, 31: 0.002, 107: 0.001, 120: -0.005}
06:28:00 L1 set paper: 2 candidates (>= 64 active); best E086 all-case mean +0.000 active 77/128; top5: {86: 0.0, 83: -0.004}
06:28:00 L1 set strict: 2 candidates (>= 64 active); best E086 all-case mean +0.005 active 75/128; top5: {86: 0.005, 83: 0.003}
06:28:00 L1 set relaxed: 2 candidates (>= 128 active); best E083 all-case mean +0.002 active 168/256; top5: {83: 0.002, 86: 0.001}
06:28:00 L2 set paper: 4 candidates (>= 64 active); best E125 all-case mean +0.011 active 110/128; top5: {125: 0.011, 117: 0.006, 51: 0.006, 116: 0.001}
06:28:00 L2 set strict: 4 candidates (>= 64 active); best E117 all-case mean +0.018 active 85/128; top5: {117: 0.018, 125: 0.009, 51: 0.006, 116: -0.001}
06:28:00 L2 set relaxed: 4 candidates (>= 128 active); best E125 all-case mean +0.008 active 230/256; top5: {125: 0.008, 51: 0.006, 117: -0.0, 116: -0.001}
06:28:00 L3 set paper: 3 candidates (>= 64 active); best E025 all-case mean +0.001 active 100/128; top5: {25: 0.001, 1: -0.0, 76: -0.007}
06:28:00 L3 set strict: 2 candidates (>= 64 active); best E025 all-case mean +0.004 active 98/128; top5: {25: 0.004, 76: 0.004}
06:28:00 L3 set relaxed: 2 candidates (>= 128 active); best E025 all-case mean +0.008 active 186/256; top5: {25: 0.008, 76: -0.005}
06:28:00 L4 set paper: 5 candidates (>= 64 active); best E113 all-case mean +0.007 active 74/128; top5: {113: 0.007, 91: 0.002, 102: -0.001, 0: -0.002, 111: -0.004}
06:28:00 L4 set strict: 4 candidates (>= 64 active); best E111 all-case mean +0.012 active 83/128; top5: {111: 0.012, 113: 0.005, 0: 0.004, 91: -0.001}
06:28:00 L4 set relaxed: 4 candidates (>= 128 active); best E091 all-case mean +0.002 active 177/256; top5: {91: 0.002, 111: 0.002, 113: -0.002, 0: -0.007}
06:28:00 L5 set paper: 2 candidates (>= 64 active); best E080 all-case mean +0.018 active 89/128; top5: {80: 0.018, 111: 0.009}
06:28:00 L5 set strict: 2 candidates (>= 64 active); best E080 all-case mean +0.013 active 93/128; top5: {80: 0.013, 111: 0.009}
06:28:00 L5 set relaxed: 2 candidates (>= 128 active); best E080 all-case mean +0.009 active 177/256; top5: {80: 0.009, 111: 0.0}
06:28:00 L6 set paper: 4 candidates (>= 64 active); best E023 all-case mean +0.018 active 82/128; top5: {23: 0.018, 86: 0.007, 63: 0.006, 89: 0.002}
06:28:00 L6 set strict: 4 candidates (>= 64 active); best E023 all-case mean +0.014 active 85/128; top5: {23: 0.014, 63: 0.011, 89: 0.008, 86: 0.007}
06:28:00 L6 set relaxed: 4 candidates (>= 128 active); best E089 all-case mean +0.007 active 172/256; top5: {89: 0.007, 63: 0.003, 23: 0.0, 86: -0.0}
06:28:00 L7 set paper: 5 candidates (>= 64 active); best E045 all-case mean +0.017 active 71/128; top5: {45: 0.017, 5: 0.008, 33: 0.003, 72: 0.0, 100: -0.001}
06:28:00 L7 set strict: 5 candidates (>= 64 active); best E045 all-case mean +0.010 active 80/128; top5: {45: 0.01, 33: 0.008, 5: 0.004, 100: 0.004, 72: -0.006}
06:28:00 L7 set relaxed: 5 candidates (>= 128 active); best E005 all-case mean +0.015 active 170/256; top5: {5: 0.015, 45: 0.011, 33: 0.0, 72: -0.0, 100: -0.008}
06:28:00 L8 set paper: 6 candidates (>= 64 active); best E028 all-case mean +0.009 active 72/128; top5: {28: 0.009, 99: 0.007, 90: 0.003, 27: 0.001, 44: 0.001}
06:28:00 L8 set strict: 5 candidates (>= 64 active); best E044 all-case mean +0.013 active 92/128; top5: {44: 0.013, 99: 0.012, 90: 0.008, 28: 0.005, 127: -0.005}
06:28:00 L8 set relaxed: 5 candidates (>= 128 active); best E044 all-case mean +0.005 active 176/256; top5: {44: 0.005, 90: 0.005, 28: 0.001, 99: 0.0, 127: -0.008}
06:28:00 L9 set paper: 4 candidates (>= 64 active); best E076 all-case mean +0.005 active 71/128; top5: {76: 0.005, 0: 0.002, 43: -0.002, 111: -0.004}
06:28:00 L9 set strict: 5 candidates (>= 64 active); best E000 all-case mean +0.017 active 116/128; top5: {0: 0.017, 111: 0.008, 80: 0.007, 76: 0.004, 71: -0.005}
06:28:00 L9 set relaxed: 4 candidates (>= 128 active); best E071 all-case mean +0.006 active 135/256; top5: {71: 0.006, 76: 0.003, 111: 0.001, 0: -0.003}
06:28:00 chunk 1: wrote 66580 new rows; /home/ubuntu/MOE/results/qwen3_instruct_chat/expert_rows.parquet now holds 66580 rows over layers [0, 1, 2, 3, 4, 5, 6, 7, 8, 9]
06:28:00 qwen3_instruct: chunk 2/5: 530 cases, layers 10..19 (10), 1060 prefill rows, 69435 spawn rows
06:28:01   layer   0: load-wait 0.53s compute 0.18s  wf_rows=0
06:28:06   layer   8: load-wait 0.32s compute 0.18s  wf_rows=0
06:28:11   layer  16: load-wait 0.10s compute 0.55s  wf_rows=47530
06:28:18   layer  24: load-wait 0.11s compute 0.73s  wf_rows=69435
06:28:24   layer  32: load-wait 0.11s compute 0.73s  wf_rows=69435
06:28:32   layer  40: load-wait 0.10s compute 0.73s  wf_rows=69435
06:28:38   layer  47: load-wait 0.11s compute 0.73s  wf_rows=69435
06:28:38   pass done: 1060 prefill rows (T=37), 69435 spawn rows, 37.5s
06:28:38 pass time 37.5s
06:28:40 L10 set paper: 4 candidates (>= 64 active); best E083 all-case mean -0.000 active 75/128; top5: {83: -0.0, 18: -0.002, 30: -0.004, 14: -0.013}
06:28:40 L10 set strict: 4 candidates (>= 64 active); best E018 all-case mean +0.014 active 88/128; top5: {18: 0.014, 14: 0.013, 30: 0.007, 83: -0.001}
06:28:40 L10 set relaxed: 4 candidates (>= 128 active); best E014 all-case mean +0.008 active 221/256; top5: {14: 0.008, 30: 0.005, 18: 0.002, 83: -0.003}
06:28:40 L11 set paper: 5 candidates (>= 64 active); best E086 all-case mean +0.004 active 75/128; top5: {86: 0.004, 115: -0.004, 58: -0.004, 13: -0.01, 60: -0.015}
06:28:40 L11 set strict: 6 candidates (>= 64 active); best E086 all-case mean +0.008 active 83/128; top5: {86: 0.008, 105: 0.004, 115: 0.001, 13: -0.002, 58: -0.005}
06:28:40 L11 set relaxed: 6 candidates (>= 128 active); best E115 all-case mean +0.004 active 233/256; top5: {115: 0.004, 105: -0.002, 86: -0.002, 58: -0.002, 13: -0.002}
06:28:40 L12 set paper: 7 candidates (>= 64 active); best E046 all-case mean +0.008 active 94/128; top5: {46: 0.008, 2: 0.003, 42: 0.002, 115: -0.002, 69: -0.003}
06:28:40 L12 set strict: 7 candidates (>= 64 active); best E002 all-case mean +0.014 active 102/128; top5: {2: 0.014, 42: 0.01, 46: 0.007, 53: 0.007, 34: 0.005}
06:28:40 L12 set relaxed: 7 candidates (>= 128 active); best E034 all-case mean +0.008 active 130/256; top5: {34: 0.008, 42: 0.004, 46: 0.002, 2: 0.001, 53: 0.001}
06:28:40 L13 set paper: 6 candidates (>= 64 active); best E010 all-case mean +0.010 active 113/128; top5: {10: 0.01, 55: -0.002, 24: -0.003, 44: -0.004, 106: -0.004}
06:28:40 L13 set strict: 6 candidates (>= 64 active); best E044 all-case mean +0.011 active 103/128; top5: {44: 0.011, 10: 0.007, 106: 0.005, 24: -0.0, 55: -0.004}
06:28:40 L13 set relaxed: 6 candidates (>= 128 active); best E044 all-case mean +0.006 active 214/256; top5: {44: 0.006, 10: 0.004, 106: 0.002, 121: -0.004, 24: -0.007}
06:28:40 L14 set paper: 6 candidates (>= 64 active); best E055 all-case mean -0.002 active 74/128; top5: {55: -0.002, 3: -0.002, 28: -0.004, 110: -0.005, 57: -0.012}
06:28:40 L14 set strict: 6 candidates (>= 64 active); best E028 all-case mean +0.007 active 80/128; top5: {28: 0.007, 3: 0.006, 110: 0.005, 57: -0.004, 38: -0.004}
06:28:40 L14 set relaxed: 6 candidates (>= 128 active); best E057 all-case mean +0.005 active 197/256; top5: {57: 0.005, 28: 0.003, 3: 0.0, 110: 0.0, 38: 0.0}
06:28:40 L15 set paper: 6 candidates (>= 64 active); best E040 all-case mean +0.001 active 127/128; top5: {40: 0.001, 61: 0.0, 34: -0.001, 3: -0.002, 16: -0.002}
06:28:40 L15 set strict: 6 candidates (>= 64 active); best E040 all-case mean +0.013 active 126/128; top5: {40: 0.013, 6: 0.006, 16: 0.004, 34: 0.002, 121: 0.001}
06:28:40 L15 set relaxed: 5 candidates (>= 128 active); best E040 all-case mean +0.002 active 247/256; top5: {40: 0.002, 121: -0.001, 16: -0.001, 3: -0.003, 6: -0.013}
06:28:40 L16 set paper: 4 candidates (>= 64 active); best E030 all-case mean +0.012 active 86/128; top5: {30: 0.012, 127: 0.009, 115: 0.002, 121: -0.006}
06:28:40 L16 set strict: 5 candidates (>= 64 active); best E030 all-case mean +0.009 active 77/128; top5: {30: 0.009, 115: 0.007, 127: 0.007, 75: 0.001, 121: -0.01}
06:28:40 L16 set relaxed: 5 candidates (>= 128 active); best E030 all-case mean +0.011 active 160/256; top5: {30: 0.011, 115: 0.005, 127: 0.003, 121: 0.002, 75: -0.001}
06:28:40 L17 set paper: 5 candidates (>= 64 active); best E103 all-case mean +0.003 active 74/128; top5: {103: 0.003, 9: -0.001, 14: -0.008, 45: -0.011, 82: -0.014}
06:28:40 L17 set strict: 6 candidates (>= 64 active); best E103 all-case mean +0.015 active 74/128; top5: {103: 0.015, 9: 0.009, 112: 0.003, 82: 0.002, 45: 0.0}
06:28:40 L17 set relaxed: 5 candidates (>= 128 active); best E112 all-case mean +0.004 active 150/256; top5: {112: 0.004, 14: 0.0, 9: 0.0, 45: -0.006, 103: -0.007}
06:28:40 L18 set paper: 3 candidates (>= 64 active); best E089 all-case mean +0.007 active 74/128; top5: {89: 0.007, 86: -0.003, 22: -0.004}
06:28:40 L18 set strict: 4 candidates (>= 64 active); best E022 all-case mean +0.013 active 64/128; top5: {22: 0.013, 63: 0.007, 86: 0.007, 89: 0.006}
06:28:40 L18 set relaxed: 3 candidates (>= 128 active); best E089 all-case mean +0.010 active 171/256; top5: {89: 0.01, 86: -0.0, 23: -0.003}
06:28:40 L19 set paper: 4 candidates (>= 64 active); best E100 all-case mean +0.003 active 70/128; top5: {100: 0.003, 82: 0.003, 33: 0.002, 5: -0.013}
06:28:40 L19 set strict: 5 candidates (>= 64 active); best E082 all-case mean +0.017 active 65/128; top5: {82: 0.017, 100: 0.011, 5: 0.0, 45: -0.003, 33: -0.004}
06:28:40 L19 set relaxed: 5 candidates (>= 128 active); best E005 all-case mean +0.005 active 156/256; top5: {5: 0.005, 82: 0.004, 33: 0.001, 45: 0.0, 100: -0.002}
06:28:40 chunk 2: wrote 69435 new rows; /home/ubuntu/MOE/results/qwen3_instruct_chat/expert_rows.parquet now holds 136015 rows over layers [0, 1, 2, 3, 4, 5, 6, 7, 8, 9, 10, 11, 12, 13, 14, 15, 16, 17, 18, 19]
06:28:40 qwen3_instruct: chunk 3/5: 530 cases, layers 20..29 (10), 1060 prefill rows, 69393 spawn rows
06:28:41   layer   0: load-wait 0.68s compute 0.18s  wf_rows=0
06:28:49   layer   8: load-wait 0.94s compute 0.18s  wf_rows=0
06:28:56   layer  16: load-wait 0.86s compute 0.18s  wf_rows=0
06:29:05   layer  24: load-wait 0.80s compute 0.44s  wf_rows=35076
06:29:15   layer  32: load-wait 0.17s compute 0.73s  wf_rows=69393
06:29:23   layer  40: load-wait 0.10s compute 0.73s  wf_rows=69393
06:29:31   layer  47: load-wait 0.34s compute 0.73s  wf_rows=69393
06:29:31   pass done: 1060 prefill rows (T=37), 69393 spawn rows, 51.3s
06:29:31 pass time 51.3s
06:29:32 L20 set paper: 4 candidates (>= 64 active); best E032 all-case mean +0.003 active 65/128; top5: {32: 0.003, 99: -0.0, 127: -0.0, 38: -0.008}
06:29:32 L20 set strict: 3 candidates (>= 64 active); best E044 all-case mean -0.004 active 69/128; top5: {44: -0.004, 99: -0.007, 38: -0.015}
06:29:32 L20 set relaxed: 4 candidates (>= 128 active); best E038 all-case mean +0.002 active 199/256; top5: {38: 0.002, 127: -0.001, 44: -0.002, 99: -0.003}
06:29:32 L21 set paper: 5 candidates (>= 64 active); best E000 all-case mean +0.021 active 110/128; top5: {0: 0.021, 80: 0.0, 76: -0.0, 111: -0.0, 10: -0.003}
06:29:32 L21 set strict: 5 candidates (>= 64 active); best E000 all-case mean +0.015 active 112/128; top5: {0: 0.015, 76: 0.003, 10: 0.001, 80: 0.0, 111: -0.004}
06:29:32 L21 set relaxed: 6 candidates (>= 128 active); best E010 all-case mean +0.010 active 143/256; top5: {10: 0.01, 80: 0.004, 76: 0.003, 0: 0.002, 71: -0.0}
06:29:32 L22 set paper: 4 candidates (>= 64 active); best E098 all-case mean +0.003 active 68/128; top5: {98: 0.003, 69: 0.002, 14: -0.003, 85: -0.005}
06:29:32 L22 set strict: 5 candidates (>= 64 active); best E018 all-case mean +0.001 active 66/128; top5: {18: 0.001, 85: -0.0, 98: -0.002, 14: -0.007, 69: -0.01}
06:29:32 L22 set relaxed: 4 candidates (>= 128 active); best E069 all-case mean +0.002 active 254/256; top5: {69: 0.002, 98: -0.002, 18: -0.004, 14: -0.004}
06:29:32 L23 set paper: 6 candidates (>= 64 active); best E060 all-case mean +0.013 active 122/128; top5: {60: 0.013, 58: -0.0, 96: -0.001, 115: -0.001, 21: -0.003}
06:29:32 L23 set strict: 6 candidates (>= 64 active); best E060 all-case mean -0.000 active 122/128; top5: {60: -0.0, 115: -0.001, 58: -0.001, 21: -0.002, 13: -0.005}
06:29:32 L23 set relaxed: 6 candidates (>= 128 active); best E060 all-case mean +0.012 active 248/256; top5: {60: 0.012, 21: 0.003, 96: 0.002, 13: -0.001, 58: -0.001}
06:29:32 L24 set paper: 5 candidates (>= 64 active); best E002 all-case mean +0.005 active 104/128; top5: {2: 0.005, 34: 0.004, 69: 0.002, 9: 0.001, 46: -0.0}
06:29:32 L24 set strict: 6 candidates (>= 64 active); best E053 all-case mean +0.002 active 77/128; top5: {53: 0.002, 2: 0.001, 34: -0.001, 69: -0.003, 9: -0.009}
06:29:32 L24 set relaxed: 6 candidates (>= 128 active); best E034 all-case mean +0.007 active 184/256; top5: {34: 0.007, 2: 0.003, 9: 0.002, 46: 0.0, 69: -0.002}
06:29:32 L25 set paper: 6 candidates (>= 64 active); best E044 all-case mean +0.012 active 92/128; top5: {44: 0.012, 55: 0.002, 77: -0.0, 91: -0.005, 106: -0.01}
06:29:32 L25 set strict: 6 candidates (>= 64 active); best E044 all-case mean +0.008 active 93/128; top5: {44: 0.008, 106: 0.0, 121: -0.004, 71: -0.006, 77: -0.006}
06:29:32 L25 set relaxed: 5 candidates (>= 128 active); best E044 all-case mean +0.012 active 190/256; top5: {44: 0.012, 91: 0.006, 121: 0.002, 77: -0.0, 106: -0.004}
06:29:32 L26 set paper: 7 candidates (>= 64 active); best E115 all-case mean +0.014 active 76/128; top5: {115: 0.014, 55: 0.002, 38: -0.003, 53: -0.004, 57: -0.007}
06:29:32 L26 set strict: 5 candidates (>= 64 active); best E055 all-case mean +0.008 active 82/128; top5: {55: 0.008, 38: 0.005, 57: 0.004, 115: 0.001, 110: -0.016}
06:29:32 L26 set relaxed: 5 candidates (>= 128 active); best E057 all-case mean +0.008 active 219/256; top5: {57: 0.008, 55: 0.005, 115: 0.005, 110: 0.001, 38: -0.003}
06:29:32 L27 set paper: 6 candidates (>= 64 active); best E121 all-case mean +0.015 active 70/128; top5: {121: 0.015, 40: 0.011, 16: 0.006, 34: 0.0, 6: -0.006}
06:29:32 L27 set strict: 6 candidates (>= 64 active); best E121 all-case mean +0.010 active 74/128; top5: {121: 0.01, 40: 0.008, 16: 0.003, 34: 0.003, 6: -0.0}
06:29:32 L27 set relaxed: 6 candidates (>= 128 active); best E121 all-case mean +0.007 active 157/256; top5: {121: 0.007, 34: 0.003, 6: 0.003, 40: 0.0, 16: -0.0}
06:29:32 L28 set paper: 6 candidates (>= 64 active); best E030 all-case mean +0.104 active 110/128; top5: {30: 0.104, 127: 0.075, 89: 0.007, 14: 0.003, 121: 0.001}
06:29:32 L28 set strict: 6 candidates (>= 64 active); best E030 all-case mean +0.088 active 106/128; top5: {30: 0.088, 127: 0.047, 89: 0.009, 80: 0.005, 75: 0.001}
06:29:32 L28 set relaxed: 6 candidates (>= 128 active); best E030 all-case mean +0.078 active 216/256; top5: {30: 0.078, 127: 0.053, 89: 0.004, 75: 0.003, 121: 0.002}
06:29:32 L29 set paper: 5 candidates (>= 64 active); best E001 all-case mean +0.041 active 92/128; top5: {1: 0.041, 82: 0.012, 121: 0.0, 45: -0.002, 9: -0.004}
06:29:32 L29 set strict: 5 candidates (>= 64 active); best E001 all-case mean +0.024 active 87/128; top5: {1: 0.024, 82: 0.006, 9: 0.004, 112: 0.0, 45: 0.0}
06:29:32 L29 set relaxed: 4 candidates (>= 128 active); best E001 all-case mean +0.038 active 175/256; top5: {1: 0.038, 82: 0.013, 9: 0.009, 45: 0.006}
06:29:32 chunk 3: wrote 69393 new rows; /home/ubuntu/MOE/results/qwen3_instruct_chat/expert_rows.parquet now holds 205408 rows over layers [0, 1, 2, 3, 4, 5, 6, 7, 8, 9, 10, 11, 12, 13, 14, 15, 16, 17, 18, 19, 20, 21, 22, 23, 24, 25, 26, 27, 28, 29]
06:29:32 qwen3_instruct: chunk 4/5: 530 cases, layers 30..38 (9), 1060 prefill rows, 62271 spawn rows
06:29:34   layer   0: load-wait 0.59s compute 0.89s  wf_rows=0
06:29:38   layer   8: load-wait 0.29s compute 0.18s  wf_rows=0
06:29:44   layer  16: load-wait 0.60s compute 0.18s  wf_rows=0
06:29:51   layer  24: load-wait 0.70s compute 0.18s  wf_rows=0
06:29:57   layer  32: load-wait 0.23s compute 0.33s  wf_rows=22088
06:30:04   layer  40: load-wait 0.29s compute 0.67s  wf_rows=62271
06:30:10   layer  47: load-wait 0.25s compute 0.67s  wf_rows=62271
06:30:10   pass done: 1060 prefill rows (T=37), 62271 spawn rows, 37.6s
06:30:10 pass time 37.7s
06:30:13 L30 set paper: 2 candidates (>= 64 active); best E089 all-case mean +0.044 active 73/128; top5: {89: 0.044, 22: 0.004}
06:30:13 L30 set strict: 3 candidates (>= 64 active); best E089 all-case mean +0.030 active 87/128; top5: {89: 0.03, 22: 0.022, 54: -0.005}
06:30:13 L30 set relaxed: 3 candidates (>= 128 active); best E089 all-case mean +0.037 active 165/256; top5: {89: 0.037, 22: 0.001, 54: -0.007}
06:30:13 L31 set paper: 4 candidates (>= 64 active); best E033 all-case mean +0.016 active 88/128; top5: {33: 0.016, 82: 0.016, 100: 0.005, 5: -0.003}
06:30:13 L31 set strict: 4 candidates (>= 64 active); best E033 all-case mean +0.017 active 95/128; top5: {33: 0.017, 100: 0.004, 82: 0.002, 5: -0.005}
06:30:13 L31 set relaxed: 4 candidates (>= 128 active); best E082 all-case mean +0.004 active 147/256; top5: {82: 0.004, 33: -0.0, 100: -0.004, 5: -0.007}
06:30:13 L32 set paper: 4 candidates (>= 64 active); best E032 all-case mean +0.029 active 81/128; top5: {32: 0.029, 99: 0.002, 38: -0.007, 100: -0.013}
06:30:13 L32 set strict: 5 candidates (>= 64 active); best E032 all-case mean +0.039 active 79/128; top5: {32: 0.039, 99: -0.0, 44: -0.002, 38: -0.009, 100: -0.011}
06:30:13 L32 set relaxed: 5 candidates (>= 128 active); best E032 all-case mean +0.051 active 155/256; top5: {32: 0.051, 44: 0.003, 38: 0.0, 99: -0.0, 100: -0.004}
06:30:13 L33 set paper: 6 candidates (>= 64 active); best E076 all-case mean +0.087 active 91/128; top5: {76: 0.087, 80: 0.028, 111: 0.008, 0: 0.005, 105: 0.002}
06:30:13 L33 set strict: 5 candidates (>= 64 active); best E076 all-case mean +0.063 active 92/128; top5: {76: 0.063, 80: 0.019, 111: 0.013, 0: 0.011, 17: -0.003}
06:30:13 L33 set relaxed: 5 candidates (>= 128 active); best E076 all-case mean +0.095 active 188/256; top5: {76: 0.095, 111: 0.006, 0: 0.005, 71: 0.003, 17: -0.002}
06:30:13 L34 set paper: 5 candidates (>= 64 active); best E094 all-case mean +0.071 active 105/128; top5: {94: 0.071, 14: 0.017, 69: 0.007, 18: 0.002, 98: -0.004}
06:30:13 L34 set strict: 5 candidates (>= 64 active); best E094 all-case mean +0.042 active 101/128; top5: {94: 0.042, 69: 0.018, 14: 0.016, 18: 0.003, 98: 0.0}
06:30:13 L34 set relaxed: 5 candidates (>= 128 active); best E094 all-case mean +0.065 active 198/256; top5: {94: 0.065, 69: 0.022, 18: 0.008, 98: 0.002, 14: 0.002}
06:30:13 L35 set paper: 5 candidates (>= 64 active); best E013 all-case mean +0.007 active 88/128; top5: {13: 0.007, 58: 0.004, 90: 0.003, 115: 0.002, 60: -0.007}
06:30:13 L35 set strict: 6 candidates (>= 64 active); best E090 all-case mean +0.012 active 71/128; top5: {90: 0.012, 13: 0.007, 115: 0.004, 58: 0.0, 60: -0.003}
06:30:13 L35 set relaxed: 5 candidates (>= 128 active); best E090 all-case mean +0.009 active 141/256; top5: {90: 0.009, 115: 0.008, 58: 0.004, 13: 0.0, 60: -0.006}
06:30:13 L36 set paper: 5 candidates (>= 64 active); best E002 all-case mean +0.025 active 111/128; top5: {2: 0.025, 46: 0.009, 69: 0.007, 73: 0.006, 27: 0.001}
06:30:13 L36 set strict: 5 candidates (>= 64 active); best E002 all-case mean +0.029 active 111/128; top5: {2: 0.029, 69: 0.015, 73: 0.01, 46: 0.008, 27: 0.001}
06:30:13 L36 set relaxed: 5 candidates (>= 128 active); best E002 all-case mean +0.015 active 219/256; top5: {2: 0.015, 46: 0.008, 69: 0.004, 73: 0.004, 27: 0.0}
06:30:13 L37 set paper: 6 candidates (>= 64 active); best E104 all-case mean +0.023 active 94/128; top5: {104: 0.023, 106: 0.014, 91: 0.003, 55: 0.003, 121: 0.001}
06:30:13 L37 set strict: 6 candidates (>= 64 active); best E104 all-case mean +0.032 active 100/128; top5: {104: 0.032, 106: 0.018, 121: 0.009, 91: 0.004, 10: 0.004}
06:30:13 L37 set relaxed: 6 candidates (>= 128 active); best E104 all-case mean +0.020 active 195/256; top5: {104: 0.02, 106: 0.011, 91: 0.007, 10: 0.005, 121: 0.003}
06:30:13 L38 set paper: 7 candidates (>= 64 active); best E057 all-case mean +0.050 active 84/128; top5: {57: 0.05, 38: 0.048, 3: 0.011, 84: 0.011, 28: 0.005}
06:30:13 L38 set strict: 7 candidates (>= 64 active); best E057 all-case mean +0.052 active 92/128; top5: {57: 0.052, 38: 0.033, 84: 0.012, 3: 0.007, 55: 0.005}
06:30:13 L38 set relaxed: 7 candidates (>= 128 active); best E057 all-case mean +0.052 active 177/256; top5: {57: 0.052, 38: 0.031, 55: 0.013, 3: 0.008, 84: 0.005}
06:30:13 chunk 4: wrote 62271 new rows; /home/ubuntu/MOE/results/qwen3_instruct_chat/expert_rows.parquet now holds 267679 rows over layers [0, 1, 2, 3, 4, 5, 6, 7, 8, 9, 10, 11, 12, 13, 14, 15, 16, 17, 18, 19, 20, 21, 22, 23, 24, 25, 26, 27, 28, 29, 30, 31, 32, 33, 34, 35, 36, 37, 38]
06:30:13 qwen3_instruct: chunk 5/5: 530 cases, layers 39..47 (9), 1060 prefill rows, 60190 spawn rows
06:30:14   layer   0: load-wait 0.52s compute 0.18s  wf_rows=0
06:30:19   layer   8: load-wait 0.45s compute 0.18s  wf_rows=0
06:30:25   layer  16: load-wait 0.63s compute 0.18s  wf_rows=0
06:30:32   layer  24: load-wait 0.62s compute 0.18s  wf_rows=0
06:30:38   layer  32: load-wait 0.47s compute 0.18s  wf_rows=0
06:30:44   layer  40: load-wait 0.54s compute 0.26s  wf_rows=13191
06:30:51   layer  47: load-wait 0.39s compute 0.65s  wf_rows=60190
06:30:51   pass done: 1060 prefill rows (T=37), 60190 spawn rows, 38.1s
06:30:51 pass time 38.2s
06:30:54 L39 set paper: 7 candidates (>= 64 active); best E040 all-case mean +0.022 active 124/128; top5: {40: 0.022, 6: 0.008, 34: 0.005, 3: 0.001, 89: -0.001}
06:30:54 L39 set strict: 5 candidates (>= 64 active); best E040 all-case mean +0.017 active 119/128; top5: {40: 0.017, 3: 0.012, 89: 0.009, 6: 0.006, 34: 0.002}
06:30:54 L39 set relaxed: 6 candidates (>= 128 active); best E040 all-case mean +0.017 active 241/256; top5: {40: 0.017, 3: 0.005, 34: 0.004, 89: 0.0, 31: -0.002}
06:30:54 L40 set paper: 6 candidates (>= 64 active); best E030 all-case mean +0.191 active 87/128; top5: {30: 0.191, 127: 0.174, 105: 0.026, 20: 0.007, 121: 0.006}
06:30:54 L40 set strict: 6 candidates (>= 64 active); best E030 all-case mean +0.173 active 83/128; top5: {30: 0.173, 127: 0.126, 105: 0.031, 121: 0.007, 115: 0.004}
06:30:54 L40 set relaxed: 6 candidates (>= 128 active); best E127 all-case mean +0.167 active 181/256; top5: {127: 0.167, 30: 0.146, 105: 0.03, 115: 0.009, 20: 0.003}
06:30:54 L41 set paper: 6 candidates (>= 64 active); best E001 all-case mean +0.183 active 112/128; top5: {1: 0.183, 9: 0.024, 121: 0.017, 14: 0.005, 45: -0.002}
06:30:54 L41 set strict: 4 candidates (>= 64 active); best E001 all-case mean +0.169 active 106/128; top5: {1: 0.169, 45: 0.008, 14: 0.002, 97: -0.003}
06:30:54 L41 set relaxed: 5 candidates (>= 128 active); best E001 all-case mean +0.174 active 219/256; top5: {1: 0.174, 9: 0.017, 45: 0.0, 14: -0.0, 97: -0.008}
06:30:54 L42 set paper: 5 candidates (>= 64 active); best E115 all-case mean +0.639 active 124/128; top5: {115: 0.639, 23: 0.019, 101: 0.006, 65: 0.003, 55: -0.005}
06:30:54 L42 set strict: 5 candidates (>= 64 active); best E115 all-case mean +0.644 active 120/128; top5: {115: 0.644, 16: 0.035, 101: 0.01, 23: 0.004, 65: -0.003}
06:30:54 L42 set relaxed: 6 candidates (>= 128 active); best E115 all-case mean +0.614 active 243/256; top5: {115: 0.614, 16: 0.019, 55: 0.01, 23: 0.009, 101: 0.005}
06:30:54 L43 set paper: 6 candidates (>= 64 active); best E005 all-case mean +0.204 active 77/128; top5: {5: 0.204, 46: 0.183, 104: 0.118, 36: 0.08, 37: 0.042}
06:30:54 L43 set strict: 7 candidates (>= 64 active); best E005 all-case mean +0.150 active 76/128; top5: {5: 0.15, 46: 0.127, 104: 0.115, 36: 0.042, 37: 0.033}
06:30:54 L43 set relaxed: 5 candidates (>= 128 active); best E005 all-case mean +0.164 active 154/256; top5: {5: 0.164, 46: 0.15, 104: 0.119, 36: 0.062, 4: 0.013}
06:30:54 L44 set paper: 5 candidates (>= 64 active); best E069 all-case mean +0.630 active 112/128; top5: {69: 0.63, 27: 0.053, 54: 0.012, 71: 0.011, 56: -0.01}
06:30:54 L44 set strict: 6 candidates (>= 64 active); best E069 all-case mean +0.614 active 109/128; top5: {69: 0.614, 6: 0.125, 27: 0.079, 56: 0.01, 71: 0.009}
06:30:54 L44 set relaxed: 6 candidates (>= 128 active); best E069 all-case mean +0.649 active 222/256; top5: {69: 0.649, 6: 0.209, 27: 0.059, 54: 0.005, 71: 0.004}
06:30:54 L45 set paper: 5 candidates (>= 64 active); best E012 all-case mean +0.001 active 84/128; top5: {12: 0.001, 127: -0.006, 37: -0.011, 2: -0.052, 27: -0.119}
06:30:54 L45 set strict: 5 candidates (>= 64 active); best E037 all-case mean +0.002 active 80/128; top5: {37: 0.002, 127: 0.002, 12: -0.006, 2: -0.028, 27: -0.081}
06:30:54 L45 set relaxed: 5 candidates (>= 128 active); best E127 all-case mean +0.000 active 138/256; top5: {127: 0.0, 37: -0.01, 12: -0.011, 2: -0.019, 27: -0.113}
06:30:54 L46 set paper: 6 candidates (>= 64 active); best E055 all-case mean +0.016 active 119/128; top5: {55: 0.016, 67: 0.006, 127: 0.004, 60: -0.013, 117: -0.017}
06:30:54 L46 set strict: 6 candidates (>= 64 active); best E117 all-case mean +0.011 active 104/128; top5: {117: 0.011, 67: 0.001, 127: 0.001, 60: -0.002, 101: -0.02}
06:30:54 L46 set relaxed: 5 candidates (>= 128 active); best E060 all-case mean +0.006 active 151/256; top5: {60: 0.006, 67: -0.001, 55: -0.004, 101: -0.009, 117: -0.018}
06:30:54 L47 set paper: 7 candidates (>= 64 active); best E032 all-case mean +0.053 active 117/128; top5: {32: 0.053, 34: 0.047, 117: 0.045, 58: 0.021, 85: 0.014}
06:30:55 L47 set strict: 5 candidates (>= 64 active); best E034 all-case mean +0.060 active 111/128; top5: {34: 0.06, 117: 0.056, 32: 0.053, 85: 0.004, 86: -0.071}
06:30:55 L47 set relaxed: 6 candidates (>= 128 active); best E117 all-case mean +0.044 active 210/256; top5: {117: 0.044, 34: 0.044, 32: 0.043, 85: 0.009, 58: 0.005}
06:30:55 chunk 5: wrote 60190 new rows; /home/ubuntu/MOE/results/qwen3_instruct_chat/expert_rows.parquet now holds 327869 rows over layers [0, 1, 2, 3, 4, 5, 6, 7, 8, 9, 10, 11, 12, 13, 14, 15, 16, 17, 18, 19, 20, 21, 22, 23, 24, 25, 26, 27, 28, 29, 30, 31, 32, 33, 34, 35, 36, 37, 38, 39, 40, 41, 42, 43, 44, 45, 46, 47]
2026-09-14T06:31:02Z END   ext2zoo-qwen3_instruct_chat-expert rc=0 (262s)
