2026-09-14T06:38:33Z START ext2zoo-olmoe_instruct_chat-expert (waited 713s): python scripts/ext2_zoo_expert.py olmoe_instruct --protocol chat --resume
06:38:48 olmoe_instruct/chat -> olmoe_instruct_chat: 16 layers, 104969 spawn rows, 2 chunks
06:38:51 olmoe_instruct: chunk 1/2: 512 cases, layers 0..7 (8), 1024 prefill rows, 52243 spawn rows
06:38:54   layer   0: load-wait 1.54s compute 0.76s  wf_rows=6427
06:39:00   layer   8: load-wait 0.23s compute 0.62s  wf_rows=52243
06:39:05   layer  15: load-wait 0.22s compute 0.62s  wf_rows=52243
06:39:05   pass done: 1024 prefill rows (T=42), 52243 spawn rows, 13.8s
06:39:05 pass time 14.1s
06:39:06 L0 set strict: 2 candidates (>= 64 active); best E006 all-case mean -0.007 active 112/128; top5: {6: -0.007, 8: -0.014}
06:39:06 L0 set relaxed: 1 candidates (>= 128 active); best E006 all-case mean -0.005 active 211/256; top5: {6: -0.005}
06:39:06 L1 set strict: 2 candidates (>= 64 active); best E029 all-case mean +0.039 active 64/128; top5: {29: 0.039, 12: -0.022}
06:39:06 L1 set relaxed: 2 candidates (>= 128 active); best E012 all-case mean -0.000 active 153/256; top5: {12: -0.0, 29: -0.001}
06:39:06 L2 set strict: 4 candidates (>= 64 active); best E020 all-case mean +0.021 active 67/128; top5: {20: 0.021, 19: 0.003, 29: -0.0, 44: -0.021}
06:39:06 L2 set relaxed: 2 candidates (>= 128 active); best E020 all-case mean +0.004 active 141/256; top5: {20: 0.004, 44: -0.006}
06:39:06 L3 set strict: 4 candidates (>= 64 active); best E049 all-case mean +0.002 active 92/128; top5: {49: 0.002, 12: -0.002, 61: -0.008, 40: -0.018}
06:39:06 L3 set relaxed: 3 candidates (>= 128 active); best E040 all-case mean +0.017 active 173/256; top5: {40: 0.017, 49: 0.001, 61: -0.028}
06:39:06 L4 set strict: 5 candidates (>= 64 active); best E001 all-case mean +0.028 active 73/128; top5: {1: 0.028, 38: -0.002, 7: -0.006, 26: -0.011, 58: -0.075}
06:39:06 L4 set relaxed: 5 candidates (>= 128 active); best E001 all-case mean +0.012 active 141/256; top5: {1: 0.012, 7: 0.003, 58: -0.004, 38: -0.012, 26: -0.017}
06:39:06 L5 set strict: 5 candidates (>= 64 active); best E044 all-case mean +0.035 active 69/128; top5: {44: 0.035, 54: 0.026, 63: 0.014, 57: 0.006, 13: -0.0}
06:39:06 L5 set relaxed: 4 candidates (>= 128 active); best E054 all-case mean +0.024 active 163/256; top5: {54: 0.024, 44: 0.002, 63: -0.004, 13: -0.01}
06:39:06 L6 set strict: 3 candidates (>= 64 active); best E063 all-case mean -0.006 active 89/128; top5: {63: -0.006, 45: -0.009, 28: -0.022}
06:39:06 L6 set relaxed: 4 candidates (>= 128 active); best E063 all-case mean +0.022 active 161/256; top5: {63: 0.022, 45: 0.003, 36: -0.018, 28: -0.023}
06:39:06 L7 set strict: 6 candidates (>= 64 active); best E054 all-case mean +0.056 active 81/128; top5: {54: 0.056, 1: -0.012, 33: -0.015, 38: -0.024, 19: -0.026}
06:39:06 L7 set relaxed: 6 candidates (>= 128 active); best E054 all-case mean +0.008 active 147/256; top5: {54: 0.008, 19: 0.001, 52: -0.001, 33: -0.008, 38: -0.018}
06:39:06 chunk 1: wrote 52243 new rows; /home/ubuntu/MOE/results/olmoe_instruct_chat/expert_rows.parquet now holds 52243 rows over layers [0, 1, 2, 3, 4, 5, 6, 7]
06:39:06 olmoe_instruct: chunk 2/2: 512 cases, layers 8..15 (8), 1024 prefill rows, 52726 spawn rows
06:39:06   layer   0: load-wait 0.21s compute 0.21s  wf_rows=0
06:39:09   layer   8: load-wait 0.06s compute 0.22s  wf_rows=6720
06:39:12   layer  15: load-wait 0.06s compute 0.60s  wf_rows=52726
06:39:12   pass done: 1024 prefill rows (T=42), 52726 spawn rows, 6.0s
06:39:12 pass time 6.1s
06:39:13 L8 set strict: 5 candidates (>= 64 active); best E018 all-case mean +0.021 active 111/128; top5: {18: 0.021, 15: -0.001, 28: -0.012, 17: -0.014, 51: -0.043}
06:39:13 L8 set relaxed: 4 candidates (>= 128 active); best E015 all-case mean +0.060 active 226/256; top5: {15: 0.06, 18: 0.021, 28: 0.013, 51: -0.003}
06:39:13 L9 set strict: 8 candidates (>= 64 active); best E043 all-case mean +0.014 active 90/128; top5: {43: 0.014, 59: -0.003, 18: -0.007, 54: -0.007, 32: -0.01}
06:39:13 L9 set relaxed: 7 candidates (>= 128 active); best E054 all-case mean +0.032 active 156/256; top5: {54: 0.032, 43: 0.024, 50: 0.013, 18: 0.007, 61: 0.001}
06:39:13 L10 set strict: 7 candidates (>= 64 active); best E054 all-case mean +0.141 active 117/128; top5: {54: 0.141, 36: 0.04, 62: 0.03, 44: 0.024, 1: 0.007}
06:39:13 L10 set relaxed: 7 candidates (>= 128 active); best E054 all-case mean +0.190 active 227/256; top5: {54: 0.19, 14: 0.028, 36: 0.016, 22: 0.015, 1: 0.013}
06:39:13 L11 set strict: 8 candidates (>= 64 active); best E055 all-case mean +0.374 active 90/128; top5: {55: 0.374, 6: 0.087, 14: 0.042, 31: 0.016, 32: -0.002}
06:39:13 L11 set relaxed: 8 candidates (>= 128 active); best E055 all-case mean +0.390 active 175/256; top5: {55: 0.39, 6: 0.126, 32: 0.039, 8: 0.027, 43: 0.025}
06:39:13 L12 set strict: 6 candidates (>= 64 active); best E040 all-case mean +0.707 active 104/128; top5: {40: 0.707, 32: 0.234, 19: 0.101, 22: 0.043, 47: 0.021}
06:39:13 L12 set relaxed: 6 candidates (>= 128 active); best E040 all-case mean +0.559 active 208/256; top5: {40: 0.559, 32: 0.159, 19: 0.111, 47: 0.073, 0: 0.067}
06:39:13 L13 set strict: 3 candidates (>= 64 active); best E056 all-case mean +0.529 active 105/128; top5: {56: 0.529, 34: 0.011, 1: -0.002}
06:39:13 L13 set relaxed: 3 candidates (>= 128 active); best E056 all-case mean +0.806 active 207/256; top5: {56: 0.806, 1: 0.038, 34: -0.009}
06:39:13 L14 set strict: 7 candidates (>= 64 active); best E003 all-case mean +0.074 active 88/128; top5: {3: 0.074, 53: 0.057, 20: 0.009, 12: 0.001, 37: -0.023}
06:39:13 L14 set relaxed: 7 candidates (>= 128 active); best E003 all-case mean +0.095 active 176/256; top5: {3: 0.095, 53: 0.032, 20: 0.011, 12: 0.002, 37: -0.033}
06:39:13 L15 set strict: 5 candidates (>= 64 active); best E048 all-case mean +0.132 active 89/128; top5: {48: 0.132, 56: 0.034, 61: 0.02, 49: -0.008, 24: -0.009}
06:39:13 L15 set relaxed: 6 candidates (>= 128 active); best E056 all-case mean +0.053 active 174/256; top5: {56: 0.053, 61: 0.038, 48: 0.02, 24: 0.002, 59: 0.001}
06:39:13 chunk 2: wrote 52726 new rows; /home/ubuntu/MOE/results/olmoe_instruct_chat/expert_rows.parquet now holds 104969 rows over layers [0, 1, 2, 3, 4, 5, 6, 7, 8, 9, 10, 11, 12, 13, 14, 15]
2026-09-14T06:39:15Z END   ext2zoo-olmoe_instruct_chat-expert rc=0 (42s)
