2026-09-14T06:41:39Z START ext2zoo-mixtral_instruct_nobos-expert (waited 31s): python scripts/ext2_zoo_expert.py mixtral_instruct --protocol nobos --resume
06:41:41 mixtral_instruct/nobos -> mixtral_instruct_nobos: 32 layers, 95413 spawn rows, 2 chunks
06:41:49 mixtral_instruct: chunk 1/2: 533 cases, layers 0..15 (16), 1066 prefill rows, 47648 spawn rows
06:41:59   layer   0: load-wait 9.30s compute 0.68s  wf_rows=2966
06:42:23   layer   8: load-wait 2.28s compute 0.67s  wf_rows=26795
06:42:46   layer  16: load-wait 1.88s compute 1.04s  wf_rows=47648
06:43:07   layer  24: load-wait 1.61s compute 1.04s  wf_rows=47648
06:43:27   layer  31: load-wait 1.82s compute 1.03s  wf_rows=47648
06:43:27   pass done: 1066 prefill rows (T=18), 47648 spawn rows, 97.7s
06:43:27 pass time 97.8s
06:43:28 L0 set paper: 1 candidates (>= 64 active); best E004 all-case mean +0.023 active 78/128; top5: {4: 0.023}
06:43:28 L0 set strict: 1 candidates (>= 64 active); best E004 all-case mean +0.029 active 70/128; top5: {4: 0.029}
06:43:28 L0 set relaxed: 1 candidates (>= 128 active); best E004 all-case mean +0.029 active 142/256; top5: {4: 0.029}
06:43:28 L1 set paper: 1 candidates (>= 64 active); best E000 all-case mean -0.015 active 73/128; top5: {0: -0.015}
06:43:28 L1 set strict: 1 candidates (>= 64 active); best E000 all-case mean -0.027 active 78/128; top5: {0: -0.027}
06:43:28 L1 set relaxed: 1 candidates (>= 128 active); best E000 all-case mean -0.011 active 141/256; top5: {0: -0.011}
06:43:28 L2 set paper: no candidate meets the recurrence threshold; max activity 61
06:43:28 L2 set strict: no candidate meets the recurrence threshold; max activity 52
06:43:28 L2 set relaxed: no candidate meets the recurrence threshold; max activity 111
06:43:28 L3 set paper: no candidate meets the recurrence threshold; max activity 60
06:43:28 L3 set strict: no candidate meets the recurrence threshold; max activity 46
06:43:28 L3 set relaxed: no candidate meets the recurrence threshold; max activity 113
06:43:28 L4 set paper: 1 candidates (>= 64 active); best E007 all-case mean -0.019 active 84/128; top5: {7: -0.019}
06:43:28 L4 set strict: 1 candidates (>= 64 active); best E007 all-case mean +0.003 active 82/128; top5: {7: 0.003}
06:43:28 L4 set relaxed: 1 candidates (>= 128 active); best E007 all-case mean -0.015 active 174/256; top5: {7: -0.015}
06:43:28 L5 set paper: 1 candidates (>= 64 active); best E000 all-case mean +0.032 active 74/128; top5: {0: 0.032}
06:43:28 L5 set strict: 1 candidates (>= 64 active); best E000 all-case mean +0.021 active 75/128; top5: {0: 0.021}
06:43:28 L5 set relaxed: 1 candidates (>= 128 active); best E000 all-case mean +0.031 active 147/256; top5: {0: 0.031}
06:43:28 L6 set paper: 1 candidates (>= 64 active); best E007 all-case mean +0.007 active 78/128; top5: {7: 0.007}
06:43:28 L6 set strict: 1 candidates (>= 64 active); best E007 all-case mean +0.005 active 88/128; top5: {7: 0.005}
06:43:28 L6 set relaxed: 1 candidates (>= 128 active); best E007 all-case mean +0.009 active 150/256; top5: {7: 0.009}
06:43:28 L7 set paper: no candidate meets the recurrence threshold; max activity 51
06:43:28 L7 set strict: no candidate meets the recurrence threshold; max activity 45
06:43:28 L7 set relaxed: no candidate meets the recurrence threshold; max activity 94
06:43:28 L8 set paper: 1 candidates (>= 64 active); best E004 all-case mean +0.004 active 77/128; top5: {4: 0.004}
06:43:28 L8 set strict: 2 candidates (>= 64 active); best E006 all-case mean +0.020 active 64/128; top5: {6: 0.02, 4: -0.016}
06:43:28 L8 set relaxed: 1 candidates (>= 128 active); best E004 all-case mean +0.000 active 142/256; top5: {4: 0.0}
06:43:28 L9 set paper: 2 candidates (>= 64 active); best E000 all-case mean +0.008 active 72/128; top5: {0: 0.008, 4: -0.006}
06:43:28 L9 set strict: 2 candidates (>= 64 active); best E000 all-case mean +0.021 active 77/128; top5: {0: 0.021, 4: -0.008}
06:43:28 L9 set relaxed: 2 candidates (>= 128 active); best E000 all-case mean +0.020 active 147/256; top5: {0: 0.02, 4: -0.004}
06:43:28 L10 set paper: 2 candidates (>= 64 active); best E004 all-case mean +0.030 active 67/128; top5: {4: 0.03, 7: 0.021}
06:43:28 L10 set strict: 2 candidates (>= 64 active); best E007 all-case mean +0.029 active 86/128; top5: {7: 0.029, 4: 0.027}
06:43:28 L10 set relaxed: 2 candidates (>= 128 active); best E007 all-case mean +0.014 active 160/256; top5: {7: 0.014, 4: 0.014}
06:43:28 L11 set paper: 1 candidates (>= 64 active); best E006 all-case mean -0.031 active 100/128; top5: {6: -0.031}
06:43:28 L11 set strict: 2 candidates (>= 64 active); best E000 all-case mean -0.014 active 64/128; top5: {0: -0.014, 6: -0.033}
06:43:28 L11 set relaxed: 1 candidates (>= 128 active); best E006 all-case mean -0.019 active 202/256; top5: {6: -0.019}
06:43:28 L12 set paper: no candidate meets the recurrence threshold; max activity 52
06:43:28 L12 set strict: no candidate meets the recurrence threshold; max activity 44
06:43:28 L12 set relaxed: no candidate meets the recurrence threshold; max activity 95
06:43:28 L13 set paper: no candidate meets the recurrence threshold; max activity 50
06:43:28 L13 set strict: no candidate meets the recurrence threshold; max activity 54
06:43:28 L13 set relaxed: no candidate meets the recurrence threshold; max activity 114
06:43:28 L14 set paper: 2 candidates (>= 64 active); best E001 all-case mean +0.010 active 69/128; top5: {1: 0.01, 5: 0.002}
06:43:28 L14 set strict: 2 candidates (>= 64 active); best E001 all-case mean +0.015 active 73/128; top5: {1: 0.015, 5: 0.003}
06:43:28 L14 set relaxed: 2 candidates (>= 128 active); best E005 all-case mean +0.007 active 145/256; top5: {5: 0.007, 1: 0.006}
06:43:28 L15 set paper: 1 candidates (>= 64 active); best E006 all-case mean -0.004 active 84/128; top5: {6: -0.004}
06:43:28 L15 set strict: 1 candidates (>= 64 active); best E006 all-case mean +0.001 active 74/128; top5: {6: 0.001}
06:43:28 L15 set relaxed: 1 candidates (>= 128 active); best E006 all-case mean +0.009 active 170/256; top5: {6: 0.009}
06:43:28 chunk 1: wrote 47648 new rows; /home/ubuntu/MOE/results/mixtral_instruct_nobos/expert_rows.parquet now holds 47648 rows over layers [0, 1, 2, 3, 4, 5, 6, 7, 8, 9, 10, 11, 12, 13, 14, 15]
06:43:28 mixtral_instruct: chunk 2/2: 533 cases, layers 16..31 (16), 1066 prefill rows, 47765 spawn rows
06:43:30   layer   0: load-wait 2.11s compute 0.27s  wf_rows=0
06:43:51   layer   8: load-wait 2.13s compute 0.27s  wf_rows=0
06:44:09   layer  16: load-wait 1.92s compute 0.28s  wf_rows=2972
06:44:28   layer  24: load-wait 1.61s compute 0.67s  wf_rows=26939
06:44:44   layer  31: load-wait 1.15s compute 1.00s  wf_rows=47765
06:44:44   pass done: 1066 prefill rows (T=18), 47765 spawn rows, 76.3s
06:44:44 pass time 76.4s
06:44:50 L16 set paper: 1 candidates (>= 64 active); best E007 all-case mean -0.001 active 77/128; top5: {7: -0.001}
06:44:50 L16 set strict: 1 candidates (>= 64 active); best E007 all-case mean +0.023 active 81/128; top5: {7: 0.023}
06:44:50 L16 set relaxed: 1 candidates (>= 128 active); best E007 all-case mean +0.014 active 156/256; top5: {7: 0.014}
06:44:50 L17 set paper: 2 candidates (>= 64 active); best E001 all-case mean +0.048 active 89/128; top5: {1: 0.048, 5: 0.017}
06:44:50 L17 set strict: 2 candidates (>= 64 active); best E001 all-case mean +0.045 active 90/128; top5: {1: 0.045, 5: 0.03}
06:44:50 L17 set relaxed: 2 candidates (>= 128 active); best E001 all-case mean +0.040 active 178/256; top5: {1: 0.04, 5: 0.014}
06:44:50 L18 set paper: 2 candidates (>= 64 active); best E001 all-case mean +0.151 active 70/128; top5: {1: 0.151, 6: 0.05}
06:44:50 L18 set strict: 2 candidates (>= 64 active); best E001 all-case mean +0.197 active 74/128; top5: {1: 0.197, 6: 0.052}
06:44:50 L18 set relaxed: 2 candidates (>= 128 active); best E001 all-case mean +0.186 active 144/256; top5: {1: 0.186, 6: 0.038}
06:44:50 L19 set paper: 1 candidates (>= 64 active); best E006 all-case mean +0.109 active 91/128; top5: {6: 0.109}
06:44:50 L19 set strict: 1 candidates (>= 64 active); best E006 all-case mean +0.164 active 88/128; top5: {6: 0.164}
06:44:50 L19 set relaxed: 1 candidates (>= 128 active); best E006 all-case mean +0.085 active 173/256; top5: {6: 0.085}
06:44:50 L20 set paper: 2 candidates (>= 64 active); best E005 all-case mean +0.116 active 81/128; top5: {5: 0.116, 0: 0.04}
06:44:50 L20 set strict: 1 candidates (>= 64 active); best E005 all-case mean +0.140 active 76/128; top5: {5: 0.14}
06:44:50 L20 set relaxed: 2 candidates (>= 128 active); best E005 all-case mean +0.134 active 174/256; top5: {5: 0.134, 0: 0.037}
06:44:50 L21 set paper: no candidate meets the recurrence threshold; max activity 61
06:44:50 L21 set strict: 1 candidates (>= 64 active); best E001 all-case mean +0.327 active 67/128; top5: {1: 0.327}
06:44:50 L21 set relaxed: no candidate meets the recurrence threshold; max activity 127
06:44:50 L22 set paper: 1 candidates (>= 64 active); best E001 all-case mean +0.092 active 96/128; top5: {1: 0.092}
06:44:50 L22 set strict: 1 candidates (>= 64 active); best E001 all-case mean +0.134 active 93/128; top5: {1: 0.134}
06:44:50 L22 set relaxed: 1 candidates (>= 128 active); best E001 all-case mean +0.132 active 181/256; top5: {1: 0.132}
06:44:50 L23 set paper: no candidate meets the recurrence threshold; max activity 53
06:44:50 L23 set strict: no candidate meets the recurrence threshold; max activity 49
06:44:50 L23 set relaxed: no candidate meets the recurrence threshold; max activity 97
06:44:50 L24 set paper: no candidate meets the recurrence threshold; max activity 43
06:44:50 L24 set strict: no candidate meets the recurrence threshold; max activity 46
06:44:50 L24 set relaxed: no candidate meets the recurrence threshold; max activity 97
06:44:50 L25 set paper: no candidate meets the recurrence threshold; max activity 46
06:44:50 L25 set strict: no candidate meets the recurrence threshold; max activity 51
06:44:50 L25 set relaxed: no candidate meets the recurrence threshold; max activity 96
06:44:50 L26 set paper: 1 candidates (>= 64 active); best E003 all-case mean +0.003 active 76/128; top5: {3: 0.003}
06:44:50 L26 set strict: 1 candidates (>= 64 active); best E003 all-case mean +0.045 active 68/128; top5: {3: 0.045}
06:44:50 L26 set relaxed: 1 candidates (>= 128 active); best E003 all-case mean +0.010 active 146/256; top5: {3: 0.01}
06:44:50 L27 set paper: 1 candidates (>= 64 active); best E004 all-case mean -0.018 active 67/128; top5: {4: -0.018}
06:44:50 L27 set strict: no candidate meets the recurrence threshold; max activity 58
06:44:50 L27 set relaxed: 1 candidates (>= 128 active); best E004 all-case mean +0.015 active 135/256; top5: {4: 0.015}
06:44:50 L28 set paper: 1 candidates (>= 64 active); best E002 all-case mean +0.071 active 83/128; top5: {2: 0.071}
06:44:50 L28 set strict: 1 candidates (>= 64 active); best E002 all-case mean +0.079 active 79/128; top5: {2: 0.079}
06:44:50 L28 set relaxed: 1 candidates (>= 128 active); best E002 all-case mean +0.031 active 173/256; top5: {2: 0.031}
06:44:50 L29 set paper: 2 candidates (>= 64 active); best E003 all-case mean +0.027 active 90/128; top5: {3: 0.027, 4: -0.042}
06:44:50 L29 set strict: 2 candidates (>= 64 active); best E003 all-case mean +0.041 active 87/128; top5: {3: 0.041, 4: -0.063}
06:44:50 L29 set relaxed: 2 candidates (>= 128 active); best E003 all-case mean -0.017 active 185/256; top5: {3: -0.017, 4: -0.056}
06:44:50 L30 set paper: 1 candidates (>= 64 active); best E004 all-case mean +0.003 active 106/128; top5: {4: 0.003}
06:44:50 L30 set strict: 1 candidates (>= 64 active); best E004 all-case mean +0.030 active 106/128; top5: {4: 0.03}
06:44:50 L30 set relaxed: 1 candidates (>= 128 active); best E004 all-case mean -0.009 active 214/256; top5: {4: -0.009}
06:44:50 L31 set paper: 2 candidates (>= 64 active); best E007 all-case mean -0.020 active 103/128; top5: {7: -0.02, 2: -0.029}
06:44:50 L31 set strict: 2 candidates (>= 64 active); best E007 all-case mean -0.079 active 96/128; top5: {7: -0.079, 2: -0.103}
06:44:50 L31 set relaxed: 2 candidates (>= 128 active); best E002 all-case mean -0.044 active 190/256; top5: {2: -0.044, 7: -0.066}
06:44:50 chunk 2: wrote 47765 new rows; /home/ubuntu/MOE/results/mixtral_instruct_nobos/expert_rows.parquet now holds 95413 rows over layers [0, 1, 2, 3, 4, 5, 6, 7, 8, 9, 10, 11, 12, 13, 14, 15, 16, 17, 18, 19, 20, 21, 22, 23, 24, 25, 26, 27, 28, 29, 30, 31]
2026-09-14T06:44:56Z END   ext2zoo-mixtral_instruct_nobos-expert rc=0 (197s)
