2026-09-14T05:41:03Z START ext2zoo-qwen3_coder_default-expert (waited 558s): python scripts/ext2_zoo_expert.py qwen3_coder --protocol default --resume
05:41:08 qwen3_coder/default -> qwen3_coder_default: 48 layers, 369040 spawn rows, 5 chunks
05:41:23 qwen3_coder: chunk 1/5: 548 cases, layers 0..9 (10), 1096 prefill rows, 74215 spawn rows
05:41:27   layer   0: load-wait 2.87s compute 0.72s  wf_rows=6376
05:41:36   layer   8: load-wait 0.82s compute 0.47s  wf_rows=66469
05:41:46   layer  16: load-wait 0.73s compute 0.52s  wf_rows=74215
05:41:56   layer  24: load-wait 0.73s compute 0.51s  wf_rows=74215
05:42:05   layer  32: load-wait 0.73s compute 0.51s  wf_rows=74215
05:42:15   layer  40: load-wait 0.73s compute 0.52s  wf_rows=74215
05:42:24   layer  47: load-wait 0.73s compute 0.51s  wf_rows=74215
05:42:24   pass done: 1096 prefill rows (T=17), 74215 spawn rows, 61.0s
05:42:24 pass time 61.3s
05:42:25 L0 set paper: 8 candidates (>= 64 active); best E120 all-case mean +0.080 active 114/128; top5: {120: 0.08, 93: 0.036, 61: 0.035, 81: 0.03, 69: 0.029}
05:42:25 L0 set strict: 8 candidates (>= 64 active); best E081 all-case mean +0.025 active 88/128; top5: {81: 0.025, 107: 0.015, 51: 0.013, 93: 0.012, 120: 0.011}
05:42:25 L0 set relaxed: 8 candidates (>= 128 active); best E120 all-case mean +0.037 active 227/256; top5: {120: 0.037, 81: 0.013, 69: 0.013, 51: 0.013, 93: 0.012}
05:42:25 L1 set paper: 2 candidates (>= 64 active); best E083 all-case mean +0.041 active 104/128; top5: {83: 0.041, 86: 0.021}
05:42:25 L1 set strict: 2 candidates (>= 64 active); best E086 all-case mean +0.025 active 71/128; top5: {86: 0.025, 83: -0.024}
05:42:25 L1 set relaxed: 2 candidates (>= 128 active); best E083 all-case mean +0.042 active 213/256; top5: {83: 0.042, 86: 0.017}
05:42:25 L2 set paper: 5 candidates (>= 64 active); best E117 all-case mean +0.018 active 88/128; top5: {117: 0.018, 116: 0.015, 47: 0.009, 51: -0.002, 125: -0.009}
05:42:25 L2 set strict: 5 candidates (>= 64 active); best E117 all-case mean +0.020 active 95/128; top5: {117: 0.02, 125: 0.014, 116: 0.013, 47: 0.002, 51: -0.009}
05:42:25 L2 set relaxed: 5 candidates (>= 128 active); best E116 all-case mean +0.030 active 225/256; top5: {116: 0.03, 47: 0.014, 125: 0.006, 117: 0.006, 51: 0.003}
05:42:25 L3 set paper: 3 candidates (>= 64 active); best E001 all-case mean +0.021 active 67/128; top5: {1: 0.021, 26: 0.019, 25: -0.013}
05:42:25 L3 set strict: 3 candidates (>= 64 active); best E026 all-case mean +0.009 active 85/128; top5: {26: 0.009, 25: 0.006, 76: 0.0}
05:42:25 L3 set relaxed: 2 candidates (>= 128 active); best E026 all-case mean +0.022 active 156/256; top5: {26: 0.022, 25: -0.012}
05:42:25 L4 set paper: 5 candidates (>= 64 active); best E039 all-case mean +0.043 active 71/128; top5: {39: 0.043, 113: 0.037, 91: 0.007, 111: -0.009, 0: -0.014}
05:42:25 L4 set strict: 5 candidates (>= 64 active); best E000 all-case mean +0.018 active 96/128; top5: {0: 0.018, 39: 0.016, 113: 0.011, 91: 0.007, 111: -0.002}
05:42:25 L4 set relaxed: 5 candidates (>= 128 active); best E113 all-case mean +0.022 active 172/256; top5: {113: 0.022, 39: 0.017, 111: -0.0, 91: -0.001, 0: -0.001}
05:42:25 L5 set paper: 2 candidates (>= 64 active); best E111 all-case mean -0.003 active 94/128; top5: {111: -0.003, 80: -0.017}
05:42:25 L5 set strict: 3 candidates (>= 64 active); best E111 all-case mean +0.008 active 101/128; top5: {111: 0.008, 80: 0.004, 55: -0.01}
05:42:25 L5 set relaxed: 2 candidates (>= 128 active); best E080 all-case mean +0.014 active 197/256; top5: {80: 0.014, 111: -0.002}
05:42:25 L6 set paper: 4 candidates (>= 64 active); best E023 all-case mean +0.032 active 72/128; top5: {23: 0.032, 85: 0.001, 56: 0.0, 89: -0.01}
05:42:25 L6 set strict: 4 candidates (>= 64 active); best E089 all-case mean +0.019 active 71/128; top5: {89: 0.019, 23: 0.005, 85: -0.001, 56: -0.006}
05:42:25 L6 set relaxed: 4 candidates (>= 128 active); best E089 all-case mean +0.029 active 135/256; top5: {89: 0.029, 23: 0.018, 85: -0.003, 56: -0.004}
05:42:25 L7 set paper: 5 candidates (>= 64 active); best E005 all-case mean +0.021 active 73/128; top5: {5: 0.021, 100: 0.019, 33: 0.018, 72: 0.013, 109: -0.003}
05:42:25 L7 set strict: 5 candidates (>= 64 active); best E005 all-case mean +0.033 active 82/128; top5: {5: 0.033, 100: 0.021, 33: 0.008, 109: 0.0, 72: -0.004}
05:42:25 L7 set relaxed: 5 candidates (>= 128 active); best E005 all-case mean +0.012 active 158/256; top5: {5: 0.012, 100: 0.008, 33: 0.006, 72: 0.004, 109: -0.009}
05:42:25 L8 set paper: 6 candidates (>= 64 active); best E044 all-case mean +0.015 active 104/128; top5: {44: 0.015, 90: 0.006, 95: 0.002, 38: 0.002, 127: -0.002}
05:42:25 L8 set strict: 7 candidates (>= 64 active); best E044 all-case mean +0.019 active 106/128; top5: {44: 0.019, 38: 0.018, 127: 0.016, 95: 0.012, 90: 0.011}
05:42:25 L8 set relaxed: 6 candidates (>= 128 active); best E090 all-case mean +0.018 active 175/256; top5: {90: 0.018, 95: 0.018, 38: 0.014, 44: 0.003, 127: -0.001}
05:42:25 L9 set paper: 4 candidates (>= 64 active); best E048 all-case mean +0.014 active 93/128; top5: {48: 0.014, 80: 0.005, 76: -0.006, 94: -0.024}
05:42:25 L9 set strict: 6 candidates (>= 64 active); best E071 all-case mean +0.023 active 67/128; top5: {71: 0.023, 48: 0.011, 76: 0.009, 80: 0.004, 94: 0.003}
05:42:25 L9 set relaxed: 5 candidates (>= 128 active); best E076 all-case mean +0.001 active 142/256; top5: {76: 0.001, 94: 0.001, 71: -0.001, 80: -0.005, 48: -0.006}
05:42:25 chunk 1: wrote 74215 new rows; /home/ubuntu/MOE/results/qwen3_coder_default/expert_rows.parquet now holds 74215 rows over layers [0, 1, 2, 3, 4, 5, 6, 7, 8, 9]
05:42:25 qwen3_coder: chunk 2/5: 548 cases, layers 10..19 (10), 1096 prefill rows, 79502 spawn rows
05:42:26   layer   0: load-wait 0.78s compute 0.09s  wf_rows=0
05:42:35   layer   8: load-wait 1.15s compute 0.09s  wf_rows=0
05:42:45   layer  16: load-wait 0.36s compute 0.40s  wf_rows=54896
05:42:52   layer  24: load-wait 0.10s compute 0.54s  wf_rows=79502
05:42:58   layer  32: load-wait 0.28s compute 0.54s  wf_rows=79502
05:43:04   layer  40: load-wait 0.10s compute 0.55s  wf_rows=79502
05:43:08   layer  47: load-wait 0.10s compute 0.55s  wf_rows=79502
05:43:08   pass done: 1096 prefill rows (T=17), 79502 spawn rows, 43.3s
05:43:08 pass time 43.4s
05:43:09 L10 set paper: 4 candidates (>= 64 active); best E014 all-case mean +0.028 active 113/128; top5: {14: 0.028, 18: 0.019, 30: 0.004, 108: -0.004}
05:43:09 L10 set strict: 5 candidates (>= 64 active); best E014 all-case mean +0.019 active 111/128; top5: {14: 0.019, 30: 0.012, 18: 0.011, 108: -0.001, 123: -0.002}
05:43:09 L10 set relaxed: 4 candidates (>= 128 active); best E014 all-case mean +0.002 active 219/256; top5: {14: 0.002, 18: 0.001, 30: -0.007, 108: -0.009}
05:43:09 L11 set paper: 6 candidates (>= 64 active); best E060 all-case mean +0.029 active 107/128; top5: {60: 0.029, 115: 0.014, 21: 0.01, 105: 0.005, 58: 0.001}
05:43:09 L11 set strict: 5 candidates (>= 64 active); best E060 all-case mean +0.018 active 113/128; top5: {60: 0.018, 115: 0.013, 58: 0.012, 13: 0.011, 105: 0.007}
05:43:09 L11 set relaxed: 5 candidates (>= 128 active); best E105 all-case mean +0.003 active 170/256; top5: {105: 0.003, 13: -0.002, 58: -0.002, 115: -0.007, 60: -0.007}
05:43:09 L12 set paper: 7 candidates (>= 64 active); best E034 all-case mean +0.016 active 103/128; top5: {34: 0.016, 87: 0.013, 69: 0.004, 42: 0.002, 53: 0.001}
05:43:09 L12 set strict: 7 candidates (>= 64 active); best E069 all-case mean +0.009 active 72/128; top5: {69: 0.009, 87: 0.008, 34: 0.008, 53: 0.006, 42: 0.003}
05:43:09 L12 set relaxed: 7 candidates (>= 128 active); best E002 all-case mean -0.006 active 197/256; top5: {2: -0.006, 69: -0.006, 87: -0.007, 53: -0.007, 115: -0.01}
05:43:09 L13 set paper: 6 candidates (>= 64 active); best E075 all-case mean +0.013 active 73/128; top5: {75: 0.013, 10: 0.01, 24: 0.005, 106: 0.005, 121: -0.008}
05:43:09 L13 set strict: 6 candidates (>= 64 active); best E010 all-case mean +0.025 active 105/128; top5: {10: 0.025, 55: 0.015, 106: 0.012, 44: 0.01, 75: 0.002}
05:43:09 L13 set relaxed: 5 candidates (>= 128 active); best E010 all-case mean +0.011 active 216/256; top5: {10: 0.011, 75: 0.006, 106: -0.003, 44: -0.005, 121: -0.007}
05:43:09 L14 set paper: 6 candidates (>= 64 active); best E055 all-case mean +0.017 active 106/128; top5: {55: 0.017, 28: 0.013, 38: 0.003, 3: 0.001, 57: 0.001}
05:43:09 L14 set strict: 5 candidates (>= 64 active); best E057 all-case mean +0.016 active 101/128; top5: {57: 0.016, 89: 0.01, 55: 0.008, 3: 0.002, 28: 0.002}
05:43:09 L14 set relaxed: 4 candidates (>= 128 active); best E057 all-case mean +0.009 active 194/256; top5: {57: 0.009, 55: 0.005, 28: -0.002, 3: -0.008}
05:43:09 L15 set paper: 6 candidates (>= 64 active); best E040 all-case mean +0.039 active 122/128; top5: {40: 0.039, 59: 0.01, 34: 0.001, 16: -0.005, 17: -0.005}
05:43:09 L15 set strict: 5 candidates (>= 64 active); best E040 all-case mean +0.021 active 118/128; top5: {40: 0.021, 34: 0.001, 6: -0.005, 16: -0.008, 59: -0.008}
05:43:09 L15 set relaxed: 6 candidates (>= 128 active); best E040 all-case mean +0.015 active 239/256; top5: {40: 0.015, 34: 0.002, 59: -0.001, 17: -0.001, 6: -0.002}
05:43:09 L16 set paper: 3 candidates (>= 64 active); best E121 all-case mean +0.017 active 91/128; top5: {121: 0.017, 14: 0.007, 127: -0.011}
05:43:09 L16 set strict: 5 candidates (>= 64 active); best E026 all-case mean +0.010 active 65/128; top5: {26: 0.01, 14: 0.001, 121: -0.002, 75: -0.003, 127: -0.012}
05:43:09 L16 set relaxed: 3 candidates (>= 128 active); best E127 all-case mean +0.003 active 130/256; top5: {127: 0.003, 75: -0.004, 121: -0.004}
05:43:09 L17 set paper: 5 candidates (>= 64 active); best E106 all-case mean +0.011 active 73/128; top5: {106: 0.011, 9: 0.008, 14: 0.005, 103: -0.006, 45: -0.012}
05:43:09 L17 set strict: 5 candidates (>= 64 active); best E009 all-case mean +0.012 active 71/128; top5: {9: 0.012, 103: 0.011, 14: 0.005, 45: 0.001, 106: 0.001}
05:43:09 L17 set relaxed: 5 candidates (>= 128 active); best E106 all-case mean +0.007 active 159/256; top5: {106: 0.007, 9: 0.007, 103: 0.005, 14: 0.002, 45: -0.003}
05:43:09 L18 set paper: 3 candidates (>= 64 active); best E056 all-case mean +0.013 active 64/128; top5: {56: 0.013, 23: 0.011, 89: 0.005}
05:43:09 L18 set strict: 3 candidates (>= 64 active); best E089 all-case mean +0.029 active 81/128; top5: {89: 0.029, 56: 0.008, 23: 0.002}
05:43:09 L18 set relaxed: 3 candidates (>= 128 active); best E089 all-case mean +0.016 active 148/256; top5: {89: 0.016, 23: 0.002, 56: -0.003}
05:43:09 L19 set paper: 5 candidates (>= 64 active); best E109 all-case mean +0.014 active 96/128; top5: {109: 0.014, 33: 0.013, 100: -0.002, 59: -0.005, 5: -0.019}
05:43:09 L19 set strict: 5 candidates (>= 64 active); best E005 all-case mean +0.008 active 73/128; top5: {5: 0.008, 33: 0.007, 109: 0.005, 100: -0.001, 59: -0.012}
05:43:09 L19 set relaxed: 5 candidates (>= 128 active); best E033 all-case mean +0.017 active 154/256; top5: {33: 0.017, 109: 0.011, 5: 0.004, 59: -0.006, 100: -0.014}
05:43:09 chunk 2: wrote 79502 new rows; /home/ubuntu/MOE/results/qwen3_coder_default/expert_rows.parquet now holds 153717 rows over layers [0, 1, 2, 3, 4, 5, 6, 7, 8, 9, 10, 11, 12, 13, 14, 15, 16, 17, 18, 19]
05:43:09 qwen3_coder: chunk 3/5: 548 cases, layers 20..29 (10), 1096 prefill rows, 77604 spawn rows
05:43:10   layer   0: load-wait 0.49s compute 0.09s  wf_rows=0
05:43:17   layer   8: load-wait 1.36s compute 0.09s  wf_rows=0
05:43:21   layer  16: load-wait 0.94s compute 0.09s  wf_rows=0
05:43:30   layer  24: load-wait 0.91s compute 0.30s  wf_rows=39175
05:43:39   layer  32: load-wait 0.63s compute 0.53s  wf_rows=77604
05:43:49   layer  40: load-wait 1.15s compute 0.53s  wf_rows=77604
05:43:58   layer  47: load-wait 1.00s compute 0.53s  wf_rows=77604
05:43:58   pass done: 1096 prefill rows (T=17), 77604 spawn rows, 48.6s
05:43:58 pass time 48.7s
05:43:59 L20 set paper: 5 candidates (>= 64 active); best E038 all-case mean +0.023 active 111/128; top5: {38: 0.023, 44: 0.007, 127: 0.005, 95: -0.0, 90: -0.031}
05:43:59 L20 set strict: 5 candidates (>= 64 active); best E038 all-case mean +0.044 active 110/128; top5: {38: 0.044, 44: 0.015, 95: 0.008, 90: 0.003, 127: 0.003}
05:43:59 L20 set relaxed: 5 candidates (>= 128 active); best E038 all-case mean +0.021 active 223/256; top5: {38: 0.021, 44: 0.011, 95: 0.01, 127: -0.003, 90: -0.003}
05:43:59 L21 set paper: 5 candidates (>= 64 active); best E048 all-case mean -0.010 active 84/128; top5: {48: -0.01, 94: -0.011, 71: -0.011, 76: -0.015, 80: -0.036}
05:43:59 L21 set strict: 5 candidates (>= 64 active); best E048 all-case mean +0.011 active 87/128; top5: {48: 0.011, 94: 0.006, 76: 0.005, 71: -0.001, 80: -0.008}
05:43:59 L21 set relaxed: 5 candidates (>= 128 active); best E076 all-case mean +0.006 active 182/256; top5: {76: 0.006, 48: 0.003, 71: 0.002, 94: -0.003, 80: -0.004}
05:43:59 L22 set paper: 6 candidates (>= 64 active); best E080 all-case mean +0.015 active 101/128; top5: {80: 0.015, 14: 0.0, 91: -0.0, 30: -0.004, 98: -0.01}
05:43:59 L22 set strict: 6 candidates (>= 64 active); best E080 all-case mean +0.016 active 103/128; top5: {80: 0.016, 91: 0.01, 14: 0.005, 18: 0.002, 98: 0.001}
05:43:59 L22 set relaxed: 6 candidates (>= 128 active); best E014 all-case mean +0.009 active 207/256; top5: {14: 0.009, 30: -0.001, 98: -0.002, 18: -0.002, 80: -0.003}
05:43:59 L23 set paper: 7 candidates (>= 64 active); best E086 all-case mean +0.005 active 64/128; top5: {86: 0.005, 115: 0.004, 13: -0.001, 58: -0.003, 60: -0.004}
05:43:59 L23 set strict: 5 candidates (>= 64 active); best E060 all-case mean +0.023 active 120/128; top5: {60: 0.023, 115: 0.015, 58: 0.009, 21: -0.002, 13: -0.005}
05:43:59 L23 set relaxed: 5 candidates (>= 128 active); best E115 all-case mean +0.005 active 187/256; top5: {115: 0.005, 21: -0.001, 58: -0.002, 13: -0.005, 60: -0.005}
05:43:59 L24 set paper: 6 candidates (>= 64 active); best E053 all-case mean +0.015 active 106/128; top5: {53: 0.015, 42: 0.005, 69: 0.0, 65: -0.003, 34: -0.006}
05:43:59 L24 set strict: 5 candidates (>= 64 active); best E034 all-case mean +0.022 active 125/128; top5: {34: 0.022, 53: 0.015, 2: 0.013, 42: 0.007, 65: 0.004}
05:43:59 L24 set relaxed: 6 candidates (>= 128 active); best E065 all-case mean +0.007 active 231/256; top5: {65: 0.007, 2: 0.005, 53: 0.004, 34: 0.004, 42: 0.001}
05:43:59 L25 set paper: 8 candidates (>= 64 active); best E044 all-case mean +0.011 active 104/128; top5: {44: 0.011, 121: 0.005, 24: 0.004, 104: 0.002, 77: -0.002}
05:43:59 L25 set strict: 8 candidates (>= 64 active); best E044 all-case mean +0.023 active 103/128; top5: {44: 0.023, 104: 0.021, 24: 0.014, 77: 0.008, 121: 0.006}
05:43:59 L25 set relaxed: 7 candidates (>= 128 active); best E044 all-case mean +0.020 active 197/256; top5: {44: 0.02, 24: 0.006, 121: 0.004, 77: -0.0, 104: -0.004}
05:43:59 L26 set paper: 6 candidates (>= 64 active); best E055 all-case mean +0.009 active 119/128; top5: {55: 0.009, 115: 0.008, 38: 0.006, 3: -0.001, 57: -0.01}
05:43:59 L26 set strict: 6 candidates (>= 64 active); best E055 all-case mean +0.020 active 108/128; top5: {55: 0.02, 57: 0.015, 115: 0.013, 3: 0.012, 38: 0.006}
05:43:59 L26 set relaxed: 6 candidates (>= 128 active); best E057 all-case mean +0.020 active 250/256; top5: {57: 0.02, 38: 0.01, 115: 0.008, 55: 0.007, 44: -0.002}
05:43:59 L27 set paper: 6 candidates (>= 64 active); best E040 all-case mean +0.014 active 127/128; top5: {40: 0.014, 6: 0.009, 16: 0.004, 34: 0.003, 91: 0.002}
05:43:59 L27 set strict: 6 candidates (>= 64 active); best E040 all-case mean +0.042 active 126/128; top5: {40: 0.042, 6: 0.018, 16: 0.014, 34: 0.005, 91: 0.002}
05:43:59 L27 set relaxed: 4 candidates (>= 128 active); best E040 all-case mean +0.024 active 252/256; top5: {40: 0.024, 16: -0.002, 6: -0.002, 17: -0.005}
05:43:59 L28 set paper: 6 candidates (>= 64 active); best E030 all-case mean +0.035 active 109/128; top5: {30: 0.035, 26: 0.026, 127: 0.012, 121: 0.01, 14: 0.005}
05:43:59 L28 set strict: 6 candidates (>= 64 active); best E030 all-case mean +0.030 active 116/128; top5: {30: 0.03, 26: 0.029, 75: 0.027, 127: 0.022, 121: 0.019}
05:43:59 L28 set relaxed: 6 candidates (>= 128 active); best E030 all-case mean +0.055 active 227/256; top5: {30: 0.055, 127: 0.024, 26: 0.024, 75: 0.01, 121: 0.004}
05:43:59 L29 set paper: 6 candidates (>= 64 active); best E001 all-case mean +0.022 active 91/128; top5: {1: 0.022, 9: 0.015, 45: 0.004, 121: 0.002, 103: 0.001}
05:43:59 L29 set strict: 6 candidates (>= 64 active); best E009 all-case mean +0.027 active 116/128; top5: {9: 0.027, 1: 0.025, 112: 0.014, 45: 0.013, 103: 0.01}
05:43:59 L29 set relaxed: 5 candidates (>= 128 active); best E001 all-case mean +0.021 active 177/256; top5: {1: 0.021, 9: 0.016, 45: 0.002, 112: -0.004, 103: -0.006}
05:43:59 chunk 3: wrote 77604 new rows; /home/ubuntu/MOE/results/qwen3_coder_default/expert_rows.parquet now holds 231321 rows over layers [0, 1, 2, 3, 4, 5, 6, 7, 8, 9, 10, 11, 12, 13, 14, 15, 16, 17, 18, 19, 20, 21, 22, 23, 24, 25, 26, 27, 28, 29]
05:43:59 qwen3_coder: chunk 4/5: 548 cases, layers 30..38 (9), 1096 prefill rows, 70691 spawn rows
05:44:00   layer   0: load-wait 0.56s compute 0.09s  wf_rows=0
05:44:05   layer   8: load-wait 0.78s compute 0.09s  wf_rows=0
05:44:11   layer  16: load-wait 0.71s compute 0.09s  wf_rows=0
05:44:18   layer  24: load-wait 0.71s compute 0.09s  wf_rows=0
05:44:24   layer  32: load-wait 0.65s compute 0.22s  wf_rows=24824
05:44:31   layer  40: load-wait 0.28s compute 0.50s  wf_rows=70691
05:44:37   layer  47: load-wait 0.30s compute 0.49s  wf_rows=70691
05:44:37   pass done: 1096 prefill rows (T=17), 70691 spawn rows, 38.2s
05:44:37 pass time 38.3s
05:44:38 L30 set paper: 4 candidates (>= 64 active); best E089 all-case mean +0.052 active 75/128; top5: {89: 0.052, 22: 0.034, 56: 0.002, 23: -0.004}
05:44:38 L30 set strict: 4 candidates (>= 64 active); best E089 all-case mean +0.044 active 86/128; top5: {89: 0.044, 22: 0.022, 54: 0.01, 23: 0.0}
05:44:38 L30 set relaxed: 4 candidates (>= 128 active); best E089 all-case mean +0.026 active 161/256; top5: {89: 0.026, 22: 0.01, 56: -0.007, 23: -0.009}
05:44:38 L31 set paper: 2 candidates (>= 64 active); best E033 all-case mean +0.009 active 84/128; top5: {33: 0.009, 5: 0.007}
05:44:38 L31 set strict: 2 candidates (>= 64 active); best E033 all-case mean +0.023 active 83/128; top5: {33: 0.023, 5: 0.008}
05:44:38 L31 set relaxed: 2 candidates (>= 128 active); best E005 all-case mean +0.002 active 175/256; top5: {5: 0.002, 33: -0.012}
05:44:38 L32 set paper: 6 candidates (>= 64 active); best E038 all-case mean +0.020 active 110/128; top5: {38: 0.02, 127: 0.008, 44: 0.006, 90: -0.003, 32: -0.01}
05:44:38 L32 set strict: 6 candidates (>= 64 active); best E038 all-case mean +0.044 active 111/128; top5: {38: 0.044, 32: 0.011, 100: 0.006, 127: 0.005, 90: 0.004}
05:44:38 L32 set relaxed: 6 candidates (>= 128 active); best E100 all-case mean +0.004 active 178/256; top5: {100: 0.004, 32: 0.004, 38: 0.001, 90: -0.002, 44: -0.004}
05:44:38 L33 set paper: 4 candidates (>= 64 active); best E076 all-case mean +0.052 active 108/128; top5: {76: 0.052, 111: 0.002, 97: -0.006, 17: -0.007}
05:44:38 L33 set strict: 5 candidates (>= 64 active); best E076 all-case mean +0.070 active 118/128; top5: {76: 0.07, 17: 0.008, 105: 0.005, 111: 0.004, 97: -0.005}
05:44:38 L33 set relaxed: 4 candidates (>= 128 active); best E076 all-case mean +0.050 active 226/256; top5: {76: 0.05, 111: 0.0, 17: -0.007, 97: -0.012}
05:44:38 L34 set paper: 6 candidates (>= 64 active); best E094 all-case mean +0.033 active 98/128; top5: {94: 0.033, 14: 0.017, 18: 0.011, 83: 0.003, 40: 0.001}
05:44:38 L34 set strict: 6 candidates (>= 64 active); best E094 all-case mean +0.036 active 99/128; top5: {94: 0.036, 18: 0.015, 14: 0.012, 98: 0.012, 83: 0.008}
05:44:38 L34 set relaxed: 6 candidates (>= 128 active); best E094 all-case mean +0.018 active 184/256; top5: {94: 0.018, 18: 0.006, 83: 0.004, 14: -0.001, 98: -0.003}
05:44:38 L35 set paper: 6 candidates (>= 64 active); best E115 all-case mean +0.009 active 126/128; top5: {115: 0.009, 60: 0.007, 58: -0.002, 13: -0.003, 59: -0.007}
05:44:38 L35 set strict: 5 candidates (>= 64 active); best E013 all-case mean +0.016 active 88/128; top5: {13: 0.016, 58: 0.015, 115: 0.012, 60: 0.005, 21: 0.004}
05:44:38 L35 set relaxed: 5 candidates (>= 128 active); best E060 all-case mean +0.007 active 232/256; top5: {60: 0.007, 13: 0.006, 115: 0.001, 58: -0.002, 21: -0.01}
05:44:38 L36 set paper: 5 candidates (>= 64 active); best E002 all-case mean +0.019 active 126/128; top5: {2: 0.019, 34: 0.009, 68: 0.004, 69: -0.005, 120: -0.006}
05:44:38 L36 set strict: 6 candidates (>= 64 active); best E069 all-case mean +0.032 active 95/128; top5: {69: 0.032, 2: 0.03, 34: 0.017, 68: 0.011, 120: 0.005}
05:44:38 L36 set relaxed: 6 candidates (>= 128 active); best E002 all-case mean +0.023 active 252/256; top5: {2: 0.023, 69: 0.004, 34: 0.003, 68: 0.002, 87: -0.003}
05:44:38 L37 set paper: 7 candidates (>= 64 active); best E104 all-case mean +0.023 active 126/128; top5: {104: 0.023, 99: 0.003, 106: 0.002, 121: -0.005, 10: -0.005}
05:44:38 L37 set strict: 7 candidates (>= 64 active); best E104 all-case mean +0.049 active 128/128; top5: {104: 0.049, 55: 0.011, 79: 0.01, 10: 0.009, 99: 0.009}
05:44:38 L37 set relaxed: 7 candidates (>= 128 active); best E104 all-case mean +0.032 active 253/256; top5: {104: 0.032, 99: 0.007, 106: 0.004, 10: -0.002, 79: -0.003}
05:44:38 L38 set paper: 6 candidates (>= 64 active); best E057 all-case mean +0.056 active 99/128; top5: {57: 0.056, 38: 0.011, 55: 0.01, 3: -0.004, 84: -0.004}
05:44:38 L38 set strict: 5 candidates (>= 64 active); best E057 all-case mean +0.074 active 108/128; top5: {57: 0.074, 55: 0.021, 38: 0.017, 28: 0.005, 84: 0.0}
05:44:38 L38 set relaxed: 5 candidates (>= 128 active); best E057 all-case mean +0.044 active 205/256; top5: {57: 0.044, 38: 0.022, 55: 0.016, 84: -0.009, 28: -0.013}
05:44:38 chunk 4: wrote 70691 new rows; /home/ubuntu/MOE/results/qwen3_coder_default/expert_rows.parquet now holds 302012 rows over layers [0, 1, 2, 3, 4, 5, 6, 7, 8, 9, 10, 11, 12, 13, 14, 15, 16, 17, 18, 19, 20, 21, 22, 23, 24, 25, 26, 27, 28, 29, 30, 31, 32, 33, 34, 35, 36, 37, 38]
05:44:38 qwen3_coder: chunk 5/5: 548 cases, layers 39..47 (9), 1096 prefill rows, 67028 spawn rows
05:44:39   layer   0: load-wait 0.70s compute 0.10s  wf_rows=0
05:44:44   layer   8: load-wait 0.64s compute 0.09s  wf_rows=0
05:44:51   layer  16: load-wait 0.74s compute 0.09s  wf_rows=0
05:44:57   layer  24: load-wait 0.74s compute 0.09s  wf_rows=0
05:45:04   layer  32: load-wait 0.77s compute 0.09s  wf_rows=0
05:45:11   layer  40: load-wait 0.74s compute 0.17s  wf_rows=15059
05:45:18   layer  47: load-wait 0.36s compute 0.47s  wf_rows=67028
05:45:18   pass done: 1096 prefill rows (T=17), 67028 spawn rows, 39.2s
05:45:18 pass time 39.3s
05:45:19 L39 set paper: 5 candidates (>= 64 active); best E059 all-case mean +0.025 active 72/128; top5: {59: 0.025, 40: 0.02, 6: 0.011, 3: 0.008, 34: 0.002}
05:45:19 L39 set strict: 5 candidates (>= 64 active); best E040 all-case mean +0.033 active 126/128; top5: {40: 0.033, 3: 0.024, 6: 0.017, 59: 0.014, 34: -0.006}
05:45:19 L39 set relaxed: 5 candidates (>= 128 active); best E040 all-case mean +0.037 active 251/256; top5: {40: 0.037, 59: 0.033, 3: 0.013, 34: 0.003, 6: -0.0}
05:45:19 L40 set paper: 6 candidates (>= 64 active); best E030 all-case mean +0.142 active 94/128; top5: {30: 0.142, 127: 0.1, 43: 0.005, 20: 0.003, 105: 0.002}
05:45:19 L40 set strict: 6 candidates (>= 64 active); best E030 all-case mean +0.157 active 92/128; top5: {30: 0.157, 127: 0.124, 121: 0.021, 105: 0.017, 20: 0.008}
05:45:19 L40 set relaxed: 5 candidates (>= 128 active); best E030 all-case mean +0.149 active 182/256; top5: {30: 0.149, 127: 0.117, 105: 0.008, 121: 0.006, 20: 0.0}
05:45:19 L41 set paper: 5 candidates (>= 64 active); best E001 all-case mean +0.152 active 106/128; top5: {1: 0.152, 45: 0.024, 14: 0.018, 121: 0.004, 97: 0.001}
05:45:19 L41 set strict: 5 candidates (>= 64 active); best E001 all-case mean +0.166 active 106/128; top5: {1: 0.166, 14: 0.023, 45: 0.021, 121: 0.01, 97: 0.008}
05:45:19 L41 set relaxed: 4 candidates (>= 128 active); best E001 all-case mean +0.134 active 216/256; top5: {1: 0.134, 45: 0.03, 97: 0.006, 14: 0.002}
05:45:19 L42 set paper: 5 candidates (>= 64 active); best E115 all-case mean +0.487 active 118/128; top5: {115: 0.487, 55: 0.026, 101: 0.019, 65: 0.008, 75: -0.0}
05:45:19 L42 set strict: 5 candidates (>= 64 active); best E115 all-case mean +0.535 active 123/128; top5: {115: 0.535, 16: 0.04, 101: 0.01, 65: 0.003, 55: -0.001}
05:45:19 L42 set relaxed: 4 candidates (>= 128 active); best E115 all-case mean +0.525 active 240/256; top5: {115: 0.525, 101: 0.013, 55: 0.01, 65: 0.006}
05:45:19 L43 set paper: 7 candidates (>= 64 active); best E046 all-case mean +0.165 active 79/128; top5: {46: 0.165, 5: 0.127, 104: 0.112, 120: 0.068, 36: 0.048}
05:45:19 L43 set strict: 6 candidates (>= 64 active); best E046 all-case mean +0.163 active 75/128; top5: {46: 0.163, 5: 0.126, 104: 0.096, 36: 0.053, 4: 0.031}
05:45:19 L43 set relaxed: 7 candidates (>= 128 active); best E046 all-case mean +0.154 active 148/256; top5: {46: 0.154, 5: 0.098, 104: 0.089, 120: 0.064, 36: 0.051}
05:45:19 L44 set paper: 4 candidates (>= 64 active); best E069 all-case mean +0.540 active 111/128; top5: {69: 0.54, 54: 0.035, 71: 0.018, 56: -0.012}
05:45:19 L44 set strict: 4 candidates (>= 64 active); best E069 all-case mean +0.640 active 116/128; top5: {69: 0.64, 54: 0.024, 56: 0.023, 71: 0.013}
05:45:19 L44 set relaxed: 4 candidates (>= 128 active); best E069 all-case mean +0.567 active 222/256; top5: {69: 0.567, 54: 0.029, 71: 0.005, 56: -0.001}
05:45:19 L45 set paper: 7 candidates (>= 64 active); best E127 all-case mean +0.008 active 68/128; top5: {127: 0.008, 80: 0.006, 70: 0.005, 87: -0.005, 12: -0.007}
05:45:19 L45 set strict: 6 candidates (>= 64 active); best E087 all-case mean +0.030 active 76/128; top5: {87: 0.03, 127: 0.01, 70: 0.001, 12: -0.003, 2: -0.012}
05:45:19 L45 set relaxed: 6 candidates (>= 128 active); best E127 all-case mean +0.011 active 136/256; top5: {127: 0.011, 87: 0.01, 70: 0.008, 12: 0.002, 2: -0.043}
05:45:19 L46 set paper: 6 candidates (>= 64 active); best E067 all-case mean +0.029 active 80/128; top5: {67: 0.029, 55: 0.026, 98: 0.007, 101: 0.005, 115: 0.004}
05:45:19 L46 set strict: 6 candidates (>= 64 active); best E067 all-case mean +0.028 active 85/128; top5: {67: 0.028, 98: 0.017, 101: 0.005, 115: -0.0, 117: -0.001}
05:45:19 L46 set relaxed: 6 candidates (>= 128 active); best E067 all-case mean +0.022 active 158/256; top5: {67: 0.022, 98: 0.009, 115: 0.002, 55: 0.001, 101: -0.004}
05:45:19 L47 set paper: 7 candidates (>= 64 active); best E032 all-case mean +0.036 active 116/128; top5: {32: 0.036, 34: 0.036, 117: 0.036, 47: 0.02, 123: 0.012}
05:45:19 L47 set strict: 7 candidates (>= 64 active); best E034 all-case mean +0.038 active 116/128; top5: {34: 0.038, 117: 0.037, 32: 0.024, 47: 0.02, 123: 0.008}
05:45:19 L47 set relaxed: 7 candidates (>= 128 active); best E032 all-case mean +0.027 active 228/256; top5: {32: 0.027, 117: 0.024, 47: 0.02, 34: 0.019, 123: 0.005}
05:45:19 chunk 5: wrote 67028 new rows; /home/ubuntu/MOE/results/qwen3_coder_default/expert_rows.parquet now holds 369040 rows over layers [0, 1, 2, 3, 4, 5, 6, 7, 8, 9, 10, 11, 12, 13, 14, 15, 16, 17, 18, 19, 20, 21, 22, 23, 24, 25, 26, 27, 28, 29, 30, 31, 32, 33, 34, 35, 36, 37, 38, 39, 40, 41, 42, 43, 44, 45, 46, 47]
2026-09-14T05:45:27Z END   ext2zoo-qwen3_coder_default-expert rc=0 (264s)
