2026-09-14T06:51:32Z START ext2zoo-mixtral_instruct_chat-expert (waited 0s): python scripts/ext2_zoo_expert.py mixtral_instruct --protocol chat --resume
06:51:47 mixtral_instruct/chat -> mixtral_instruct_chat: 32 layers, 94420 spawn rows, 2 chunks
06:51:54 mixtral_instruct: chunk 1/2: 547 cases, layers 0..15 (16), 1094 prefill rows, 46342 spawn rows
06:52:01   layer   0: load-wait 6.01s compute 1.08s  wf_rows=2909
06:52:24   layer   8: load-wait 1.93s compute 1.01s  wf_rows=25967
06:52:45   layer  16: load-wait 1.25s compute 1.43s  wf_rows=46342
06:53:06   layer  24: load-wait 1.46s compute 1.43s  wf_rows=46342
06:53:26   layer  31: load-wait 1.46s compute 1.43s  wf_rows=46342
06:53:26   pass done: 1094 prefill rows (T=37), 46342 spawn rows, 92.2s
06:53:26 pass time 92.5s
06:53:27 L0 set paper: 1 candidates (>= 64 active); best E004 all-case mean -0.034 active 79/128; top5: {4: -0.034}
06:53:27 L0 set strict: 1 candidates (>= 64 active); best E004 all-case mean -0.034 active 81/128; top5: {4: -0.034}
06:53:27 L0 set relaxed: 1 candidates (>= 128 active); best E004 all-case mean +0.022 active 156/256; top5: {4: 0.022}
06:53:27 L1 set paper: no candidate meets the recurrence threshold; max activity 54
06:53:27 L1 set strict: no candidate meets the recurrence threshold; max activity 61
06:53:27 L1 set relaxed: no candidate meets the recurrence threshold; max activity 115
06:53:27 L2 set paper: 1 candidates (>= 64 active); best E006 all-case mean +0.014 active 77/128; top5: {6: 0.014}
06:53:27 L2 set strict: 1 candidates (>= 64 active); best E006 all-case mean +0.028 active 78/128; top5: {6: 0.028}
06:53:27 L2 set relaxed: 1 candidates (>= 128 active); best E006 all-case mean +0.003 active 138/256; top5: {6: 0.003}
06:53:27 L3 set paper: no candidate meets the recurrence threshold; max activity 62
06:53:27 L3 set strict: 1 candidates (>= 64 active); best E004 all-case mean -0.053 active 72/128; top5: {4: -0.053}
06:53:27 L3 set relaxed: no candidate meets the recurrence threshold; max activity 115
06:53:27 L4 set paper: 2 candidates (>= 64 active); best E002 all-case mean -0.003 active 82/128; top5: {2: -0.003, 7: -0.033}
06:53:27 L4 set strict: 2 candidates (>= 64 active); best E007 all-case mean +0.002 active 89/128; top5: {7: 0.002, 2: -0.078}
06:53:27 L4 set relaxed: 2 candidates (>= 128 active); best E007 all-case mean -0.020 active 165/256; top5: {7: -0.02, 2: -0.021}
06:53:27 L5 set paper: 1 candidates (>= 64 active); best E000 all-case mean -0.130 active 97/128; top5: {0: -0.13}
06:53:27 L5 set strict: 1 candidates (>= 64 active); best E000 all-case mean -0.073 active 88/128; top5: {0: -0.073}
06:53:27 L5 set relaxed: 1 candidates (>= 128 active); best E000 all-case mean -0.004 active 187/256; top5: {0: -0.004}
06:53:27 L6 set paper: 1 candidates (>= 64 active); best E007 all-case mean -0.044 active 92/128; top5: {7: -0.044}
06:53:27 L6 set strict: 1 candidates (>= 64 active); best E007 all-case mean +0.014 active 87/128; top5: {7: 0.014}
06:53:27 L6 set relaxed: 1 candidates (>= 128 active); best E007 all-case mean +0.003 active 172/256; top5: {7: 0.003}
06:53:27 L7 set paper: 1 candidates (>= 64 active); best E001 all-case mean +0.024 active 71/128; top5: {1: 0.024}
06:53:27 L7 set strict: 1 candidates (>= 64 active); best E001 all-case mean -0.046 active 78/128; top5: {1: -0.046}
06:53:27 L7 set relaxed: 1 candidates (>= 128 active); best E001 all-case mean +0.024 active 137/256; top5: {1: 0.024}
06:53:27 L8 set paper: no candidate meets the recurrence threshold; max activity 54
06:53:27 L8 set strict: no candidate meets the recurrence threshold; max activity 60
06:53:27 L8 set relaxed: no candidate meets the recurrence threshold; max activity 113
06:53:27 L9 set paper: 1 candidates (>= 64 active); best E000 all-case mean +0.086 active 105/128; top5: {0: 0.086}
06:53:27 L9 set strict: 1 candidates (>= 64 active); best E000 all-case mean +0.010 active 98/128; top5: {0: 0.01}
06:53:27 L9 set relaxed: 1 candidates (>= 128 active); best E000 all-case mean +0.102 active 212/256; top5: {0: 0.102}
06:53:27 L10 set paper: 2 candidates (>= 64 active); best E004 all-case mean -0.010 active 101/128; top5: {4: -0.01, 7: -0.063}
06:53:27 L10 set strict: 2 candidates (>= 64 active); best E004 all-case mean -0.030 active 103/128; top5: {4: -0.03, 7: -0.083}
06:53:27 L10 set relaxed: 2 candidates (>= 128 active); best E004 all-case mean +0.023 active 201/256; top5: {4: 0.023, 7: -0.01}
06:53:27 L11 set paper: 2 candidates (>= 64 active); best E000 all-case mean +0.092 active 105/128; top5: {0: 0.092, 6: 0.017}
06:53:27 L11 set strict: 2 candidates (>= 64 active); best E000 all-case mean -0.017 active 106/128; top5: {0: -0.017, 6: -0.019}
06:53:27 L11 set relaxed: 2 candidates (>= 128 active); best E006 all-case mean +0.043 active 154/256; top5: {6: 0.043, 0: 0.031}
06:53:27 L12 set paper: 2 candidates (>= 64 active); best E001 all-case mean +0.071 active 95/128; top5: {1: 0.071, 5: 0.007}
06:53:27 L12 set strict: 1 candidates (>= 64 active); best E001 all-case mean +0.059 active 92/128; top5: {1: 0.059}
06:53:27 L12 set relaxed: 2 candidates (>= 128 active); best E005 all-case mean +0.036 active 132/256; top5: {5: 0.036, 1: -0.019}
06:53:27 L13 set paper: 1 candidates (>= 64 active); best E000 all-case mean -0.035 active 74/128; top5: {0: -0.035}
06:53:27 L13 set strict: 1 candidates (>= 64 active); best E000 all-case mean -0.112 active 85/128; top5: {0: -0.112}
06:53:27 L13 set relaxed: 1 candidates (>= 128 active); best E000 all-case mean -0.060 active 163/256; top5: {0: -0.06}
06:53:27 L14 set paper: 2 candidates (>= 64 active); best E001 all-case mean +0.030 active 92/128; top5: {1: 0.03, 5: -0.05}
06:53:27 L14 set strict: 2 candidates (>= 64 active); best E001 all-case mean -0.051 active 96/128; top5: {1: -0.051, 5: -0.054}
06:53:27 L14 set relaxed: 2 candidates (>= 128 active); best E001 all-case mean +0.073 active 199/256; top5: {1: 0.073, 5: -0.059}
06:53:27 L15 set paper: 2 candidates (>= 64 active); best E006 all-case mean +0.022 active 75/128; top5: {6: 0.022, 5: -0.061}
06:53:27 L15 set strict: 2 candidates (>= 64 active); best E005 all-case mean +0.023 active 76/128; top5: {5: 0.023, 6: -0.016}
06:53:27 L15 set relaxed: 3 candidates (>= 128 active); best E005 all-case mean +0.103 active 144/256; top5: {5: 0.103, 2: 0.066, 6: 0.035}
06:53:27 chunk 1: wrote 46342 new rows; /home/ubuntu/MOE/results/mixtral_instruct_chat/expert_rows.parquet now holds 46342 rows over layers [0, 1, 2, 3, 4, 5, 6, 7, 8, 9, 10, 11, 12, 13, 14, 15]
06:53:27 mixtral_instruct: chunk 2/2: 547 cases, layers 16..31 (16), 1094 prefill rows, 48078 spawn rows
06:53:30   layer   0: load-wait 2.11s compute 0.57s  wf_rows=0
06:53:50   layer   8: load-wait 1.78s compute 0.57s  wf_rows=0
06:54:07   layer  16: load-wait 1.45s compute 0.61s  wf_rows=2877
06:54:24   layer  24: load-wait 1.39s compute 1.03s  wf_rows=26745
06:54:41   layer  31: load-wait 1.10s compute 1.42s  wf_rows=48078
06:54:41   pass done: 1094 prefill rows (T=37), 48078 spawn rows, 73.3s
06:54:41 pass time 73.5s
06:54:49 L16 set paper: 1 candidates (>= 64 active); best E007 all-case mean -0.101 active 114/128; top5: {7: -0.101}
06:54:49 L16 set strict: 1 candidates (>= 64 active); best E007 all-case mean -0.030 active 119/128; top5: {7: -0.03}
06:54:49 L16 set relaxed: 1 candidates (>= 128 active); best E007 all-case mean -0.113 active 239/256; top5: {7: -0.113}
06:54:49 L17 set paper: 2 candidates (>= 64 active); best E005 all-case mean +0.227 active 79/128; top5: {5: 0.227, 1: -0.036}
06:54:49 L17 set strict: 2 candidates (>= 64 active); best E005 all-case mean +0.201 active 85/128; top5: {5: 0.201, 1: 0.13}
06:54:49 L17 set relaxed: 2 candidates (>= 128 active); best E001 all-case mean +0.215 active 242/256; top5: {1: 0.215, 5: 0.157}
06:54:49 L18 set paper: 2 candidates (>= 64 active); best E001 all-case mean +0.590 active 94/128; top5: {1: 0.59, 6: 0.05}
06:54:49 L18 set strict: 2 candidates (>= 64 active); best E001 all-case mean +0.397 active 101/128; top5: {1: 0.397, 6: 0.012}
06:54:49 L18 set relaxed: 2 candidates (>= 128 active); best E001 all-case mean +0.494 active 203/256; top5: {1: 0.494, 6: 0.077}
06:54:49 L19 set paper: 2 candidates (>= 64 active); best E002 all-case mean +0.501 active 67/128; top5: {2: 0.501, 6: 0.078}
06:54:49 L19 set strict: 2 candidates (>= 64 active); best E002 all-case mean +0.427 active 73/128; top5: {2: 0.427, 6: 0.329}
06:54:49 L19 set relaxed: 1 candidates (>= 128 active); best E006 all-case mean +0.262 active 176/256; top5: {6: 0.262}
06:54:49 L20 set paper: 1 candidates (>= 64 active); best E005 all-case mean +0.071 active 72/128; top5: {5: 0.071}
06:54:49 L20 set strict: 1 candidates (>= 64 active); best E005 all-case mean +0.009 active 72/128; top5: {5: 0.009}
06:54:49 L20 set relaxed: 1 candidates (>= 128 active); best E005 all-case mean +0.344 active 156/256; top5: {5: 0.344}
06:54:49 L21 set paper: 1 candidates (>= 64 active); best E001 all-case mean +0.967 active 83/128; top5: {1: 0.967}
06:54:49 L21 set strict: 1 candidates (>= 64 active); best E001 all-case mean +0.839 active 88/128; top5: {1: 0.839}
06:54:49 L21 set relaxed: 2 candidates (>= 128 active); best E001 all-case mean +0.833 active 161/256; top5: {1: 0.833, 6: 0.347}
06:54:49 L22 set paper: 2 candidates (>= 64 active); best E005 all-case mean +0.366 active 81/128; top5: {5: 0.366, 1: 0.355}
06:54:49 L22 set strict: 2 candidates (>= 64 active); best E005 all-case mean +0.488 active 95/128; top5: {5: 0.488, 1: 0.135}
06:54:49 L22 set relaxed: 2 candidates (>= 128 active); best E005 all-case mean +0.504 active 180/256; top5: {5: 0.504, 1: 0.247}
06:54:49 L23 set paper: 1 candidates (>= 64 active); best E002 all-case mean +0.387 active 78/128; top5: {2: 0.387}
06:54:49 L23 set strict: 1 candidates (>= 64 active); best E002 all-case mean +0.268 active 84/128; top5: {2: 0.268}
06:54:49 L23 set relaxed: 1 candidates (>= 128 active); best E002 all-case mean +0.386 active 164/256; top5: {2: 0.386}
06:54:49 L24 set paper: 1 candidates (>= 64 active); best E007 all-case mean +0.151 active 84/128; top5: {7: 0.151}
06:54:49 L24 set strict: 2 candidates (>= 64 active); best E007 all-case mean +0.397 active 83/128; top5: {7: 0.397, 0: 0.212}
06:54:49 L24 set relaxed: 1 candidates (>= 128 active); best E007 all-case mean +0.291 active 183/256; top5: {7: 0.291}
06:54:49 L25 set paper: 1 candidates (>= 64 active); best E003 all-case mean +0.504 active 67/128; top5: {3: 0.504}
06:54:49 L25 set strict: 1 candidates (>= 64 active); best E003 all-case mean +0.563 active 75/128; top5: {3: 0.563}
06:54:49 L25 set relaxed: 2 candidates (>= 128 active); best E003 all-case mean +0.525 active 152/256; top5: {3: 0.525, 5: 0.095}
06:54:49 L26 set paper: 1 candidates (>= 64 active); best E000 all-case mean -0.006 active 72/128; top5: {0: -0.006}
06:54:49 L26 set strict: 1 candidates (>= 64 active); best E000 all-case mean +0.054 active 76/128; top5: {0: 0.054}
06:54:49 L26 set relaxed: 1 candidates (>= 128 active); best E000 all-case mean +0.171 active 150/256; top5: {0: 0.171}
06:54:49 L27 set paper: no candidate meets the recurrence threshold; max activity 53
06:54:49 L27 set strict: no candidate meets the recurrence threshold; max activity 61
06:54:49 L27 set relaxed: no candidate meets the recurrence threshold; max activity 114
06:54:49 L28 set paper: no candidate meets the recurrence threshold; max activity 63
06:54:49 L28 set strict: 1 candidates (>= 64 active); best E002 all-case mean +0.150 active 67/128; top5: {2: 0.15}
06:54:49 L28 set relaxed: 1 candidates (>= 128 active); best E002 all-case mean +0.128 active 141/256; top5: {2: 0.128}
06:54:49 L29 set paper: 1 candidates (>= 64 active); best E004 all-case mean +0.174 active 101/128; top5: {4: 0.174}
06:54:49 L29 set strict: 1 candidates (>= 64 active); best E004 all-case mean +0.221 active 104/128; top5: {4: 0.221}
06:54:49 L29 set relaxed: 1 candidates (>= 128 active); best E004 all-case mean +0.215 active 202/256; top5: {4: 0.215}
06:54:49 L30 set paper: 1 candidates (>= 64 active); best E007 all-case mean -0.211 active 104/128; top5: {7: -0.211}
06:54:49 L30 set strict: 1 candidates (>= 64 active); best E007 all-case mean -0.041 active 104/128; top5: {7: -0.041}
06:54:49 L30 set relaxed: 1 candidates (>= 128 active); best E007 all-case mean -0.086 active 213/256; top5: {7: -0.086}
06:54:49 L31 set paper: 2 candidates (>= 64 active); best E002 all-case mean +1.383 active 78/128; top5: {2: 1.383, 7: 0.482}
06:54:49 L31 set strict: 2 candidates (>= 64 active); best E002 all-case mean +1.671 active 87/128; top5: {2: 1.671, 7: 0.585}
06:54:49 L31 set relaxed: 2 candidates (>= 128 active); best E002 all-case mean +1.256 active 174/256; top5: {2: 1.256, 7: 0.399}
06:54:49 chunk 2: wrote 48078 new rows; /home/ubuntu/MOE/results/mixtral_instruct_chat/expert_rows.parquet now holds 94420 rows over layers [0, 1, 2, 3, 4, 5, 6, 7, 8, 9, 10, 11, 12, 13, 14, 15, 16, 17, 18, 19, 20, 21, 22, 23, 24, 25, 26, 27, 28, 29, 30, 31]
2026-09-14T06:54:57Z END   ext2zoo-mixtral_instruct_chat-expert rc=0 (205s)
