2026-09-14T05:33:59Z START ext2zoo-qwen3_instruct_default-expert (waited 212s): python scripts/ext2_zoo_expert.py qwen3_instruct --protocol default --resume
05:34:06 qwen3_instruct/default -> qwen3_instruct_default: 48 layers, 351304 spawn rows, 4 chunks
05:34:23 qwen3_instruct: chunk 1/4: 527 cases, layers 0..11 (12), 1054 prefill rows, 85165 spawn rows
05:34:26   layer   0: load-wait 2.85s compute 0.61s  wf_rows=6111
05:34:35   layer   8: load-wait 0.83s compute 0.45s  wf_rows=63360
05:34:45   layer  16: load-wait 0.66s compute 0.59s  wf_rows=85165
05:34:55   layer  24: load-wait 0.45s compute 0.58s  wf_rows=85165
05:35:05   layer  32: load-wait 0.66s compute 0.59s  wf_rows=85165
05:35:15   layer  40: load-wait 0.66s compute 0.59s  wf_rows=85165
05:35:24   layer  47: load-wait 0.65s compute 0.59s  wf_rows=85165
05:35:24   pass done: 1054 prefill rows (T=18), 85165 spawn rows, 61.1s
05:35:24 pass time 61.3s
05:35:25 L0 set paper: 8 candidates (>= 64 active); best E120 all-case mean +0.023 active 82/128; top5: {120: 0.023, 61: 0.016, 93: 0.012, 107: 0.006, 81: 0.004}
05:35:25 L0 set strict: 8 candidates (>= 64 active); best E120 all-case mean +0.021 active 76/128; top5: {120: 0.021, 69: 0.012, 81: 0.01, 31: 0.01, 61: 0.01}
05:35:25 L0 set relaxed: 8 candidates (>= 128 active); best E061 all-case mean +0.016 active 139/256; top5: {61: 0.016, 81: 0.014, 120: 0.01, 69: 0.005, 93: 0.004}
05:35:25 L1 set paper: 3 candidates (>= 64 active); best E083 all-case mean +0.025 active 90/128; top5: {83: 0.025, 86: 0.012, 122: 0.005}
05:35:25 L1 set strict: 3 candidates (>= 64 active); best E122 all-case mean +0.023 active 75/128; top5: {122: 0.023, 86: 0.018, 83: 0.006}
05:35:25 L1 set relaxed: 3 candidates (>= 128 active); best E083 all-case mean +0.015 active 172/256; top5: {83: 0.015, 122: 0.006, 86: 0.003}
05:35:25 L2 set paper: 4 candidates (>= 64 active); best E125 all-case mean +0.004 active 106/128; top5: {125: 0.004, 47: 0.002, 117: -0.003, 116: -0.01}
05:35:25 L2 set strict: 6 candidates (>= 64 active); best E117 all-case mean +0.012 active 88/128; top5: {117: 0.012, 123: 0.006, 125: 0.005, 51: 0.003, 47: 0.002}
05:35:25 L2 set relaxed: 5 candidates (>= 128 active); best E125 all-case mean +0.010 active 220/256; top5: {125: 0.01, 117: 0.008, 51: 0.007, 47: -0.002, 116: -0.014}
05:35:25 L3 set paper: 3 candidates (>= 64 active); best E001 all-case mean +0.016 active 68/128; top5: {1: 0.016, 76: -0.005, 25: -0.011}
05:35:25 L3 set strict: 2 candidates (>= 64 active); best E025 all-case mean +0.004 active 96/128; top5: {25: 0.004, 76: -0.006}
05:35:25 L3 set relaxed: 2 candidates (>= 128 active); best E076 all-case mean -0.003 active 139/256; top5: {76: -0.003, 25: -0.009}
05:35:25 L4 set paper: 4 candidates (>= 64 active); best E113 all-case mean +0.006 active 76/128; top5: {113: 0.006, 111: 0.003, 91: 0.001, 0: -0.003}
05:35:25 L4 set strict: 4 candidates (>= 64 active); best E111 all-case mean +0.003 active 89/128; top5: {111: 0.003, 0: 0.002, 91: 0.001, 113: -0.002}
05:35:25 L4 set relaxed: 5 candidates (>= 128 active); best E102 all-case mean +0.011 active 130/256; top5: {102: 0.011, 91: 0.0, 113: -0.0, 111: -0.002, 0: -0.004}
05:35:25 L5 set paper: 2 candidates (>= 64 active); best E080 all-case mean +0.005 active 90/128; top5: {80: 0.005, 111: -0.015}
05:35:25 L5 set strict: 2 candidates (>= 64 active); best E080 all-case mean -0.001 active 89/128; top5: {80: -0.001, 111: -0.004}
05:35:25 L5 set relaxed: 2 candidates (>= 128 active); best E111 all-case mean -0.000 active 175/256; top5: {111: -0.0, 80: -0.002}
05:35:25 L6 set paper: 3 candidates (>= 64 active); best E089 all-case mean +0.012 active 73/128; top5: {89: 0.012, 41: -0.001, 23: -0.003}
05:35:25 L6 set strict: 3 candidates (>= 64 active); best E023 all-case mean +0.007 active 88/128; top5: {23: 0.007, 89: 0.006, 63: -0.005}
05:35:25 L6 set relaxed: 3 candidates (>= 128 active); best E023 all-case mean +0.011 active 174/256; top5: {23: 0.011, 41: 0.01, 89: 0.007}
05:35:25 L7 set paper: 4 candidates (>= 64 active); best E005 all-case mean +0.008 active 82/128; top5: {5: 0.008, 33: -0.003, 100: -0.005, 72: -0.01}
05:35:25 L7 set strict: 4 candidates (>= 64 active); best E033 all-case mean +0.011 active 90/128; top5: {33: 0.011, 5: 0.01, 100: 0.004, 72: -0.007}
05:35:25 L7 set relaxed: 4 candidates (>= 128 active); best E005 all-case mean +0.003 active 187/256; top5: {5: 0.003, 100: -0.001, 33: -0.002, 72: -0.005}
05:35:25 L8 set paper: 5 candidates (>= 64 active); best E127 all-case mean +0.015 active 92/128; top5: {127: 0.015, 38: 0.008, 99: -0.001, 44: -0.012, 72: -0.016}
05:35:25 L8 set strict: 6 candidates (>= 64 active); best E038 all-case mean +0.016 active 111/128; top5: {38: 0.016, 127: 0.003, 99: 0.003, 44: -0.001, 28: -0.005}
05:35:25 L8 set relaxed: 5 candidates (>= 128 active); best E038 all-case mean +0.004 active 228/256; top5: {38: 0.004, 127: 0.001, 72: 0.0, 99: -0.0, 44: -0.0}
05:35:25 L9 set paper: 4 candidates (>= 64 active); best E111 all-case mean -0.003 active 94/128; top5: {111: -0.003, 80: -0.004, 43: -0.01, 76: -0.011}
05:35:25 L9 set strict: 5 candidates (>= 64 active); best E043 all-case mean +0.007 active 64/128; top5: {43: 0.007, 111: -0.001, 76: -0.007, 80: -0.011, 71: -0.013}
05:35:25 L9 set relaxed: 5 candidates (>= 128 active); best E071 all-case mean +0.007 active 148/256; top5: {71: 0.007, 80: 0.004, 105: 0.002, 111: -0.002, 76: -0.007}
05:35:25 L10 set paper: 6 candidates (>= 64 active); best E091 all-case mean +0.005 active 66/128; top5: {91: 0.005, 14: 0.001, 30: 0.0, 69: -0.0, 18: -0.001}
05:35:25 L10 set strict: 5 candidates (>= 64 active); best E069 all-case mean +0.009 active 71/128; top5: {69: 0.009, 14: 0.006, 18: 0.005, 50: 0.003, 30: 0.002}
05:35:25 L10 set relaxed: 5 candidates (>= 128 active); best E030 all-case mean +0.004 active 145/256; top5: {30: 0.004, 14: 0.0, 69: -0.003, 18: -0.004, 50: -0.004}
05:35:25 L11 set paper: 5 candidates (>= 64 active); best E060 all-case mean +0.004 active 124/128; top5: {60: 0.004, 21: 0.004, 115: 0.001, 13: -0.005, 58: -0.009}
05:35:25 L11 set strict: 5 candidates (>= 64 active); best E060 all-case mean +0.018 active 123/128; top5: {60: 0.018, 21: 0.016, 115: 0.015, 58: -0.003, 13: -0.003}
05:35:25 L11 set relaxed: 6 candidates (>= 128 active); best E060 all-case mean +0.013 active 251/256; top5: {60: 0.013, 21: 0.004, 89: 0.004, 13: -0.004, 115: -0.004}
05:35:25 chunk 1: wrote 85165 new rows; /home/ubuntu/MOE/results/qwen3_instruct_default/expert_rows.parquet now holds 85165 rows over layers [0, 1, 2, 3, 4, 5, 6, 7, 8, 9, 10, 11]
05:35:25 qwen3_instruct: chunk 2/4: 527 cases, layers 12..23 (12), 1054 prefill rows, 90529 spawn rows
05:35:26   layer   0: load-wait 0.97s compute 0.09s  wf_rows=0
05:35:35   layer   8: load-wait 1.15s compute 0.09s  wf_rows=0
05:35:43   layer  16: load-wait 0.58s compute 0.30s  wf_rows=36887
05:35:53   layer  24: load-wait 0.40s compute 0.62s  wf_rows=90529
05:36:00   layer  32: load-wait 0.10s compute 0.62s  wf_rows=90529
05:36:06   layer  40: load-wait 0.11s compute 0.62s  wf_rows=90529
05:36:12   layer  47: load-wait 0.10s compute 0.62s  wf_rows=90529
05:36:12   pass done: 1054 prefill rows (T=18), 90529 spawn rows, 46.6s
05:36:12 pass time 46.7s
05:36:13 L12 set paper: 6 candidates (>= 64 active); best E085 all-case mean +0.007 active 67/128; top5: {85: 0.007, 53: 0.006, 115: 0.001, 69: 0.0, 34: -0.003}
05:36:13 L12 set strict: 6 candidates (>= 64 active); best E115 all-case mean +0.004 active 86/128; top5: {115: 0.004, 69: 0.003, 27: -0.002, 53: -0.006, 34: -0.006}
05:36:13 L12 set relaxed: 6 candidates (>= 128 active); best E027 all-case mean +0.007 active 134/256; top5: {27: 0.007, 115: 0.007, 69: 0.003, 34: -0.003, 53: -0.007}
05:36:13 L13 set paper: 6 candidates (>= 64 active); best E104 all-case mean +0.018 active 106/128; top5: {104: 0.018, 106: 0.015, 44: 0.009, 24: 0.008, 10: -0.001}
05:36:13 L13 set strict: 6 candidates (>= 64 active); best E121 all-case mean +0.005 active 75/128; top5: {121: 0.005, 104: 0.002, 24: 0.001, 106: -0.002, 44: -0.004}
05:36:13 L13 set relaxed: 6 candidates (>= 128 active); best E044 all-case mean +0.006 active 196/256; top5: {44: 0.006, 121: -0.001, 24: -0.001, 106: -0.002, 104: -0.003}
05:36:13 L14 set paper: 5 candidates (>= 64 active); best E038 all-case mean +0.018 active 105/128; top5: {38: 0.018, 57: -0.002, 28: -0.005, 55: -0.009, 3: -0.014}
05:36:13 L14 set strict: 6 candidates (>= 64 active); best E038 all-case mean +0.007 active 99/128; top5: {38: 0.007, 115: 0.005, 57: 0.003, 28: -0.006, 55: -0.008}
05:36:13 L14 set relaxed: 5 candidates (>= 128 active); best E038 all-case mean +0.010 active 209/256; top5: {38: 0.01, 57: 0.008, 28: 0.004, 55: -0.001, 3: -0.003}
05:36:13 L15 set paper: 6 candidates (>= 64 active); best E040 all-case mean +0.010 active 127/128; top5: {40: 0.01, 16: 0.006, 50: 0.004, 6: 0.003, 3: 0.001}
05:36:13 L15 set strict: 5 candidates (>= 64 active); best E003 all-case mean +0.000 active 69/128; top5: {3: 0.0, 34: -0.001, 121: -0.004, 16: -0.008, 40: -0.015}
05:36:13 L15 set relaxed: 5 candidates (>= 128 active); best E040 all-case mean +0.006 active 254/256; top5: {40: 0.006, 121: 0.0, 50: -0.002, 34: -0.002, 16: -0.006}
05:36:13 L16 set paper: 4 candidates (>= 64 active); best E127 all-case mean +0.027 active 81/128; top5: {127: 0.027, 30: 0.021, 121: 0.0, 14: -0.008}
05:36:13 L16 set strict: 6 candidates (>= 64 active); best E030 all-case mean +0.013 active 95/128; top5: {30: 0.013, 14: 0.002, 121: 0.001, 127: 0.0, 75: -0.001}
05:36:13 L16 set relaxed: 6 candidates (>= 128 active); best E127 all-case mean +0.016 active 157/256; top5: {127: 0.016, 26: 0.01, 30: 0.003, 14: 0.002, 121: 0.001}
05:36:13 L17 set paper: 5 candidates (>= 64 active); best E082 all-case mean +0.012 active 82/128; top5: {82: 0.012, 14: 0.007, 9: 0.003, 103: -0.004, 45: -0.009}
05:36:13 L17 set strict: 4 candidates (>= 64 active); best E009 all-case mean +0.002 active 94/128; top5: {9: 0.002, 112: -0.0, 45: -0.001, 14: -0.003}
05:36:13 L17 set relaxed: 6 candidates (>= 128 active); best E009 all-case mean +0.009 active 182/256; top5: {9: 0.009, 103: 0.006, 14: 0.002, 82: 0.001, 112: -0.002}
05:36:13 L18 set paper: 2 candidates (>= 64 active); best E089 all-case mean +0.013 active 79/128; top5: {89: 0.013, 22: -0.001}
05:36:13 L18 set strict: 3 candidates (>= 64 active); best E022 all-case mean +0.011 active 67/128; top5: {22: 0.011, 23: 0.005, 89: 0.001}
05:36:13 L18 set relaxed: 2 candidates (>= 128 active); best E089 all-case mean +0.013 active 178/256; top5: {89: 0.013, 22: 0.009}
05:36:13 L19 set paper: 4 candidates (>= 64 active); best E100 all-case mean +0.014 active 81/128; top5: {100: 0.014, 33: 0.005, 5: -0.001, 59: -0.013}
05:36:13 L19 set strict: 3 candidates (>= 64 active); best E005 all-case mean +0.007 active 76/128; top5: {5: 0.007, 33: 0.004, 100: 0.002}
05:36:13 L19 set relaxed: 3 candidates (>= 128 active); best E033 all-case mean +0.003 active 173/256; top5: {33: 0.003, 5: -0.005, 100: -0.007}
05:36:13 L20 set paper: 5 candidates (>= 64 active); best E072 all-case mean +0.019 active 81/128; top5: {72: 0.019, 32: 0.005, 127: -0.001, 38: -0.007, 99: -0.01}
05:36:13 L20 set strict: 5 candidates (>= 64 active); best E032 all-case mean +0.009 active 66/128; top5: {32: 0.009, 38: 0.007, 99: -0.002, 72: -0.002, 100: -0.002}
05:36:13 L20 set relaxed: 6 candidates (>= 128 active); best E099 all-case mean +0.003 active 149/256; top5: {99: 0.003, 32: 0.0, 100: -0.001, 44: -0.003, 72: -0.004}
05:36:13 L21 set paper: 4 candidates (>= 64 active); best E111 all-case mean +0.005 active 116/128; top5: {111: 0.005, 17: 0.003, 76: 0.001, 80: -0.003}
05:36:13 L21 set strict: 5 candidates (>= 64 active); best E017 all-case mean +0.003 active 70/128; top5: {17: 0.003, 71: -0.0, 80: -0.003, 76: -0.003, 111: -0.007}
05:36:13 L21 set relaxed: 5 candidates (>= 128 active); best E080 all-case mean +0.003 active 160/256; top5: {80: 0.003, 71: -0.003, 76: -0.006, 17: -0.009, 111: -0.009}
05:36:13 L22 set paper: 8 candidates (>= 64 active); best E069 all-case mean +0.013 active 122/128; top5: {69: 0.013, 18: 0.007, 14: 0.006, 85: 0.006, 94: 0.002}
05:36:13 L22 set strict: 7 candidates (>= 64 active); best E069 all-case mean +0.021 active 123/128; top5: {69: 0.021, 85: 0.012, 94: 0.005, 98: -0.002, 14: -0.003}
05:36:13 L22 set relaxed: 7 candidates (>= 128 active); best E069 all-case mean +0.012 active 243/256; top5: {69: 0.012, 85: 0.006, 50: 0.0, 18: 0.0, 14: -0.0}
05:36:13 L23 set paper: 6 candidates (>= 64 active); best E060 all-case mean +0.004 active 125/128; top5: {60: 0.004, 13: 0.003, 21: 0.002, 115: -0.002, 58: -0.003}
05:36:13 L23 set strict: 6 candidates (>= 64 active); best E013 all-case mean +0.006 active 79/128; top5: {13: 0.006, 58: 0.005, 21: -0.004, 60: -0.005, 115: -0.009}
05:36:13 L23 set relaxed: 6 candidates (>= 128 active); best E058 all-case mean +0.007 active 148/256; top5: {58: 0.007, 13: 0.003, 60: 0.002, 96: -0.002, 115: -0.004}
05:36:13 chunk 2: wrote 90529 new rows; /home/ubuntu/MOE/results/qwen3_instruct_default/expert_rows.parquet now holds 175694 rows over layers [0, 1, 2, 3, 4, 5, 6, 7, 8, 9, 10, 11, 12, 13, 14, 15, 16, 17, 18, 19, 20, 21, 22, 23]
05:36:13 qwen3_instruct: chunk 3/4: 527 cases, layers 24..35 (12), 1054 prefill rows, 90155 spawn rows
05:36:14   layer   0: load-wait 0.65s compute 0.10s  wf_rows=0
05:36:18   layer   8: load-wait 0.63s compute 0.09s  wf_rows=0
05:36:24   layer  16: load-wait 0.44s compute 0.09s  wf_rows=0
05:36:29   layer  24: load-wait 0.67s compute 0.17s  wf_rows=7606
05:36:36   layer  32: load-wait 0.27s compute 0.48s  wf_rows=68237
05:36:43   layer  40: load-wait 0.14s compute 0.62s  wf_rows=90155
05:36:48   layer  47: load-wait 0.10s compute 0.61s  wf_rows=90155
05:36:48   pass done: 1054 prefill rows (T=18), 90155 spawn rows, 35.6s
05:36:48 pass time 35.7s
05:36:49 L24 set paper: 7 candidates (>= 64 active); best E065 all-case mean +0.003 active 86/128; top5: {65: 0.003, 46: 0.002, 34: 0.0, 115: -0.002, 27: -0.003}
05:36:49 L24 set strict: 7 candidates (>= 64 active); best E065 all-case mean +0.014 active 88/128; top5: {65: 0.014, 46: 0.013, 34: 0.01, 115: 0.01, 27: 0.009}
05:36:49 L24 set relaxed: 7 candidates (>= 128 active); best E046 all-case mean +0.012 active 132/256; top5: {46: 0.012, 27: 0.007, 69: 0.006, 115: 0.006, 34: 0.004}
05:36:49 L25 set paper: 6 candidates (>= 64 active); best E044 all-case mean +0.005 active 82/128; top5: {44: 0.005, 106: -0.004, 121: -0.007, 91: -0.008, 82: -0.009}
05:36:49 L25 set strict: 6 candidates (>= 64 active); best E104 all-case mean +0.016 active 128/128; top5: {104: 0.016, 106: 0.01, 44: 0.01, 82: 0.01, 121: 0.006}
05:36:49 L25 set relaxed: 6 candidates (>= 128 active); best E044 all-case mean +0.012 active 174/256; top5: {44: 0.012, 82: 0.007, 106: 0.004, 104: 0.003, 121: 0.001}
05:36:49 L26 set paper: 6 candidates (>= 64 active); best E057 all-case mean +0.003 active 109/128; top5: {57: 0.003, 115: 0.002, 3: 0.0, 38: -0.0, 55: -0.0}
05:36:49 L26 set strict: 5 candidates (>= 64 active); best E115 all-case mean +0.016 active 86/128; top5: {115: 0.016, 38: 0.015, 57: 0.009, 3: 0.006, 55: -0.002}
05:36:49 L26 set relaxed: 5 candidates (>= 128 active); best E055 all-case mean +0.014 active 238/256; top5: {55: 0.014, 38: 0.014, 57: 0.008, 115: 0.006, 3: 0.003}
05:36:49 L27 set paper: 6 candidates (>= 64 active); best E121 all-case mean +0.007 active 69/128; top5: {121: 0.007, 3: 0.006, 40: 0.002, 6: -0.003, 16: -0.006}
05:36:49 L27 set strict: 6 candidates (>= 64 active); best E040 all-case mean +0.017 active 127/128; top5: {40: 0.017, 121: 0.011, 34: 0.006, 3: 0.005, 17: 0.002}
05:36:49 L27 set relaxed: 5 candidates (>= 128 active); best E040 all-case mean +0.020 active 256/256; top5: {40: 0.02, 3: 0.008, 121: 0.007, 16: 0.006, 34: -0.001}
05:36:49 L28 set paper: 6 candidates (>= 64 active); best E030 all-case mean +0.091 active 114/128; top5: {30: 0.091, 127: 0.063, 80: 0.007, 14: -0.003, 105: -0.004}
05:36:49 L28 set strict: 7 candidates (>= 64 active); best E030 all-case mean +0.083 active 110/128; top5: {30: 0.083, 127: 0.041, 80: 0.013, 75: 0.006, 121: 0.005}
05:36:49 L28 set relaxed: 7 candidates (>= 128 active); best E030 all-case mean +0.079 active 228/256; top5: {30: 0.079, 127: 0.053, 80: 0.016, 121: 0.007, 75: 0.005}
05:36:49 L29 set paper: 4 candidates (>= 64 active); best E082 all-case mean +0.020 active 110/128; top5: {82: 0.02, 1: 0.017, 9: 0.001, 45: -0.009}
05:36:49 L29 set strict: 4 candidates (>= 64 active); best E082 all-case mean +0.015 active 107/128; top5: {82: 0.015, 1: 0.014, 9: 0.002, 45: 0.002}
05:36:49 L29 set relaxed: 4 candidates (>= 128 active); best E001 all-case mean +0.028 active 181/256; top5: {1: 0.028, 82: 0.017, 9: 0.005, 45: -0.0}
05:36:49 L30 set paper: 2 candidates (>= 64 active); best E089 all-case mean +0.053 active 82/128; top5: {89: 0.053, 22: 0.003}
05:36:49 L30 set strict: 2 candidates (>= 64 active); best E089 all-case mean +0.068 active 89/128; top5: {89: 0.068, 22: 0.009}
05:36:49 L30 set relaxed: 2 candidates (>= 128 active); best E089 all-case mean +0.038 active 185/256; top5: {89: 0.038, 22: -0.005}
05:36:49 L31 set paper: 3 candidates (>= 64 active); best E033 all-case mean +0.015 active 83/128; top5: {33: 0.015, 100: 0.003, 5: -0.001}
05:36:49 L31 set strict: 3 candidates (>= 64 active); best E033 all-case mean +0.014 active 89/128; top5: {33: 0.014, 5: 0.007, 100: 0.004}
05:36:49 L31 set relaxed: 3 candidates (>= 128 active); best E100 all-case mean +0.006 active 141/256; top5: {100: 0.006, 33: 0.003, 5: -0.003}
05:36:49 L32 set paper: 4 candidates (>= 64 active); best E032 all-case mean +0.014 active 84/128; top5: {32: 0.014, 38: 0.006, 99: 0.005, 100: -0.005}
05:36:49 L32 set strict: 4 candidates (>= 64 active); best E038 all-case mean +0.016 active 104/128; top5: {38: 0.016, 32: 0.01, 99: -0.001, 100: -0.005}
05:36:49 L32 set relaxed: 4 candidates (>= 128 active); best E032 all-case mean +0.023 active 173/256; top5: {32: 0.023, 99: 0.001, 100: -0.006, 38: -0.01}
05:36:49 L33 set paper: 4 candidates (>= 64 active); best E076 all-case mean +0.080 active 95/128; top5: {76: 0.08, 80: 0.01, 111: 0.006, 17: 0.006}
05:36:49 L33 set strict: 5 candidates (>= 64 active); best E076 all-case mean +0.079 active 97/128; top5: {76: 0.079, 80: 0.021, 111: 0.019, 17: 0.01, 71: 0.005}
05:36:49 L33 set relaxed: 5 candidates (>= 128 active); best E076 all-case mean +0.076 active 203/256; top5: {76: 0.076, 80: 0.022, 111: 0.007, 17: 0.004, 71: 0.002}
05:36:49 L34 set paper: 6 candidates (>= 64 active); best E094 all-case mean +0.061 active 105/128; top5: {94: 0.061, 69: 0.005, 98: 0.002, 91: 0.001, 14: -0.0}
05:36:49 L34 set strict: 6 candidates (>= 64 active); best E094 all-case mean +0.049 active 105/128; top5: {94: 0.049, 69: 0.038, 14: 0.021, 91: 0.016, 98: 0.004}
05:36:49 L34 set relaxed: 6 candidates (>= 128 active); best E094 all-case mean +0.042 active 207/256; top5: {94: 0.042, 69: 0.012, 98: 0.005, 14: 0.002, 91: 0.001}
05:36:49 L35 set paper: 8 candidates (>= 64 active); best E090 all-case mean +0.007 active 77/128; top5: {90: 0.007, 115: 0.006, 58: 0.001, 60: -0.002, 59: -0.002}
05:36:49 L35 set strict: 8 candidates (>= 64 active); best E090 all-case mean +0.014 active 72/128; top5: {90: 0.014, 115: 0.009, 21: 0.005, 60: 0.003, 58: 0.002}
05:36:49 L35 set relaxed: 8 candidates (>= 128 active); best E115 all-case mean +0.012 active 215/256; top5: {115: 0.012, 59: 0.006, 58: 0.005, 60: 0.003, 90: 0.003}
05:36:49 chunk 3: wrote 90155 new rows; /home/ubuntu/MOE/results/qwen3_instruct_default/expert_rows.parquet now holds 265849 rows over layers [0, 1, 2, 3, 4, 5, 6, 7, 8, 9, 10, 11, 12, 13, 14, 15, 16, 17, 18, 19, 20, 21, 22, 23, 24, 25, 26, 27, 28, 29, 30, 31, 32, 33, 34, 35]
05:36:50 qwen3_instruct: chunk 4/4: 527 cases, layers 36..47 (12), 1054 prefill rows, 85455 spawn rows
05:36:51   layer   0: load-wait 0.77s compute 0.10s  wf_rows=0
05:36:56   layer   8: load-wait 0.47s compute 0.09s  wf_rows=0
05:37:00   layer  16: load-wait 0.52s compute 0.10s  wf_rows=0
05:37:06   layer  24: load-wait 0.61s compute 0.09s  wf_rows=0
05:37:12   layer  32: load-wait 0.72s compute 0.09s  wf_rows=0
05:37:20   layer  40: load-wait 0.81s compute 0.29s  wf_rows=35627
05:37:30   layer  47: load-wait 0.63s compute 0.59s  wf_rows=85455
05:37:30   pass done: 1054 prefill rows (T=18), 85455 spawn rows, 40.2s
05:37:30 pass time 40.3s
05:37:31 L36 set paper: 6 candidates (>= 64 active); best E002 all-case mean +0.017 active 121/128; top5: {2: 0.017, 115: 0.012, 34: 0.01, 69: 0.008, 27: 0.007}
05:37:31 L36 set strict: 7 candidates (>= 64 active); best E002 all-case mean +0.015 active 119/128; top5: {2: 0.015, 34: 0.009, 115: 0.006, 27: 0.005, 69: 0.002}
05:37:31 L36 set relaxed: 6 candidates (>= 128 active); best E034 all-case mean +0.012 active 135/256; top5: {34: 0.012, 2: 0.01, 27: 0.01, 69: 0.007, 73: 0.006}
05:37:31 L37 set paper: 6 candidates (>= 64 active); best E104 all-case mean +0.070 active 128/128; top5: {104: 0.07, 106: 0.01, 93: 0.008, 55: 0.006, 79: 0.003}
05:37:31 L37 set strict: 5 candidates (>= 64 active); best E104 all-case mean +0.053 active 128/128; top5: {104: 0.053, 106: 0.01, 121: 0.003, 55: 0.002, 79: 0.002}
05:37:31 L37 set relaxed: 5 candidates (>= 128 active); best E104 all-case mean +0.048 active 255/256; top5: {104: 0.048, 106: 0.013, 79: 0.005, 93: 0.002, 121: 0.001}
05:37:31 L38 set paper: 7 candidates (>= 64 active); best E057 all-case mean +0.065 active 88/128; top5: {57: 0.065, 38: 0.053, 55: 0.017, 84: 0.014, 3: 0.008}
05:37:31 L38 set strict: 6 candidates (>= 64 active); best E057 all-case mean +0.065 active 98/128; top5: {57: 0.065, 38: 0.038, 28: 0.01, 55: 0.006, 84: 0.003}
05:37:31 L38 set relaxed: 7 candidates (>= 128 active); best E057 all-case mean +0.051 active 190/256; top5: {57: 0.051, 38: 0.043, 28: 0.011, 3: 0.005, 55: 0.004}
05:37:31 L39 set paper: 6 candidates (>= 64 active); best E040 all-case mean +0.050 active 126/128; top5: {40: 0.05, 3: 0.013, 89: 0.009, 6: 0.006, 34: -0.001}
05:37:31 L39 set strict: 5 candidates (>= 64 active); best E040 all-case mean +0.020 active 124/128; top5: {40: 0.02, 89: 0.01, 6: 0.005, 3: -0.004, 34: -0.005}
05:37:31 L39 set relaxed: 6 candidates (>= 128 active); best E040 all-case mean +0.032 active 250/256; top5: {40: 0.032, 34: 0.004, 3: 0.003, 89: 0.003, 6: -0.001}
05:37:31 L40 set paper: 5 candidates (>= 64 active); best E127 all-case mean +0.177 active 94/128; top5: {127: 0.177, 30: 0.166, 121: 0.011, 20: 0.005, 105: 0.002}
05:37:31 L40 set strict: 5 candidates (>= 64 active); best E030 all-case mean +0.148 active 93/128; top5: {30: 0.148, 127: 0.123, 105: 0.005, 20: 0.0, 121: -0.008}
05:37:31 L40 set relaxed: 5 candidates (>= 128 active); best E127 all-case mean +0.156 active 197/256; top5: {127: 0.156, 30: 0.144, 105: 0.015, 20: 0.003, 121: -0.0}
05:37:31 L41 set paper: 5 candidates (>= 64 active); best E001 all-case mean +0.170 active 117/128; top5: {1: 0.17, 82: 0.038, 14: 0.009, 45: 0.007, 97: 0.006}
05:37:31 L41 set strict: 5 candidates (>= 64 active); best E001 all-case mean +0.160 active 108/128; top5: {1: 0.16, 9: 0.016, 45: 0.007, 14: 0.001, 97: -0.002}
05:37:31 L41 set relaxed: 5 candidates (>= 128 active); best E001 all-case mean +0.147 active 224/256; top5: {1: 0.147, 9: 0.015, 14: 0.008, 97: 0.005, 45: 0.002}
05:37:31 L42 set paper: 5 candidates (>= 64 active); best E115 all-case mean +0.506 active 124/128; top5: {115: 0.506, 55: 0.008, 65: 0.008, 101: 0.004, 23: 0.004}
05:37:31 L42 set strict: 5 candidates (>= 64 active); best E115 all-case mean +0.491 active 121/128; top5: {115: 0.491, 16: 0.023, 23: -0.004, 65: -0.006, 101: -0.017}
05:37:31 L42 set relaxed: 5 candidates (>= 128 active); best E115 all-case mean +0.433 active 239/256; top5: {115: 0.433, 55: 0.007, 23: 0.003, 65: -0.0, 101: -0.009}
05:37:31 L43 set paper: 7 candidates (>= 64 active); best E005 all-case mean +0.203 active 77/128; top5: {5: 0.203, 46: 0.16, 104: 0.067, 37: 0.057, 120: 0.048}
05:37:31 L43 set strict: 7 candidates (>= 64 active); best E005 all-case mean +0.153 active 79/128; top5: {5: 0.153, 46: 0.112, 104: 0.07, 37: 0.043, 36: 0.038}
05:37:31 L43 set relaxed: 7 candidates (>= 128 active); best E005 all-case mean +0.163 active 172/256; top5: {5: 0.163, 46: 0.102, 104: 0.071, 37: 0.041, 120: 0.037}
05:37:31 L44 set paper: 5 candidates (>= 64 active); best E069 all-case mean +0.544 active 110/128; top5: {69: 0.544, 27: 0.032, 54: 0.017, 71: 0.001, 56: -0.016}
05:37:31 L44 set strict: 6 candidates (>= 64 active); best E069 all-case mean +0.512 active 108/128; top5: {69: 0.512, 6: 0.133, 27: 0.045, 56: 0.017, 54: 0.006}
05:37:31 L44 set relaxed: 5 candidates (>= 128 active); best E069 all-case mean +0.505 active 220/256; top5: {69: 0.505, 6: 0.098, 54: 0.018, 71: 0.009, 56: 0.009}
05:37:31 L45 set paper: 4 candidates (>= 64 active); best E127 all-case mean +0.003 active 65/128; top5: {127: 0.003, 12: -0.018, 2: -0.051, 27: -0.119}
05:37:31 L45 set strict: 6 candidates (>= 64 active); best E127 all-case mean -0.003 active 72/128; top5: {127: -0.003, 2: -0.006, 117: -0.009, 37: -0.01, 12: -0.028}
05:37:31 L45 set relaxed: 4 candidates (>= 128 active); best E002 all-case mean +0.001 active 186/256; top5: {2: 0.001, 37: 0.0, 12: -0.012, 27: -0.076}
05:37:31 L46 set paper: 6 candidates (>= 64 active); best E067 all-case mean +0.019 active 90/128; top5: {67: 0.019, 127: 0.007, 60: -0.001, 117: -0.023, 101: -0.024}
05:37:31 L46 set strict: 7 candidates (>= 64 active); best E098 all-case mean +0.001 active 66/128; top5: {98: 0.001, 127: 0.0, 101: -0.009, 60: -0.01, 67: -0.011}
05:37:31 L46 set relaxed: 6 candidates (>= 128 active); best E060 all-case mean +0.008 active 160/256; top5: {60: 0.008, 127: 0.004, 67: -0.004, 117: -0.008, 101: -0.014}
05:37:31 L47 set paper: 7 candidates (>= 64 active); best E034 all-case mean +0.059 active 114/128; top5: {34: 0.059, 32: 0.043, 117: 0.014, 58: 0.01, 85: 0.007}
05:37:31 L47 set strict: 6 candidates (>= 64 active); best E032 all-case mean +0.042 active 113/128; top5: {32: 0.042, 117: 0.032, 34: 0.026, 85: 0.007, 58: -0.004}
05:37:31 L47 set relaxed: 7 candidates (>= 128 active); best E032 all-case mean +0.039 active 218/256; top5: {32: 0.039, 34: 0.029, 117: 0.026, 55: 0.009, 58: 0.003}
05:37:31 chunk 4: wrote 85455 new rows; /home/ubuntu/MOE/results/qwen3_instruct_default/expert_rows.parquet now holds 351304 rows over layers [0, 1, 2, 3, 4, 5, 6, 7, 8, 9, 10, 11, 12, 13, 14, 15, 16, 17, 18, 19, 20, 21, 22, 23, 24, 25, 26, 27, 28, 29, 30, 31, 32, 33, 34, 35, 36, 37, 38, 39, 40, 41, 42, 43, 44, 45, 46, 47]
2026-09-14T05:37:39Z END   ext2zoo-qwen3_instruct_default-expert rc=0 (220s)
