2026-09-14T06:34:14Z START ext2zoo-qwen3_coder_chat-expert (waited 486s): python scripts/ext2_zoo_expert.py qwen3_coder --protocol chat --resume
06:34:29 qwen3_coder/chat -> qwen3_coder_chat: 48 layers, 331628 spawn rows, 5 chunks
06:34:39 qwen3_coder: chunk 1/5: 539 cases, layers 0..9 (10), 1078 prefill rows, 67206 spawn rows
06:34:43   layer   0: load-wait 2.86s compute 0.79s  wf_rows=6226
06:34:52   layer   8: load-wait 0.65s compute 0.65s  wf_rows=60389
06:35:02   layer  16: load-wait 0.53s compute 0.72s  wf_rows=67206
06:35:12   layer  24: load-wait 0.12s compute 0.71s  wf_rows=67206
06:35:22   layer  32: load-wait 0.53s compute 0.72s  wf_rows=67206
06:35:31   layer  40: load-wait 0.53s compute 0.72s  wf_rows=67206
06:35:40   layer  47: load-wait 0.52s compute 0.72s  wf_rows=67206
06:35:40   pass done: 1078 prefill rows (T=37), 67206 spawn rows, 61.2s
06:35:40 pass time 61.5s
06:35:41 L0 set paper: 7 candidates (>= 64 active); best E093 all-case mean +0.002 active 87/128; top5: {93: 0.002, 61: 0.001, 81: -0.001, 69: -0.003, 31: -0.004}
06:35:41 L0 set strict: 7 candidates (>= 64 active); best E107 all-case mean +0.013 active 82/128; top5: {107: 0.013, 93: 0.013, 120: 0.009, 69: 0.003, 81: 0.0}
06:35:41 L0 set relaxed: 7 candidates (>= 128 active); best E069 all-case mean +0.017 active 159/256; top5: {69: 0.017, 81: 0.01, 120: 0.004, 93: 0.003, 31: 0.001}
06:35:41 L1 set paper: 3 candidates (>= 64 active); best E083 all-case mean +0.012 active 104/128; top5: {83: 0.012, 74: 0.011, 86: 0.009}
06:35:41 L1 set strict: 3 candidates (>= 64 active); best E074 all-case mean +0.015 active 105/128; top5: {74: 0.015, 86: 0.01, 83: 0.007}
06:35:41 L1 set relaxed: 3 candidates (>= 128 active); best E074 all-case mean +0.015 active 210/256; top5: {74: 0.015, 83: 0.005, 86: -0.004}
06:35:41 L2 set paper: 4 candidates (>= 64 active); best E051 all-case mean +0.009 active 117/128; top5: {51: 0.009, 116: 0.007, 117: -0.003, 125: -0.004}
06:35:41 L2 set strict: 5 candidates (>= 64 active); best E117 all-case mean +0.021 active 88/128; top5: {117: 0.021, 68: 0.015, 125: 0.015, 116: 0.009, 51: 0.005}
06:35:41 L2 set relaxed: 4 candidates (>= 128 active); best E117 all-case mean +0.008 active 163/256; top5: {117: 0.008, 125: 0.007, 116: 0.006, 51: 0.006}
06:35:41 L3 set paper: 4 candidates (>= 64 active); best E076 all-case mean +0.020 active 72/128; top5: {76: 0.02, 26: 0.002, 25: -0.003, 1: -0.003}
06:35:41 L3 set strict: 3 candidates (>= 64 active); best E076 all-case mean +0.022 active 69/128; top5: {76: 0.022, 26: 0.014, 25: -0.0}
06:35:41 L3 set relaxed: 3 candidates (>= 128 active); best E025 all-case mean +0.005 active 187/256; top5: {25: 0.005, 26: 0.005, 76: 0.003}
06:35:41 L4 set paper: 7 candidates (>= 64 active); best E077 all-case mean +0.013 active 64/128; top5: {77: 0.013, 113: 0.01, 111: 0.002, 22: 0.0, 39: -0.002}
06:35:41 L4 set strict: 7 candidates (>= 64 active); best E113 all-case mean +0.021 active 88/128; top5: {113: 0.021, 39: 0.019, 91: 0.007, 111: 0.005, 22: 0.004}
06:35:41 L4 set relaxed: 6 candidates (>= 128 active); best E111 all-case mean +0.009 active 129/256; top5: {111: 0.009, 39: 0.009, 91: 0.004, 77: 0.003, 113: -0.002}
06:35:41 L5 set paper: 5 candidates (>= 64 active); best E078 all-case mean +0.006 active 79/128; top5: {78: 0.006, 80: 0.001, 126: 0.001, 111: -0.001, 116: -0.016}
06:35:41 L5 set strict: 5 candidates (>= 64 active); best E111 all-case mean +0.014 active 93/128; top5: {111: 0.014, 78: 0.004, 126: -0.006, 116: -0.006, 80: -0.01}
06:35:41 L5 set relaxed: 5 candidates (>= 128 active); best E078 all-case mean +0.018 active 153/256; top5: {78: 0.018, 111: 0.008, 80: 0.007, 116: 0.002, 126: -0.004}
06:35:41 L6 set paper: 5 candidates (>= 64 active); best E089 all-case mean +0.008 active 65/128; top5: {89: 0.008, 86: -0.004, 23: -0.004, 85: -0.005, 56: -0.011}
06:35:41 L6 set strict: 5 candidates (>= 64 active); best E089 all-case mean +0.025 active 70/128; top5: {89: 0.025, 23: 0.012, 75: 0.009, 56: -0.001, 85: -0.017}
06:35:41 L6 set relaxed: 4 candidates (>= 128 active); best E089 all-case mean +0.004 active 146/256; top5: {89: 0.004, 85: 0.003, 56: 0.0, 23: -0.005}
06:35:41 L7 set paper: 6 candidates (>= 64 active); best E005 all-case mean +0.021 active 88/128; top5: {5: 0.021, 33: 0.013, 45: 0.005, 48: 0.002, 72: -0.005}
06:35:41 L7 set strict: 6 candidates (>= 64 active); best E005 all-case mean +0.033 active 89/128; top5: {5: 0.033, 33: 0.015, 48: 0.0, 72: -0.001, 45: -0.004}
06:35:41 L7 set relaxed: 6 candidates (>= 128 active); best E033 all-case mean +0.013 active 176/256; top5: {33: 0.013, 5: 0.012, 48: -0.001, 45: -0.003, 72: -0.003}
06:35:41 L8 set paper: 5 candidates (>= 64 active); best E127 all-case mean +0.010 active 105/128; top5: {127: 0.01, 95: 0.007, 44: 0.004, 90: -0.01, 28: -0.014}
06:35:41 L8 set strict: 6 candidates (>= 64 active); best E095 all-case mean +0.002 active 105/128; top5: {95: 0.002, 33: 0.002, 44: 0.002, 127: -0.002, 28: -0.005}
06:35:41 L8 set relaxed: 5 candidates (>= 128 active); best E095 all-case mean +0.005 active 207/256; top5: {95: 0.005, 127: 0.002, 90: -0.003, 28: -0.007, 44: -0.008}
06:35:41 L9 set paper: 4 candidates (>= 64 active); best E048 all-case mean +0.002 active 86/128; top5: {48: 0.002, 94: -0.0, 76: -0.001, 0: -0.004}
06:35:41 L9 set strict: 6 candidates (>= 64 active); best E000 all-case mean +0.020 active 119/128; top5: {0: 0.02, 76: 0.009, 48: 0.005, 80: -0.001, 94: -0.007}
06:35:41 L9 set relaxed: 5 candidates (>= 128 active); best E071 all-case mean +0.010 active 140/256; top5: {71: 0.01, 48: 0.009, 0: 0.005, 76: -0.002, 94: -0.009}
06:35:41 chunk 1: wrote 67206 new rows; /home/ubuntu/MOE/results/qwen3_coder_chat/expert_rows.parquet now holds 67206 rows over layers [0, 1, 2, 3, 4, 5, 6, 7, 8, 9]
06:35:41 qwen3_coder: chunk 2/5: 539 cases, layers 10..19 (10), 1078 prefill rows, 69038 spawn rows
06:35:42   layer   0: load-wait 0.80s compute 0.18s  wf_rows=0
06:35:51   layer   8: load-wait 1.06s compute 0.18s  wf_rows=0
06:36:01   layer  16: load-wait 0.45s compute 0.54s  wf_rows=47391
06:36:07   layer  24: load-wait 0.10s compute 0.73s  wf_rows=69038
06:36:14   layer  32: load-wait 0.10s compute 0.73s  wf_rows=69038
06:36:21   layer  40: load-wait 0.10s compute 0.73s  wf_rows=69038
06:36:27   layer  47: load-wait 0.10s compute 0.73s  wf_rows=69038
06:36:27   pass done: 1078 prefill rows (T=37), 69038 spawn rows, 45.9s
06:36:27 pass time 46.0s
06:36:28 L10 set paper: 5 candidates (>= 64 active); best E014 all-case mean +0.000 active 116/128; top5: {14: 0.0, 108: -0.004, 64: -0.005, 123: -0.006, 18: -0.012}
06:36:28 L10 set strict: 5 candidates (>= 64 active); best E014 all-case mean +0.010 active 112/128; top5: {14: 0.01, 123: 0.005, 18: 0.002, 64: 0.0, 108: -0.004}
06:36:28 L10 set relaxed: 5 candidates (>= 128 active); best E064 all-case mean +0.009 active 194/256; top5: {64: 0.009, 123: 0.005, 108: 0.004, 18: 0.002, 14: 0.002}
06:36:28 L11 set paper: 6 candidates (>= 64 active); best E058 all-case mean -0.003 active 77/128; top5: {58: -0.003, 47: -0.006, 60: -0.009, 105: -0.011, 115: -0.021}
06:36:28 L11 set strict: 6 candidates (>= 64 active); best E115 all-case mean +0.015 active 123/128; top5: {115: 0.015, 60: 0.014, 105: 0.009, 13: 0.002, 58: -0.003}
06:36:28 L11 set relaxed: 6 candidates (>= 128 active); best E060 all-case mean +0.011 active 192/256; top5: {60: 0.011, 47: 0.0, 115: -0.001, 105: -0.005, 13: -0.007}
06:36:28 L12 set paper: 7 candidates (>= 64 active); best E069 all-case mean +0.013 active 71/128; top5: {69: 0.013, 53: 0.001, 42: -0.005, 115: -0.005, 34: -0.01}
06:36:28 L12 set strict: 6 candidates (>= 64 active); best E053 all-case mean +0.016 active 108/128; top5: {53: 0.016, 34: 0.014, 42: 0.011, 87: 0.011, 2: 0.001}
06:36:28 L12 set relaxed: 6 candidates (>= 128 active); best E053 all-case mean +0.014 active 203/256; top5: {53: 0.014, 34: 0.005, 2: -0.001, 42: -0.001, 115: -0.003}
06:36:28 L13 set paper: 8 candidates (>= 64 active); best E121 all-case mean -0.001 active 91/128; top5: {121: -0.001, 10: -0.006, 91: -0.007, 44: -0.007, 77: -0.009}
06:36:28 L13 set strict: 7 candidates (>= 64 active); best E073 all-case mean +0.016 active 67/128; top5: {73: 0.016, 77: 0.012, 75: 0.011, 121: -0.004, 55: -0.005}
06:36:28 L13 set relaxed: 8 candidates (>= 128 active); best E044 all-case mean +0.008 active 209/256; top5: {44: 0.008, 77: 0.005, 91: 0.005, 10: 0.004, 73: 0.002}
06:36:28 L14 set paper: 7 candidates (>= 64 active); best E028 all-case mean +0.005 active 100/128; top5: {28: 0.005, 57: 0.005, 8: 0.001, 3: -0.005, 55: -0.012}
06:36:28 L14 set strict: 8 candidates (>= 64 active); best E057 all-case mean +0.014 active 87/128; top5: {57: 0.014, 28: 0.014, 8: 0.009, 3: 0.004, 34: 0.0}
06:36:28 L14 set relaxed: 7 candidates (>= 128 active); best E057 all-case mean +0.004 active 187/256; top5: {57: 0.004, 8: 0.003, 34: 0.002, 28: 0.002, 3: -0.0}
06:36:28 L15 set paper: 7 candidates (>= 64 active); best E040 all-case mean +0.008 active 122/128; top5: {40: 0.008, 61: 0.005, 3: -0.005, 16: -0.007, 6: -0.01}
06:36:28 L15 set strict: 5 candidates (>= 64 active); best E091 all-case mean +0.014 active 73/128; top5: {91: 0.014, 6: 0.008, 16: 0.004, 34: -0.001, 40: -0.009}
06:36:28 L15 set relaxed: 4 candidates (>= 128 active); best E040 all-case mean +0.021 active 244/256; top5: {40: 0.021, 6: -0.003, 16: -0.005, 91: -0.007}
06:36:28 L16 set paper: 5 candidates (>= 64 active); best E127 all-case mean +0.021 active 68/128; top5: {127: 0.021, 121: -0.005, 75: -0.007, 115: -0.011, 14: -0.024}
06:36:28 L16 set strict: 6 candidates (>= 64 active); best E075 all-case mean +0.015 active 81/128; top5: {75: 0.015, 43: 0.012, 115: 0.008, 127: -0.002, 121: -0.005}
06:36:28 L16 set relaxed: 6 candidates (>= 128 active); best E127 all-case mean +0.018 active 129/256; top5: {127: 0.018, 75: 0.011, 121: 0.007, 43: 0.007, 115: 0.003}
06:36:28 L17 set paper: 5 candidates (>= 64 active); best E045 all-case mean -0.006 active 89/128; top5: {45: -0.006, 14: -0.013, 106: -0.022, 9: -0.025, 103: -0.039}
06:36:28 L17 set strict: 5 candidates (>= 64 active); best E106 all-case mean +0.019 active 106/128; top5: {106: 0.019, 9: 0.006, 103: 0.006, 14: 0.004, 45: -0.001}
06:36:28 L17 set relaxed: 5 candidates (>= 128 active); best E106 all-case mean +0.022 active 208/256; top5: {106: 0.022, 45: 0.004, 103: -0.005, 9: -0.008, 14: -0.009}
06:36:28 L18 set paper: 5 candidates (>= 64 active); best E034 all-case mean +0.013 active 84/128; top5: {34: 0.013, 89: 0.009, 85: -0.004, 8: -0.011, 23: -0.021}
06:36:28 L18 set strict: 5 candidates (>= 64 active); best E097 all-case mean +0.006 active 68/128; top5: {97: 0.006, 89: 0.001, 23: 0.001, 85: -0.004, 8: -0.004}
06:36:28 L18 set relaxed: 6 candidates (>= 128 active); best E034 all-case mean +0.015 active 139/256; top5: {34: 0.015, 89: 0.013, 23: 0.0, 97: -0.004, 8: -0.005}
06:36:28 L19 set paper: 6 candidates (>= 64 active); best E005 all-case mean +0.007 active 68/128; top5: {5: 0.007, 100: -0.0, 72: -0.008, 33: -0.016, 45: -0.018}
06:36:28 L19 set strict: 6 candidates (>= 64 active); best E033 all-case mean +0.007 active 85/128; top5: {33: 0.007, 45: 0.001, 26: 0.001, 100: 0.001, 5: -0.002}
06:36:28 L19 set relaxed: 5 candidates (>= 128 active); best E005 all-case mean +0.003 active 140/256; top5: {5: 0.003, 109: -0.003, 33: -0.003, 45: -0.008, 100: -0.012}
06:36:28 chunk 2: wrote 69038 new rows; /home/ubuntu/MOE/results/qwen3_coder_chat/expert_rows.parquet now holds 136244 rows over layers [0, 1, 2, 3, 4, 5, 6, 7, 8, 9, 10, 11, 12, 13, 14, 15, 16, 17, 18, 19]
06:36:28 qwen3_coder: chunk 3/5: 539 cases, layers 20..29 (10), 1078 prefill rows, 69208 spawn rows
06:36:29   layer   0: load-wait 0.66s compute 0.18s  wf_rows=0
06:36:34   layer   8: load-wait 0.44s compute 0.18s  wf_rows=0
06:36:40   layer  16: load-wait 0.66s compute 0.18s  wf_rows=0
06:36:46   layer  24: load-wait 0.33s compute 0.44s  wf_rows=34877
06:36:52   layer  32: load-wait 0.10s compute 0.73s  wf_rows=69208
06:36:59   layer  40: load-wait 0.10s compute 0.73s  wf_rows=69208
06:37:06   layer  47: load-wait 0.28s compute 0.73s  wf_rows=69208
06:37:06   pass done: 1078 prefill rows (T=37), 69208 spawn rows, 37.9s
06:37:06 pass time 38.0s
06:37:07 L20 set paper: 5 candidates (>= 64 active); best E127 all-case mean +0.010 active 84/128; top5: {127: 0.01, 44: 0.009, 116: 0.005, 90: 0.001, 95: -0.008}
06:37:07 L20 set strict: 4 candidates (>= 64 active); best E127 all-case mean +0.015 active 73/128; top5: {127: 0.015, 90: 0.008, 95: 0.004, 44: -0.0}
06:37:07 L20 set relaxed: 4 candidates (>= 128 active); best E090 all-case mean +0.007 active 228/256; top5: {90: 0.007, 44: 0.004, 127: 0.003, 95: -0.006}
06:37:07 L21 set paper: 6 candidates (>= 64 active); best E048 all-case mean +0.008 active 81/128; top5: {48: 0.008, 0: 0.008, 80: -0.012, 10: -0.015, 94: -0.021}
06:37:07 L21 set strict: 7 candidates (>= 64 active); best E000 all-case mean +0.009 active 117/128; top5: {0: 0.009, 48: 0.008, 71: 0.007, 10: 0.003, 80: -0.001}
06:37:07 L21 set relaxed: 7 candidates (>= 128 active); best E048 all-case mean +0.007 active 142/256; top5: {48: 0.007, 0: 0.007, 10: 0.003, 71: 0.001, 94: -0.003}
06:37:07 L22 set paper: 6 candidates (>= 64 active); best E014 all-case mean +0.016 active 108/128; top5: {14: 0.016, 80: 0.013, 30: 0.012, 53: 0.005, 91: 0.001}
06:37:07 L22 set strict: 6 candidates (>= 64 active); best E014 all-case mean +0.016 active 102/128; top5: {14: 0.016, 30: 0.012, 91: 0.011, 80: 0.005, 18: 0.001}
06:37:07 L22 set relaxed: 4 candidates (>= 128 active); best E018 all-case mean +0.005 active 188/256; top5: {18: 0.005, 80: 0.004, 14: -0.0, 30: -0.0}
06:37:07 L23 set paper: 7 candidates (>= 64 active); best E115 all-case mean +0.010 active 90/128; top5: {115: 0.01, 13: 0.009, 33: 0.006, 58: 0.004, 21: 0.004}
06:37:07 L23 set strict: 7 candidates (>= 64 active); best E013 all-case mean +0.014 active 72/128; top5: {13: 0.014, 86: 0.011, 115: 0.009, 60: 0.007, 58: 0.006}
06:37:07 L23 set relaxed: 7 candidates (>= 128 active); best E013 all-case mean +0.010 active 129/256; top5: {13: 0.01, 33: 0.005, 86: 0.003, 21: 0.002, 115: -0.002}
06:37:07 L24 set paper: 5 candidates (>= 64 active); best E042 all-case mean +0.006 active 94/128; top5: {42: 0.006, 53: 0.005, 2: 0.004, 46: -0.009, 34: -0.017}
06:37:07 L24 set strict: 7 candidates (>= 64 active); best E034 all-case mean +0.018 active 125/128; top5: {34: 0.018, 42: 0.018, 2: 0.014, 87: 0.012, 53: 0.007}
06:37:07 L24 set relaxed: 6 candidates (>= 128 active); best E034 all-case mean +0.010 active 252/256; top5: {34: 0.01, 46: 0.005, 2: 0.002, 42: 0.001, 53: -0.003}
06:37:07 L25 set paper: 9 candidates (>= 64 active); best E071 all-case mean +0.020 active 93/128; top5: {71: 0.02, 44: 0.019, 77: 0.008, 24: 0.005, 106: 0.002}
06:37:07 L25 set strict: 7 candidates (>= 64 active); best E077 all-case mean +0.018 active 81/128; top5: {77: 0.018, 24: 0.016, 75: 0.009, 44: 0.008, 71: 0.008}
06:37:07 L25 set relaxed: 9 candidates (>= 128 active); best E044 all-case mean +0.014 active 207/256; top5: {44: 0.014, 75: 0.011, 71: 0.008, 77: 0.007, 91: 0.007}
06:37:07 L26 set paper: 6 candidates (>= 64 active); best E057 all-case mean +0.036 active 126/128; top5: {57: 0.036, 55: 0.009, 44: -0.003, 110: -0.004, 38: -0.005}
06:37:07 L26 set strict: 7 candidates (>= 64 active); best E057 all-case mean +0.025 active 127/128; top5: {57: 0.025, 3: 0.02, 55: 0.02, 38: 0.018, 115: 0.012}
06:37:07 L26 set relaxed: 7 candidates (>= 128 active); best E057 all-case mean +0.031 active 252/256; top5: {57: 0.031, 110: 0.017, 55: 0.014, 38: 0.001, 44: -0.001}
06:37:07 L27 set paper: 4 candidates (>= 64 active); best E016 all-case mean +0.012 active 122/128; top5: {16: 0.012, 40: -0.0, 6: -0.002, 91: -0.002}
06:37:07 L27 set strict: 6 candidates (>= 64 active); best E016 all-case mean +0.040 active 123/128; top5: {16: 0.04, 40: 0.02, 91: 0.007, 17: 0.006, 34: 0.004}
06:37:07 L27 set relaxed: 4 candidates (>= 128 active); best E016 all-case mean +0.017 active 249/256; top5: {16: 0.017, 40: 0.009, 6: 0.007, 91: -0.006}
06:37:07 L28 set paper: 8 candidates (>= 64 active); best E030 all-case mean +0.075 active 120/128; top5: {30: 0.075, 26: 0.035, 127: 0.035, 14: 0.012, 43: 0.005}
06:37:07 L28 set strict: 7 candidates (>= 64 active); best E030 all-case mean +0.050 active 119/128; top5: {30: 0.05, 75: 0.023, 127: 0.015, 26: 0.008, 115: 0.005}
06:37:07 L28 set relaxed: 7 candidates (>= 128 active); best E030 all-case mean +0.053 active 237/256; top5: {30: 0.053, 127: 0.049, 26: 0.014, 75: 0.008, 121: -0.001}
06:37:07 L29 set paper: 5 candidates (>= 64 active); best E009 all-case mean +0.025 active 113/128; top5: {9: 0.025, 1: 0.023, 112: 0.011, 103: 0.004, 45: -0.002}
06:37:07 L29 set strict: 6 candidates (>= 64 active); best E001 all-case mean +0.031 active 81/128; top5: {1: 0.031, 106: 0.012, 9: 0.011, 112: 0.007, 45: 0.0}
06:37:07 L29 set relaxed: 5 candidates (>= 128 active); best E001 all-case mean +0.030 active 171/256; top5: {1: 0.03, 9: 0.021, 112: -0.0, 106: -0.005, 103: -0.011}
06:37:07 chunk 3: wrote 69208 new rows; /home/ubuntu/MOE/results/qwen3_coder_chat/expert_rows.parquet now holds 205452 rows over layers [0, 1, 2, 3, 4, 5, 6, 7, 8, 9, 10, 11, 12, 13, 14, 15, 16, 17, 18, 19, 20, 21, 22, 23, 24, 25, 26, 27, 28, 29]
06:37:07 qwen3_coder: chunk 4/5: 539 cases, layers 30..38 (9), 1078 prefill rows, 64349 spawn rows
06:37:08   layer   0: load-wait 1.00s compute 0.18s  wf_rows=0
06:37:15   layer   8: load-wait 0.75s compute 0.18s  wf_rows=0
06:37:19   layer  16: load-wait 0.33s compute 0.18s  wf_rows=0
06:37:25   layer  24: load-wait 0.56s compute 0.18s  wf_rows=0
06:37:31   layer  32: load-wait 0.49s compute 0.34s  wf_rows=22799
06:37:38   layer  40: load-wait 0.10s compute 0.69s  wf_rows=64349
06:37:44   layer  47: load-wait 0.11s compute 0.69s  wf_rows=64349
06:37:44   pass done: 1078 prefill rows (T=37), 64349 spawn rows, 37.2s
06:37:44 pass time 37.3s
06:37:45 L30 set paper: 5 candidates (>= 64 active); best E089 all-case mean +0.072 active 70/128; top5: {89: 0.072, 22: 0.02, 56: 0.02, 86: 0.013, 23: -0.001}
06:37:45 L30 set strict: 4 candidates (>= 64 active); best E089 all-case mean +0.064 active 81/128; top5: {89: 0.064, 56: 0.016, 22: 0.005, 23: -0.014}
06:37:45 L30 set relaxed: 4 candidates (>= 128 active); best E089 all-case mean +0.064 active 170/256; top5: {89: 0.064, 22: 0.024, 23: 0.006, 56: 0.002}
06:37:45 L31 set paper: 2 candidates (>= 64 active); best E033 all-case mean +0.018 active 95/128; top5: {33: 0.018, 5: 0.017}
06:37:45 L31 set strict: 2 candidates (>= 64 active); best E005 all-case mean +0.024 active 87/128; top5: {5: 0.024, 33: 0.005}
06:37:45 L31 set relaxed: 2 candidates (>= 128 active); best E033 all-case mean +0.018 active 182/256; top5: {33: 0.018, 5: 0.012}
06:37:45 L32 set paper: 6 candidates (>= 64 active); best E038 all-case mean +0.019 active 98/128; top5: {38: 0.019, 44: 0.013, 90: 0.005, 127: 0.005, 100: 0.002}
06:37:45 L32 set strict: 6 candidates (>= 64 active); best E032 all-case mean +0.018 active 70/128; top5: {32: 0.018, 95: 0.013, 38: 0.01, 90: 0.006, 44: -0.003}
06:37:45 L32 set relaxed: 7 candidates (>= 128 active); best E038 all-case mean +0.024 active 197/256; top5: {38: 0.024, 100: 0.017, 95: 0.012, 44: 0.006, 32: 0.003}
06:37:45 L33 set paper: 6 candidates (>= 64 active); best E076 all-case mean +0.128 active 113/128; top5: {76: 0.128, 17: 0.008, 111: 0.008, 10: 0.007, 0: 0.007}
06:37:45 L33 set strict: 4 candidates (>= 64 active); best E076 all-case mean +0.124 active 112/128; top5: {76: 0.124, 71: 0.007, 97: -0.0, 0: -0.001}
06:37:45 L33 set relaxed: 4 candidates (>= 128 active); best E076 all-case mean +0.110 active 225/256; top5: {76: 0.11, 0: 0.012, 111: 0.0, 97: -0.002}
06:37:45 L34 set paper: 6 candidates (>= 64 active); best E094 all-case mean +0.058 active 86/128; top5: {94: 0.058, 64: 0.014, 83: 0.007, 18: 0.005, 14: 0.002}
06:37:45 L34 set strict: 5 candidates (>= 64 active); best E094 all-case mean +0.043 active 80/128; top5: {94: 0.043, 83: 0.006, 14: 0.005, 64: 0.001, 18: -0.001}
06:37:45 L34 set relaxed: 5 candidates (>= 128 active); best E094 all-case mean +0.036 active 158/256; top5: {94: 0.036, 83: 0.014, 14: 0.006, 64: 0.001, 18: -0.003}
06:37:45 L35 set paper: 6 candidates (>= 64 active); best E115 all-case mean +0.016 active 126/128; top5: {115: 0.016, 60: 0.014, 58: 0.012, 86: 0.003, 13: -0.001}
06:37:45 L35 set strict: 5 candidates (>= 64 active); best E115 all-case mean +0.023 active 127/128; top5: {115: 0.023, 60: 0.015, 13: 0.007, 58: 0.002, 33: -0.0}
06:37:45 L35 set relaxed: 5 candidates (>= 128 active); best E060 all-case mean +0.009 active 218/256; top5: {60: 0.009, 13: 0.003, 115: 0.002, 58: 0.001, 21: 0.0}
06:37:45 L36 set paper: 7 candidates (>= 64 active); best E002 all-case mean +0.029 active 122/128; top5: {2: 0.029, 34: 0.022, 87: 0.008, 68: 0.003, 120: -0.005}
06:37:45 L36 set strict: 7 candidates (>= 64 active); best E002 all-case mean +0.022 active 125/128; top5: {2: 0.022, 34: 0.008, 120: 0.007, 68: 0.001, 87: 0.001}
06:37:45 L36 set relaxed: 6 candidates (>= 128 active); best E002 all-case mean +0.024 active 244/256; top5: {2: 0.024, 68: 0.012, 34: 0.005, 87: 0.005, 69: -0.002}
06:37:45 L37 set paper: 7 candidates (>= 64 active); best E099 all-case mean +0.011 active 85/128; top5: {99: 0.011, 10: 0.009, 55: 0.008, 104: 0.004, 106: 0.003}
06:37:45 L37 set strict: 7 candidates (>= 64 active); best E010 all-case mean +0.025 active 128/128; top5: {10: 0.025, 121: 0.014, 99: 0.013, 106: 0.012, 55: 0.01}
06:37:45 L37 set relaxed: 7 candidates (>= 128 active); best E010 all-case mean +0.016 active 255/256; top5: {10: 0.016, 99: 0.015, 55: 0.007, 121: 0.005, 79: 0.005}
06:37:45 L38 set paper: 5 candidates (>= 64 active); best E057 all-case mean +0.042 active 100/128; top5: {57: 0.042, 38: 0.036, 55: 0.016, 84: 0.004, 28: -0.004}
06:37:45 L38 set strict: 7 candidates (>= 64 active); best E057 all-case mean +0.063 active 108/128; top5: {57: 0.063, 38: 0.021, 55: 0.016, 101: 0.008, 44: 0.005}
06:37:45 L38 set relaxed: 5 candidates (>= 128 active); best E057 all-case mean +0.075 active 217/256; top5: {57: 0.075, 55: 0.028, 38: 0.017, 84: 0.007, 28: 0.007}
06:37:45 chunk 4: wrote 64349 new rows; /home/ubuntu/MOE/results/qwen3_coder_chat/expert_rows.parquet now holds 269801 rows over layers [0, 1, 2, 3, 4, 5, 6, 7, 8, 9, 10, 11, 12, 13, 14, 15, 16, 17, 18, 19, 20, 21, 22, 23, 24, 25, 26, 27, 28, 29, 30, 31, 32, 33, 34, 35, 36, 37, 38]
06:37:45 qwen3_coder: chunk 5/5: 539 cases, layers 39..47 (9), 1078 prefill rows, 61827 spawn rows
06:37:46   layer   0: load-wait 0.56s compute 0.18s  wf_rows=0
06:37:51   layer   8: load-wait 0.50s compute 0.18s  wf_rows=0
06:37:57   layer  16: load-wait 0.49s compute 0.18s  wf_rows=0
06:38:03   layer  24: load-wait 0.56s compute 0.18s  wf_rows=0
06:38:10   layer  32: load-wait 0.45s compute 0.18s  wf_rows=0
06:38:17   layer  40: load-wait 0.59s compute 0.27s  wf_rows=13567
06:38:24   layer  47: load-wait 0.11s compute 0.66s  wf_rows=61827
06:38:24   pass done: 1078 prefill rows (T=37), 61827 spawn rows, 38.8s
06:38:24 pass time 38.8s
06:38:25 L39 set paper: 5 candidates (>= 64 active); best E040 all-case mean +0.054 active 126/128; top5: {40: 0.054, 3: 0.017, 34: 0.012, 6: 0.002, 31: -0.014}
06:38:25 L39 set strict: 6 candidates (>= 64 active); best E040 all-case mean +0.063 active 126/128; top5: {40: 0.063, 3: 0.027, 6: 0.002, 34: -0.0, 121: -0.0}
06:38:25 L39 set relaxed: 5 candidates (>= 128 active); best E040 all-case mean +0.059 active 246/256; top5: {40: 0.059, 3: 0.021, 34: 0.007, 6: 0.005, 31: -0.007}
06:38:25 L40 set paper: 6 candidates (>= 64 active); best E030 all-case mean +0.143 active 94/128; top5: {30: 0.143, 127: 0.107, 20: 0.009, 121: 0.001, 105: -0.006}
06:38:25 L40 set strict: 7 candidates (>= 64 active); best E127 all-case mean +0.127 active 85/128; top5: {127: 0.127, 30: 0.127, 20: 0.017, 121: 0.012, 115: 0.005}
06:38:25 L40 set relaxed: 5 candidates (>= 128 active); best E030 all-case mean +0.111 active 176/256; top5: {30: 0.111, 127: 0.097, 20: 0.006, 121: 0.005, 115: -0.004}
06:38:25 L41 set paper: 5 candidates (>= 64 active); best E001 all-case mean +0.171 active 97/128; top5: {1: 0.171, 45: 0.009, 121: 0.008, 14: 0.001, 97: -0.006}
06:38:25 L41 set strict: 6 candidates (>= 64 active); best E001 all-case mean +0.185 active 102/128; top5: {1: 0.185, 121: 0.016, 45: 0.008, 9: 0.007, 14: 0.006}
06:38:25 L41 set relaxed: 4 candidates (>= 128 active); best E001 all-case mean +0.158 active 190/256; top5: {1: 0.158, 45: 0.005, 14: 0.001, 97: -0.004}
06:38:25 L42 set paper: 4 candidates (>= 64 active); best E115 all-case mean +0.661 active 123/128; top5: {115: 0.661, 55: 0.02, 101: 0.001, 65: -0.002}
06:38:25 L42 set strict: 6 candidates (>= 64 active); best E115 all-case mean +0.672 active 119/128; top5: {115: 0.672, 16: 0.055, 55: 0.006, 101: 0.005, 75: 0.004}
06:38:25 L42 set relaxed: 6 candidates (>= 128 active); best E115 all-case mean +0.611 active 244/256; top5: {115: 0.611, 16: 0.034, 101: 0.012, 55: 0.005, 75: 0.0}
06:38:25 L43 set paper: 8 candidates (>= 64 active); best E046 all-case mean +0.187 active 73/128; top5: {46: 0.187, 104: 0.153, 5: 0.128, 120: 0.063, 4: 0.042}
06:38:25 L43 set strict: 8 candidates (>= 64 active); best E046 all-case mean +0.127 active 70/128; top5: {46: 0.127, 5: 0.116, 104: 0.078, 36: 0.037, 120: 0.036}
06:38:25 L43 set relaxed: 7 candidates (>= 128 active); best E104 all-case mean +0.116 active 156/256; top5: {104: 0.116, 5: 0.104, 46: 0.092, 4: 0.033, 68: 0.028}
06:38:25 L44 set paper: 4 candidates (>= 64 active); best E069 all-case mean +0.626 active 118/128; top5: {69: 0.626, 54: 0.007, 71: -0.001, 56: -0.011}
06:38:25 L44 set strict: 5 candidates (>= 64 active); best E069 all-case mean +0.689 active 117/128; top5: {69: 0.689, 27: 0.053, 56: 0.023, 71: -0.002, 54: -0.003}
06:38:25 L44 set relaxed: 4 candidates (>= 128 active); best E069 all-case mean +0.538 active 232/256; top5: {69: 0.538, 54: 0.009, 56: 0.003, 71: -0.008}
06:38:25 L45 set paper: 6 candidates (>= 64 active); best E012 all-case mean +0.006 active 84/128; top5: {12: 0.006, 87: -0.003, 127: -0.004, 37: -0.006, 2: -0.033}
06:38:25 L45 set strict: 6 candidates (>= 64 active); best E127 all-case mean +0.010 active 81/128; top5: {127: 0.01, 12: 0.007, 87: 0.003, 37: 0.001, 27: -0.046}
06:38:25 L45 set relaxed: 5 candidates (>= 128 active); best E127 all-case mean +0.003 active 143/256; top5: {127: 0.003, 87: -0.006, 12: -0.012, 27: -0.032, 2: -0.047}
06:38:25 L46 set paper: 6 candidates (>= 64 active); best E055 all-case mean +0.120 active 124/128; top5: {55: 0.12, 101: 0.017, 98: 0.012, 67: -0.0, 115: -0.001}
06:38:25 L46 set strict: 7 candidates (>= 64 active); best E117 all-case mean +0.022 active 91/128; top5: {117: 0.022, 98: 0.018, 55: 0.01, 22: 0.01, 80: 0.005}
06:38:25 L46 set relaxed: 6 candidates (>= 128 active); best E055 all-case mean +0.088 active 247/256; top5: {55: 0.088, 80: 0.01, 98: 0.01, 67: 0.001, 117: 0.0}
06:38:25 L47 set paper: 6 candidates (>= 64 active); best E117 all-case mean +0.060 active 116/128; top5: {117: 0.06, 34: 0.042, 32: 0.037, 47: 0.014, 123: 0.007}
06:38:25 L47 set strict: 7 candidates (>= 64 active); best E034 all-case mean +0.073 active 111/128; top5: {34: 0.073, 117: 0.041, 32: 0.033, 47: 0.025, 123: 0.011}
06:38:25 L47 set relaxed: 6 candidates (>= 128 active); best E034 all-case mean +0.074 active 215/256; top5: {34: 0.074, 117: 0.059, 32: 0.049, 86: 0.037, 47: 0.026}
06:38:25 chunk 5: wrote 61827 new rows; /home/ubuntu/MOE/results/qwen3_coder_chat/expert_rows.parquet now holds 331628 rows over layers [0, 1, 2, 3, 4, 5, 6, 7, 8, 9, 10, 11, 12, 13, 14, 15, 16, 17, 18, 19, 20, 21, 22, 23, 24, 25, 26, 27, 28, 29, 30, 31, 32, 33, 34, 35, 36, 37, 38, 39, 40, 41, 42, 43, 44, 45, 46, 47]
2026-09-14T06:38:33Z END   ext2zoo-qwen3_coder_chat-expert rc=0 (259s)
