2026-09-14T05:18:06Z START ext2attn-verify (waited 0s): python scripts/verify_olmoe.py
05:18:10 picked 50 cases; first prompt: 'Virginia State Route 33 is located in' true=Virginia foil=Milan subj_pos=[0, 1, 2, 3, 4]
Loading weights:   0%|          | 0/179 [00:00<?, ?it/s]Loading weights:   2%|▏         | 4/179 [00:00<00:43,  4.04it/s]Loading weights:   8%|▊         | 15/179 [00:02<00:27,  5.95it/s]Loading weights:  15%|█▍        | 26/179 [00:04<00:24,  6.26it/s]Loading weights:  21%|██        | 37/179 [00:05<00:22,  6.42it/s]Loading weights:  27%|██▋       | 48/179 [00:07<00:20,  6.45it/s]Loading weights:  33%|███▎      | 59/179 [00:09<00:18,  6.51it/s]Loading weights:  39%|███▉      | 70/179 [00:10<00:16,  6.54it/s]Loading weights:  45%|████▌     | 81/179 [00:12<00:14,  6.54it/s]Loading weights:  51%|█████▏    | 92/179 [00:14<00:13,  6.56it/s]Loading weights:  58%|█████▊    | 103/179 [00:15<00:11,  6.56it/s]Loading weights:  64%|██████▎   | 114/179 [00:17<00:09,  6.56it/s]Loading weights:  70%|██████▉   | 125/179 [00:19<00:08,  6.58it/s]Loading weights:  76%|███████▌  | 136/179 [00:20<00:06,  6.59it/s]Loading weights:  81%|████████  | 145/179 [00:21<00:03,  8.69it/s]Loading weights:  83%|████████▎ | 149/179 [00:22<00:04,  6.43it/s]Loading weights:  88%|████████▊ | 158/179 [00:24<00:03,  6.04it/s]Loading weights:  89%|████████▉ | 160/179 [00:25<00:03,  5.10it/s]Loading weights:  94%|█████████▍| 169/179 [00:26<00:01,  6.05it/s]Loading weights: 100%|██████████| 179/179 [00:26<00:00,  6.77it/s]
05:18:47 HF forwards done for 50 cases
05:18:50 HF layer patches done: 50
05:19:28 HF expert patches done: 221
05:19:31   layer   0: load-wait 1.87s compute 0.18s  wf_rows=209
05:19:44   layer   8: load-wait 1.66s compute 0.05s  wf_rows=843
05:19:53   layer  15: load-wait 0.34s compute 0.07s  wf_rows=1421
05:19:53   pass done: 100 prefill rows (T=14), 1421 spawn rows, 24.6s
05:19:54 embed_std_engine: 0.009373849257826805
05:19:54 embed_std_hf: 0.009373849257826805
05:19:54 engine_pass_s: 24.660444736480713
05:19:54 delta_clean_maxdiff_vs_hf: 0.3828125
05:19:54 delta_noised_maxdiff_vs_hf: 0.61328125
05:19:54 delta_clean_frac_within_0.1: 0.72
05:19:54 delta_noised_frac_within_0.1: 0.46
05:19:54 delta_bmm_vs_fullmatmul_maxdiff: 0.0
05:19:54 delta_bmm_vs_fullmatmul_frac_equal: 1.0
05:19:54 top1_agreement_clean: 0.98
05:19:54 logit_true_clean_maxdiff_vs_hf: 0.28125
05:19:54 zero_on_noised_maxdiff: 0.40625
05:19:54 zero_on_clean_maxdiff: 0.125
05:19:54 layer_patch_vs_hf_n: 50
05:19:54 layer_patch_vs_hf_maxdiff: 0.578125
05:19:54 layer_patch_vs_hf_frac_within_0.1: 0.58
05:19:54 layer_rescue_vs_hf_maxdiff: 0.498046875
05:19:54 expert_patch_vs_hf_n: 221
05:19:54 expert_patch_vs_hf_maxdiff: 1.07421875
05:19:54 expert_patch_vs_hf_frac_within_0.1: 0.334841628959276
05:19:54 routing_set_agreement: 38/40
05:19:54 union_vs_layer_maxdiff: 0.0
05:19:54 union_vs_layer_frac_equal: 1.0
05:19:54 pass_total_s: 24.601127862930298
05:19:54 curve: [-0.034, 0.084, 0.181, 0.111, 0.135, 0.018, 0.004, 0.075, 0.009, 0.054, 0.113, 0.561, 1.218, 1.063, -0.543, 0.219]
2026-09-14T05:19:58Z END   ext2attn-verify rc=0 (112s)
