2026-09-14T05:19:58Z START ext2attn-verify-newkinds (waited 0s): python scripts/ext2_attn_verify.py 20
05:20:10 20 cases; first: 'Virginia State Route 33 is located in' -> Virginia / Milan
Loading weights:   0%|          | 0/179 [00:00<?, ?it/s]Loading weights:   2%|▏         | 4/179 [00:00<00:04, 37.58it/s]Loading weights:   8%|▊         | 15/179 [00:00<00:02, 74.41it/s]Loading weights:  15%|█▍        | 26/179 [00:00<00:01, 77.58it/s]Loading weights:  21%|██        | 37/179 [00:00<00:01, 81.22it/s]Loading weights:  27%|██▋       | 48/179 [00:00<00:01, 82.83it/s]Loading weights:  33%|███▎      | 59/179 [00:00<00:01, 82.81it/s]Loading weights:  39%|███▉      | 70/179 [00:00<00:01, 83.22it/s]Loading weights:  45%|████▌     | 81/179 [00:00<00:01, 84.54it/s]Loading weights:  51%|█████▏    | 92/179 [00:01<00:01, 85.11it/s]Loading weights:  58%|█████▊    | 103/179 [00:01<00:00, 84.52it/s]Loading weights:  64%|██████▎   | 114/179 [00:01<00:00, 85.52it/s]Loading weights:  70%|██████▉   | 125/179 [00:01<00:00, 83.55it/s]Loading weights:  76%|███████▌  | 136/179 [00:01<00:00, 80.36it/s]Loading weights:  82%|████████▏ | 147/179 [00:02<00:00, 56.25it/s]Loading weights:  88%|████████▊ | 158/179 [00:02<00:00, 28.99it/s]Loading weights:  94%|█████████▍| 169/179 [00:02<00:00, 34.98it/s]Loading weights: 100%|██████████| 179/179 [00:02<00:00, 60.11it/s]
05:20:41 HF: 5/20 cases done
05:21:01 HF: 10/20 cases done
05:21:18 HF: 15/20 cases done
05:21:36 HF: 20/20 cases done
05:21:36 HF reference done
05:21:37   layer   0: load-wait 1.30s compute 0.12s  wf_rows=160
05:21:48   layer   8: load-wait 1.61s compute 0.05s  wf_rows=1080
05:21:58   layer  15: load-wait 0.50s compute 0.06s  wf_rows=1900
05:21:58   pass done: 40 prefill rows (T=14), 1900 spawn rows, 21.9s
05:21:59 n_cases: 20
05:21:59 layers: [0, 1, 2, 3, 4, 5, 6, 7, 8, 9, 10, 11, 12, 13, 14, 15]
05:21:59 engine_pass_s: 21.913988828659058
05:21:59 delta_clean_maxdiff_vs_hf: 0.1875
05:21:59 delta_noised_maxdiff_vs_hf: 0.548828125
05:21:59 attn_layer_vs_hf_n: 320
05:21:59 attn_layer_vs_hf_maxdiff: 1.609375
05:21:59 attn_layer_vs_hf_meanabsdiff: 0.18733903765678406
05:21:59 attn_layer_vs_hf_frac_within_0.1: 0.4125
05:21:59 attn_layer_vs_hf_frac_within_0.25: 0.753125
05:21:59 attn_layer_rescue_corr_vs_hf: 0.9899363676660085
05:21:59 attn_layer_mean_curve_maxdiff_vs_hf: 0.08056640641443664
05:21:59 block_vs_hf_n: 320
05:21:59 block_vs_hf_maxdiff: 1.1875
05:21:59 block_vs_hf_meanabsdiff: 0.17974528670310974
05:21:59 block_vs_hf_frac_within_0.1: 0.446875
05:21:59 block_vs_hf_frac_within_0.25: 0.74375
05:21:59 block_rescue_corr_vs_hf: 0.9935673564110311
05:21:59 block_mean_curve_maxdiff_vs_hf: 0.07205810588784511
05:21:59 resid_vs_hf_n: 320
05:21:59 resid_vs_hf_maxdiff: 0.953125
05:21:59 resid_vs_hf_meanabsdiff: 0.13118667900562286
05:21:59 resid_vs_hf_frac_within_0.1: 0.59375
05:21:59 resid_vs_hf_frac_within_0.25: 0.83125
05:21:59 resid_rescue_corr_vs_hf: 0.9984821546178613
05:21:59 resid_mean_curve_maxdiff_vs_hf: 0.06914059817790985
05:21:59 layer_vs_hf_n: 320
05:21:59 layer_vs_hf_maxdiff: 1.12109375
05:21:59 layer_vs_hf_meanabsdiff: 0.14991874992847443
05:21:59 layer_vs_hf_frac_within_0.1: 0.490625
05:21:59 layer_vs_hf_frac_within_0.25: 0.803125
05:21:59 layer_rescue_corr_vs_hf: 0.9833392668586902
05:21:59 layer_mean_curve_maxdiff_vs_hf: 0.09891051957383748
05:21:59 identity_attn_layer_n: 100
05:21:59 identity_attn_layer_maxdiff: 0.09375
05:21:59 identity_attn_layer_meanabsdiff: 0.014570312574505806
05:21:59 identity_block_n: 100
05:21:59 identity_block_maxdiff: 0.09375
05:21:59 identity_block_meanabsdiff: 0.014570312574505806
05:21:59 identity_resid_n: 100
05:21:59 identity_resid_maxdiff: 0.09375
05:21:59 identity_resid_meanabsdiff: 0.014570312574505806
05:21:59 block_vs_block_diff_n: 320
05:21:59 block_vs_block_diff_maxdiff: 0.556640625
05:21:59 block_vs_block_diff_meanabsdiff: 0.042186833918094635
05:21:59 block_vs_block_diff_frac_within_0.1: 0.903125
05:21:59 block_vs_block_diff_frac_equal: 0.20625
05:21:59 vnorm_vs_hf: {'attn_layer': {'max_reldiff': 0.05729157766794766, 'mean_engine': 0.8676166534423828, 'mean_hf': 0.8688024316215888}, 'layer': {'max_reldiff': 0.09726377675509218, 'mean_engine': 1.1869819164276123, 'mean_hf': 1.1895748556824401}, 'resid': {'max_reldiff': 0.14906621992767122, 'mean_engine': 2.591315746307373, 'mean_hf': 2.597141926200129}}
05:21:59 pass_total_s: 21.86252737045288
05:21:59 curve attn_layer engine: [0.026, -0.065, 0.028, 0.1, 0.04, -0.067, -0.003, 0.237, -0.074, 0.295, 0.639, 0.601, 2.418, 3.138, 0.474, 1.234]
05:21:59 curve attn_layer hf:     [0.085, 0.015, 0.026, 0.127, 0.026, -0.036, -0.006, 0.237, -0.058, 0.289, 0.673, 0.567, 2.431, 3.13, 0.47, 1.254]
05:21:59 curve block engine: [0.026, -0.106, -0.02, 0.048, 0.037, -0.186, -0.148, 0.189, -0.167, 0.269, 0.931, 1.185, 3.797, 3.765, -0.3, 1.15]
05:21:59 curve block hf:     [0.065, -0.086, -0.018, 0.047, 0.086, -0.16, -0.188, 0.262, -0.188, 0.2, 0.93, 1.129, 3.81, 3.728, -0.245, 1.163]
05:21:59 curve resid engine: [0.026, -0.036, -0.064, -0.027, -0.086, 0.02, -0.003, 0.222, 0.482, 1.039, 2.236, 2.937, 5.229, 6.117, 6.529, 5.709]
05:21:59 curve resid hf:     [0.058, 0.013, -0.039, -0.007, -0.077, 0.054, -0.001, 0.208, 0.457, 1.013, 2.261, 2.973, 5.298, 6.13, 6.557, 5.713]
05:21:59 curve layer engine: [-0.029, 0.086, -0.021, -0.066, 0.037, -0.114, -0.236, 0.077, -0.012, -0.069, 0.053, 0.567, 1.269, 0.97, -0.471, 0.193]
05:21:59 curve layer hf:     [-0.039, 0.09, 0.035, -0.047, 0.103, -0.143, -0.137, 0.111, 0.007, -0.051, -0.007, 0.531, 1.231, 1.03, -0.469, 0.197]
2026-09-14T05:22:05Z END   ext2attn-verify-newkinds rc=0 (127s)
