06:21:03 codefact_mixtral_nobos: 4671 scanned items; strict pass per category: {'S1': 690, 'R1': 379, 'R2': 321, 'R3': 318, 'S2': 316, 'S3': 241}
06:21:03 sets: [('S1', 128, 128, ''), ('S2', 128, 128, ''), ('S3', 120, 121, 'partial'), ('R1', 128, 128, ''), ('R2', 128, 128, ''), ('R3', 128, 128, ''), ('all', 128, 128, '')]; union 1521
/home/ubuntu/MOE/scripts/ext4_select.py:169: Pandas4Warning: Starting with pandas version 4.0 all arguments of mean will be keyword-only.
  md_, mv = R.loc[dsc].mean(0), R.loc[val].mean(0)
06:21:03 set S1: n=128+128 L*=31 disc=+2.112 val@L*=+1.886 val argmax L31 +1.886
06:21:03 set S2: n=128+128 L*=17 disc=+0.367 val@L*=+0.406 val argmax L17 +0.406
06:21:03 set S3: n=120+121 L*=31 disc=+0.520 val@L*=+0.582 val argmax L31 +0.582
06:21:03 set R1: n=128+128 L*=31 disc=+0.399 val@L*=+0.455 val argmax L31 +0.455
06:21:03 set R2: n=128+128 L*=31 disc=+0.659 val@L*=+0.458 val argmax L31 +0.458
06:21:03 set R3: n=128+128 L*=31 disc=+0.928 val@L*=+0.607 val argmax L31 +0.607
06:21:03 set all: n=128+128 L*=31 disc=+0.575 val@L*=+0.744 val argmax L31 +0.744
**mixtral (nobos): per-category calibration of the paper's filter on CodeFact (clean vs subject-noised Δ = logit(true) − logit(foil))**

| Category | n scanned | median Δ_clean | median drop | paper filter (Δ≥1, drop≥0.5) | relaxed (Δ≥0.5, drop≥0.25) | relative (drop ≥ 25 % Δ_clean, Δ≥1) | relative 50 % | top-1 = true / starts with true (clean) | top-1 = true / starts with true (noised) | Δ_clean ≥ 1 | drop ≥ 0.5 | final token carries max norm (L5) |
|---|---|---|---|---|---|---|---|---|---|---|---|---|
| S1 closing bracket | 800 | +13.19 | +2.91 | 690 (86 %) | 730 (91 %) | 368 (46 %) | 92 (12 %) | 52 % / 87 % | 49 % / 78 % | 100 % | 86 % | 0.0 % |
| S2 block keyword | 800 | +2.75 | +0.25 | 316 (40 %) | 402 (50 %) | 215 (27 %) | 70 (9 %) | 79 % / 79 % | 77 % / 77 % | 76 % | 44 % | 0.0 % |
| S3 keyword completion | 800 | +4.62 | +0.00 | 241 (30 %) | 325 (41 %) | 95 (12 %) | 30 (4 %) | 95 % / 95 % | 92 % / 92 % | 97 % | 31 % | 0.0 % |
| R1 variable recall | 800 | +7.12 | +0.44 | 379 (47 %) | 467 (58 %) | 171 (21 %) | 82 (10 %) | 88 % / 88 % | 76 % / 76 % | 94 % | 49 % | 0.0 % |
| R2 attribute / API recall | 671 | +5.88 | +0.50 | 321 (48 %) | 410 (61 %) | 88 (13 %) | 9 (1 %) | 90 % / 90 % | 89 % / 89 % | 89 % | 50 % | 0.0 % |
| R3 constant recall | 800 | +6.75 | +0.25 | 318 (40 %) | 404 (50 %) | 120 (15 %) | 42 (5 %) | 86 % / 87 % | 81 % / 82 % | 93 % | 41 % | 0.0 % |
| ALL | 4671 | +6.38 | +0.50 | 2265 (48 %) | 2738 (59 %) | 1057 (23 %) | 325 (7 %) | 82 % / 88 % | 77 % / 82 % | 92 % | 50 % | 0.0 % |

06:21:05 done
