11:31:15 codefact_qwen3_coder_chat: 6448 scanned items; strict pass per category: {'R1': 899, 'S1': 876, 'R3': 756, 'R2': 606, 'S2': 484, 'S3': 409}
11:31:15 sets: [('S1', 128, 128, ''), ('S2', 128, 128, ''), ('S3', 128, 128, ''), ('R1', 128, 128, ''), ('R2', 128, 128, ''), ('R3', 128, 128, ''), ('all', 128, 128, '')]; union 1536
/home/ubuntu/MOE/scripts/ext4_select.py:169: Pandas4Warning: Starting with pandas version 4.0 all arguments of mean will be keyword-only.
  md_, mv = R.loc[dsc].mean(0), R.loc[val].mean(0)
11:31:15 set S1: n=128+128 L*=47 disc=+2.484 val@L*=+2.270 val argmax L47 +2.270
11:31:15 set S2: n=128+128 L*=47 disc=+2.153 val@L*=+2.032 val argmax L47 +2.032
11:31:15 set S3: n=128+128 L*=47 disc=+2.275 val@L*=+2.709 val argmax L47 +2.709
11:31:15 set R1: n=128+128 L*=43 disc=+0.335 val@L*=+0.141 val argmax L47 +0.358
11:31:15 set R2: n=128+128 L*=47 disc=+2.852 val@L*=+2.248 val argmax L47 +2.248
11:31:15 set R3: n=128+128 L*=47 disc=+1.440 val@L*=+1.033 val argmax L47 +1.033
11:31:15 set all: n=128+128 L*=47 disc=+1.691 val@L*=+1.740 val argmax L47 +1.740
**qwen3_coder (chat): per-category calibration of the paper's filter on CodeFact (clean vs subject-noised Δ = logit(true) − logit(foil))**

| Category | n scanned | median Δ_clean | median drop | paper filter (Δ≥1, drop≥0.5) | relaxed (Δ≥0.5, drop≥0.25) | relative (drop ≥ 25 % Δ_clean, Δ≥1) | relative 50 % | top-1 = true / starts with true (clean) | top-1 = true / starts with true (noised) | Δ_clean ≥ 1 | drop ≥ 0.5 | final token carries max norm (L5) |
|---|---|---|---|---|---|---|---|---|---|---|---|---|
| S1 closing bracket | 964 | +16.19 | +4.11 | 876 (91 %) | 901 (93 %) | 501 (52 %) | 160 (17 %) | 9 % / 89 % | 8 % / 80 % | 100 % | 91 % | 0.0 % |
| S2 block keyword | 1200 | +6.25 | +0.25 | 484 (40 %) | 578 (48 %) | 207 (17 %) | 36 (3 %) | 80 % / 80 % | 78 % / 78 % | 82 % | 45 % | 0.0 % |
| S3 keyword completion | 1195 | +3.12 | -0.38 | 409 (34 %) | 449 (38 %) | 231 (19 %) | 51 (4 %) | 38 % / 96 % | 37 % / 95 % | 61 % | 36 % | 0.0 % |
| R1 variable recall | 1132 | +15.50 | +3.09 | 899 (79 %) | 932 (82 %) | 499 (44 %) | 254 (22 %) | 87 % / 87 % | 62 % / 62 % | 97 % | 81 % | 0.0 % |
| R2 attribute / API recall | 794 | +14.00 | +2.00 | 606 (76 %) | 640 (81 %) | 270 (34 %) | 92 (12 %) | 89 % / 89 % | 82 % / 82 % | 95 % | 78 % | 0.0 % |
| R3 constant recall | 1163 | +15.75 | +1.50 | 756 (65 %) | 818 (70 %) | 331 (28 %) | 134 (12 %) | 86 % / 90 % | 77 % / 80 % | 96 % | 66 % | 0.0 % |
| ALL | 6448 | +13.14 | +1.50 | 4030 (62 %) | 4318 (67 %) | 2039 (32 %) | 727 (11 %) | 65 % / 88 % | 57 % / 80 % | 88 % | 65 % | 0.0 % |

11:31:17 done
