10:59:33 codefact_qwen3_coder_raw: 6448 scanned items; strict pass per category: {'R1': 899, 'S1': 810, 'R3': 696, 'R2': 576, 'S3': 474, 'S2': 395}
10:59:33 sets: [('S1', 128, 128, ''), ('S2', 128, 128, ''), ('S3', 128, 128, ''), ('R1', 128, 128, ''), ('R2', 128, 128, ''), ('R3', 128, 128, ''), ('all', 128, 128, '')]; union 1536
/home/ubuntu/MOE/scripts/ext4_select.py:169: Pandas4Warning: Starting with pandas version 4.0 all arguments of mean will be keyword-only.
  md_, mv = R.loc[dsc].mean(0), R.loc[val].mean(0)
10:59:34 set S1: n=128+128 L*=47 disc=+1.608 val@L*=+1.869 val argmax L47 +1.869
10:59:34 set S2: n=128+128 L*=47 disc=+0.897 val@L*=+0.644 val argmax L47 +0.644
10:59:34 set S3: n=128+128 L*=47 disc=+1.588 val@L*=+1.547 val argmax L47 +1.547
10:59:34 set R1: n=128+128 L*=47 disc=+0.274 val@L*=+0.085 val argmax L44 +0.254
10:59:34 set R2: n=128+128 L*=47 disc=+2.087 val@L*=+1.995 val argmax L47 +1.995
10:59:34 set R3: n=128+128 L*=47 disc=+1.331 val@L*=+0.860 val argmax L47 +0.860
10:59:34 set all: n=128+128 L*=47 disc=+1.397 val@L*=+1.041 val argmax L47 +1.041
**qwen3_coder (raw): per-category calibration of the paper's filter on CodeFact (clean vs subject-noised Δ = logit(true) − logit(foil))**

| Category | n scanned | median Δ_clean | median drop | paper filter (Δ≥1, drop≥0.5) | relaxed (Δ≥0.5, drop≥0.25) | relative (drop ≥ 25 % Δ_clean, Δ≥1) | relative 50 % | top-1 = true / starts with true (clean) | top-1 = true / starts with true (noised) | Δ_clean ≥ 1 | drop ≥ 0.5 | final token carries max norm (L5) |
|---|---|---|---|---|---|---|---|---|---|---|---|---|
| S1 closing bracket | 964 | +13.88 | +3.03 | 810 (84 %) | 852 (88 %) | 442 (46 %) | 167 (17 %) | 16 % / 89 % | 15 % / 77 % | 100 % | 84 % | 0.0 % |
| S2 block keyword | 1200 | +5.38 | +0.12 | 395 (33 %) | 517 (43 %) | 125 (10 %) | 27 (2 %) | 80 % / 80 % | 79 % / 79 % | 82 % | 38 % | 0.0 % |
| S3 keyword completion | 1195 | +4.50 | +0.12 | 474 (40 %) | 538 (45 %) | 262 (22 %) | 68 (6 %) | 37 % / 96 % | 37 % / 94 % | 79 % | 42 % | 0.0 % |
| R1 variable recall | 1132 | +12.75 | +2.62 | 899 (79 %) | 945 (83 %) | 504 (45 %) | 257 (23 %) | 88 % / 88 % | 63 % / 63 % | 97 % | 81 % | 0.0 % |
| R2 attribute / API recall | 794 | +11.25 | +1.62 | 576 (73 %) | 617 (78 %) | 232 (29 %) | 58 (7 %) | 89 % / 89 % | 83 % / 83 % | 95 % | 74 % | 0.0 % |
| R3 constant recall | 1163 | +12.25 | +0.94 | 696 (60 %) | 761 (65 %) | 291 (25 %) | 121 (10 %) | 87 % / 90 % | 77 % / 81 % | 96 % | 61 % | 0.0 % |
| ALL | 6448 | +10.84 | +1.00 | 3850 (60 %) | 4230 (66 %) | 1856 (29 %) | 698 (11 %) | 66 % / 89 % | 59 % / 79 % | 91 % | 62 % | 0.0 % |

10:59:35 done
