/home/ubuntu/MOE/scripts/ext4_analyze.py:118: Pandas4Warning: Starting with pandas version 4.0 all arguments of mean will be keyword-only.
  dm = R.loc[disc, interior_layers].mean(0)
15:36:29 codefact_qwen3_raw S1: n=128+128 L*=47 block +2.420 [+2.069, +2.803] e*=L47E025 act 119/128 rescue +1.153 [+0.951, +1.368] spec +0.973 [+0.784, +1.175] joint L47E025
/home/ubuntu/MOE/scripts/ext4_analyze.py:118: Pandas4Warning: Starting with pandas version 4.0 all arguments of mean will be keyword-only.
  dm = R.loc[disc, interior_layers].mean(0)
15:37:50 codefact_qwen3_raw S2: n=128+128 L*=47 block +0.642 [+0.505, +0.780] e*=L47E062 act 111/128 rescue +0.336 [+0.237, +0.438] spec +0.343 [+0.237, +0.449] joint L41E041
/home/ubuntu/MOE/scripts/ext4_analyze.py:118: Pandas4Warning: Starting with pandas version 4.0 all arguments of mean will be keyword-only.
  dm = R.loc[disc, interior_layers].mean(0)
15:38:37 codefact_qwen3_raw S3: n=128+128 L*=47 block +1.054 [+0.836, +1.277] e*=L47E025 act 101/128 rescue +0.188 [+0.143, +0.233] spec +0.154 [+0.098, +0.209] joint L47E025
/home/ubuntu/MOE/scripts/ext4_analyze.py:118: Pandas4Warning: Starting with pandas version 4.0 all arguments of mean will be keyword-only.
  dm = R.loc[disc, interior_layers].mean(0)
15:39:41 codefact_qwen3_raw R1: n=128+128 L*=43 block +0.391 [+0.299, +0.490] e*=L43E126 act 121/128 rescue +0.326 [+0.252, +0.408] spec +0.316 [+0.242, +0.400] joint L43E126
/home/ubuntu/MOE/scripts/ext4_analyze.py:118: Pandas4Warning: Starting with pandas version 4.0 all arguments of mean will be keyword-only.
  dm = R.loc[disc, interior_layers].mean(0)
15:40:46 codefact_qwen3_raw R2: n=128+128 L*=47 block +0.935 [+0.679, +1.223] e*=L47E005 act 124/128 rescue +0.118 [+0.040, +0.202] spec +0.042 [-0.028, +0.114] joint L47E005
/home/ubuntu/MOE/scripts/ext4_analyze.py:118: Pandas4Warning: Starting with pandas version 4.0 all arguments of mean will be keyword-only.
  dm = R.loc[disc, interior_layers].mean(0)
15:41:41 codefact_qwen3_raw R3: n=128+128 L*=47 block +0.828 [+0.600, +1.056] e*=L47E101 act 98/128 rescue +0.117 [+0.077, +0.159] spec +0.079 [+0.032, +0.128] joint L47E101
/home/ubuntu/MOE/scripts/ext4_analyze.py:118: Pandas4Warning: Starting with pandas version 4.0 all arguments of mean will be keyword-only.
  dm = R.loc[disc, interior_layers].mean(0)
15:42:20 codefact_qwen3_raw all: n=128+128 L*=47 block +0.962 [+0.728, +1.215]
/home/ubuntu/MOE/scripts/ext4_analyze.py:118: Pandas4Warning: Starting with pandas version 4.0 all arguments of mean will be keyword-only.
  dm = R.loc[disc, interior_layers].mean(0)
15:42:49 codefact_mixtral_nobos S1: n=128+128 L*=31 block +1.886 [+1.638, +2.143] e*=L31E000 act 128/128 rescue +1.659 [+1.411, +1.916] spec +1.443 [+1.195, +1.704] joint L31E000
/home/ubuntu/MOE/scripts/ext4_analyze.py:118: Pandas4Warning: Starting with pandas version 4.0 all arguments of mean will be keyword-only.
  dm = R.loc[disc, interior_layers].mean(0)
15:43:13 codefact_mixtral_nobos S2: n=128+128 L*=17 block +0.406 [+0.318, +0.506] e*=L17E003 act 128/128 rescue +0.356 [+0.275, +0.446] spec +0.322 [+0.244, +0.408] joint L17E003
/home/ubuntu/MOE/scripts/ext4_analyze.py:118: Pandas4Warning: Starting with pandas version 4.0 all arguments of mean will be keyword-only.
  dm = R.loc[disc, interior_layers].mean(0)
15:43:34 codefact_mixtral_nobos S3: n=120+121 L*=31 block +0.582 [+0.431, +0.736] e*=L31E000 act 102/120 rescue +0.361 [+0.268, +0.459] spec +0.263 [+0.168, +0.356] joint L18E002
/home/ubuntu/MOE/scripts/ext4_analyze.py:118: Pandas4Warning: Starting with pandas version 4.0 all arguments of mean will be keyword-only.
  dm = R.loc[disc, interior_layers].mean(0)
15:43:54 codefact_mixtral_nobos R1: n=128+128 L*=31 block +0.455 [+0.208, +0.713] e*=L31E006 act 121/128 rescue +0.028 [-0.133, +0.197] spec -0.242 [-0.440, -0.055] joint L31E006
/home/ubuntu/MOE/scripts/ext4_analyze.py:118: Pandas4Warning: Starting with pandas version 4.0 all arguments of mean will be keyword-only.
  dm = R.loc[disc, interior_layers].mean(0)
15:44:20 codefact_mixtral_nobos R2: n=128+128 L*=31 block +0.458 [+0.347, +0.573] e*=L31E005 act 76/128 rescue +0.312 [+0.231, +0.400] spec +0.496 [+0.392, +0.601] joint L31E005
/home/ubuntu/MOE/scripts/ext4_analyze.py:118: Pandas4Warning: Starting with pandas version 4.0 all arguments of mean will be keyword-only.
  dm = R.loc[disc, interior_layers].mean(0)
15:44:40 codefact_mixtral_nobos R3: n=128+128 L*=31 block +0.607 [+0.421, +0.803] e*=L31E005 act 74/128 rescue +0.264 [+0.134, +0.409] spec +0.155 [+0.012, +0.309] joint L31E005
/home/ubuntu/MOE/scripts/ext4_analyze.py:118: Pandas4Warning: Starting with pandas version 4.0 all arguments of mean will be keyword-only.
  dm = R.loc[disc, interior_layers].mean(0)
15:44:44 codefact_mixtral_nobos all: n=128+128 L*=31 block +0.744 [+0.553, +0.953]
/home/ubuntu/MOE/scripts/ext4_analyze.py:118: Pandas4Warning: Starting with pandas version 4.0 all arguments of mean will be keyword-only.
  dm = R.loc[disc, interior_layers].mean(0)
15:45:29 codefact_qwen3_coder_raw S1: n=128+128 L*=47 block +1.869 [+1.563, +2.206] e*=L47E025 act 125/128 rescue +1.208 [+0.973, +1.473] spec +1.113 [+0.884, +1.370] joint L47E025
/home/ubuntu/MOE/scripts/ext4_analyze.py:118: Pandas4Warning: Starting with pandas version 4.0 all arguments of mean will be keyword-only.
  dm = R.loc[disc, interior_layers].mean(0)
15:46:40 codefact_qwen3_coder_raw S2: n=128+128 L*=47 block +0.644 [+0.477, +0.841] e*=L47E077 act 68/128 rescue +0.055 [+0.019, +0.091] spec +0.057 [+0.016, +0.098] joint L41E041
/home/ubuntu/MOE/scripts/ext4_analyze.py:118: Pandas4Warning: Starting with pandas version 4.0 all arguments of mean will be keyword-only.
  dm = R.loc[disc, interior_layers].mean(0)
15:47:11 codefact_qwen3_coder_raw S3: n=128+128 L*=47 block +1.547 [+1.183, +1.941] e*=L47E014 act 111/128 rescue +0.773 [+0.585, +0.981] spec +0.703 [+0.519, +0.908] joint L47E014
/home/ubuntu/MOE/scripts/ext4_analyze.py:118: Pandas4Warning: Starting with pandas version 4.0 all arguments of mean will be keyword-only.
  dm = R.loc[disc, interior_layers].mean(0)
15:47:44 codefact_qwen3_coder_raw R1: n=128+128 L*=47 block +0.085 [-0.231, +0.408] e*=L47E060 act 88/128 rescue +0.055 [+0.004, +0.108] spec +0.122 [+0.057, +0.190] joint L43E126
/home/ubuntu/MOE/scripts/ext4_analyze.py:118: Pandas4Warning: Starting with pandas version 4.0 all arguments of mean will be keyword-only.
  dm = R.loc[disc, interior_layers].mean(0)
15:48:35 codefact_qwen3_coder_raw R2: n=128+128 L*=47 block +1.995 [+1.594, +2.431] e*=L47E116 act 128/128 rescue +0.427 [+0.321, +0.540] spec +0.278 [+0.187, +0.375] joint L47E116
/home/ubuntu/MOE/scripts/ext4_analyze.py:118: Pandas4Warning: Starting with pandas version 4.0 all arguments of mean will be keyword-only.
  dm = R.loc[disc, interior_layers].mean(0)
15:49:11 codefact_qwen3_coder_raw R3: n=128+128 L*=47 block +0.860 [+0.535, +1.191] e*=L47E002 act 93/128 rescue +0.128 [+0.062, +0.201] spec +0.047 [-0.021, +0.115] joint L47E002
/home/ubuntu/MOE/scripts/ext4_analyze.py:118: Pandas4Warning: Starting with pandas version 4.0 all arguments of mean will be keyword-only.
  dm = R.loc[disc, interior_layers].mean(0)
15:49:24 codefact_qwen3_coder_raw all: n=128+128 L*=47 block +1.041 [+0.717, +1.375]
/home/ubuntu/MOE/scripts/ext4_analyze.py:118: Pandas4Warning: Starting with pandas version 4.0 all arguments of mean will be keyword-only.
  dm = R.loc[disc, interior_layers].mean(0)
15:50:13 codefact_qwen3_coder_chat S1: n=128+128 L*=47 block +2.270 [+1.932, +2.631] e*=L47E025 act 126/128 rescue +1.028 [+0.827, +1.246] spec +0.869 [+0.678, +1.079] joint L47E025
/home/ubuntu/MOE/scripts/ext4_analyze.py:118: Pandas4Warning: Starting with pandas version 4.0 all arguments of mean will be keyword-only.
  dm = R.loc[disc, interior_layers].mean(0)
15:51:29 codefact_qwen3_coder_chat S2: n=128+128 L*=47 block +2.032 [+1.653, +2.432] e*=L47E077 act 72/128 rescue +0.137 [+0.091, +0.187] spec +0.039 [-0.013, +0.092] joint L41E041
/home/ubuntu/MOE/scripts/ext4_analyze.py:118: Pandas4Warning: Starting with pandas version 4.0 all arguments of mean will be keyword-only.
  dm = R.loc[disc, interior_layers].mean(0)
15:52:08 codefact_qwen3_coder_chat S3: n=128+128 L*=47 block +2.709 [+2.290, +3.135] e*=L47E014 act 116/128 rescue +0.985 [+0.758, +1.214] spec +0.778 [+0.566, +0.998] joint L47E014
/home/ubuntu/MOE/scripts/ext4_analyze.py:118: Pandas4Warning: Starting with pandas version 4.0 all arguments of mean will be keyword-only.
  dm = R.loc[disc, interior_layers].mean(0)
15:52:45 codefact_qwen3_coder_chat R1: n=128+128 L*=43 block +0.141 [-0.004, +0.283] e*=L43E126 act 80/128 rescue +0.160 [+0.083, +0.239] spec +0.160 [+0.079, +0.245] joint L43E126
/home/ubuntu/MOE/scripts/ext4_analyze.py:118: Pandas4Warning: Starting with pandas version 4.0 all arguments of mean will be keyword-only.
  dm = R.loc[disc, interior_layers].mean(0)
15:53:43 codefact_qwen3_coder_chat R2: n=128+128 L*=47 block +2.248 [+1.839, +2.711] e*=L47E005 act 110/128 rescue +0.413 [+0.316, +0.513] spec +0.195 [+0.098, +0.298] joint L47E005
/home/ubuntu/MOE/scripts/ext4_analyze.py:118: Pandas4Warning: Starting with pandas version 4.0 all arguments of mean will be keyword-only.
  dm = R.loc[disc, interior_layers].mean(0)
15:54:11 codefact_qwen3_coder_chat R3: n=128+128 L*=47 block +1.033 [+0.588, +1.471] e*=L47E101 act 83/128 rescue +0.094 [+0.002, +0.186] spec -0.016 [-0.108, +0.078] joint L47E101
/home/ubuntu/MOE/scripts/ext4_analyze.py:118: Pandas4Warning: Starting with pandas version 4.0 all arguments of mean will be keyword-only.
  dm = R.loc[disc, interior_layers].mean(0)
15:54:25 codefact_qwen3_coder_chat all: n=128+128 L*=47 block +1.740 [+1.304, +2.201]
15:54:26 section written: /home/ubuntu/MOE/results/sections/ext4_codefact.md
