2026-09-21T01:54:12Z START ext5eng-verify-ext5 (waited 82s): python scripts/ext5_engine_verify.py 20
01:54:16 20 cases; first: 'Virginia State Route 33 is located in' -> Virginia / Milan
Loading weights:   0%|          | 0/179 [00:00<?, ?it/s]Loading weights:   3%|▎         | 5/179 [00:00<00:03, 49.32it/s]Loading weights:   8%|▊         | 15/179 [00:00<00:02, 71.32it/s]Loading weights:  15%|█▍        | 26/179 [00:00<00:01, 81.97it/s]Loading weights:  21%|██        | 37/179 [00:00<00:01, 85.19it/s]Loading weights:  27%|██▋       | 48/179 [00:00<00:01, 87.60it/s]Loading weights:  33%|███▎      | 59/179 [00:00<00:01, 89.55it/s]Loading weights:  39%|███▉      | 70/179 [00:00<00:01, 89.38it/s]Loading weights:  45%|████▌     | 81/179 [00:00<00:01, 89.09it/s]Loading weights:  51%|█████▏    | 92/179 [00:01<00:00, 90.82it/s]Loading weights:  58%|█████▊    | 103/179 [00:01<00:00, 88.86it/s]Loading weights:  64%|██████▎   | 114/179 [00:01<00:00, 86.29it/s]Loading weights:  70%|██████▉   | 125/179 [00:01<00:00, 86.10it/s]Loading weights:  76%|███████▌  | 136/179 [00:01<00:00, 84.78it/s]Loading weights:  82%|████████▏ | 147/179 [00:01<00:00, 84.85it/s]Loading weights:  88%|████████▊ | 158/179 [00:01<00:00, 85.20it/s]Loading weights:  94%|█████████▍| 169/179 [00:01<00:00, 84.36it/s]Loading weights: 100%|██████████| 179/179 [00:01<00:00, 90.17it/s]
01:54:31 HF: 5/20 cases done
01:54:41 HF: 10/20 cases done
01:54:51 HF: 15/20 cases done
01:55:01 HF: 20/20 cases done
01:55:01 HF reference done
01:55:02   layer   0: load-wait 1.22s compute 0.14s  wf_rows=60
01:55:04   layer   8: load-wait 0.11s compute 0.07s  wf_rows=800
01:55:05   layer  15: load-wait 0.11s compute 0.03s  wf_rows=1360
01:55:05   pass done: 40 prefill rows (T=14), 1360 spawn rows, 3.9s (metrics 0.0s)
01:55:06   layer   0: load-wait 0.15s compute 0.05s  wf_rows=0
01:55:07   layer   8: load-wait 0.10s compute 0.06s  wf_rows=600
01:55:08   layer  15: load-wait 0.09s compute 0.02s  wf_rows=1100
01:55:08   pass done: 40 prefill rows (T=14), 1100 spawn rows, 2.5s
01:55:08 n_cases: 20
01:55:08 head_layers: [4, 10]
01:55:08 multi_pairs: [[4, 10], [2, 8], [6, 12]]
01:55:08 multi_triple: [4, 8, 12]
01:55:08 pass1_s: 3.886392593383789
01:55:08 pass1_metrics_s: 0.03603315353393555
01:55:08 pass1_spawn_rows: 1360
01:55:08 delta_clean_maxdiff_vs_hf: 0.4375
01:55:08 delta_noised_maxdiff_vs_hf: 0.533203125
01:55:08 metrics: {"logp_true_clean_maxdiff_vs_hf": 0.3418159484863281, "logp_true_noised_maxdiff_vs_hf": 0.5425243377685547, "logp_foil_clean_maxdiff_vs_hf": 0.3340034484863281, "p_true_clean_maxdiff_vs_hf": 0.03795287013053894, "rank_true_clean_agree_frac_vs_hf": 0.6, "rank_true_clean_maxabsdiff_vs_hf": 700, "kl_noised_to_clean_maxdiff_vs_hf": 0.5489749908447266, "kl_noised_to_clean_mean_engine": 4.4646501541137695, "kl_noised_to_clean_mean_hf": 4.493814945220947, "kl_clean_rows_max": 0.0, "kl_min_all_rows": 0.0, "p_true_plus_p_foil_max": 0.6581950783729553, "p_true_plus_p_foil_gt1_count": 0, "delta_vs_logodds_prefill_maxdiff": 0.0625002384185791, "delta_vs_logodds_spawn_maxdiff": 1.52587890625e-05, "delta_vs_logodds_spawn_meanabsdiff": 6.731819013339191e-08, "rank1_iff_top1_frac": 0.975, "zero_on_clean_kl_max": 0.008775008842349052, "zero_on_clean_kl_mean": 0.0007732471567578614, "zero_on_noised_kl_vs_noised_prefill_maxdiff": 0.11809539794921875, "p_true_clean_mean": 0.1059451699256897, "p_true_noised_mean": 0.005297299474477768}
01:55:08 attn_head: {"headsum_vs_fp32_linear_maxabs": 5.960464477539063e-08, "headsum_vs_fp32_linear_max_relnorm": 3.3456100823059387e-07, "headsum_vs_attn_layer_vec_maxabs": 0.000388413667678833, "headsum_vs_attn_layer_vec_mean_relnorm": 0.0019554135942598805, "headsum_rescue_vs_attn_layer_rescue": {"n": 40, "maxabs": 3.6591796875, "meanabs": 1.1663291931152344, "frac_equal": 0.0, "frac_within_0.1": 0.05}, "headsum_rescue_vs_attn_layer_rescue_corr": 0.49336613227325365, "headsum_rescue_mean": -0.113988496363163, "attn_layer_rescue_mean": 0.2985290586948395, "attn_head_vs_hf": {"n": 640, "maxabs": 1.001953125, "meanabs": 0.146657133102417, "frac_equal": 0.0546875, "frac_within_0.1": 0.5078125}, "attn_head_vs_hf_frac_within_0.25": 0.79375, "attn_head_rescue_corr_vs_hf": 0.8081397417084277, "attn_head_rescue_mean_engine": -0.007124281022697687, "attn_head_rescue_mean_hf": 0.017781829461455345, "attn_layer_vs_hf_oin_replace": {"n": 40, "maxabs": 0.770751953125, "meanabs": 0.147088623046875, "frac_equal": 0.05, "frac_within_0.1": 0.525}, "identity_attn_head_on_clean": {"n": 80, "maxabs": 0.11328125, "meanabs": 0.03232421875, "frac_equal": 0.225, "frac_within_0.1": 0.95}}
01:55:08 multi_pass1: {"multi_layer_vs_hf": {"n": 80, "maxabs": 0.7451171875, "meanabs": 0.1189544677734375, "frac_equal": 0.0625, "frac_within_0.1": 0.575}, "multi_layer_vs_hf_frac_within_0.25": 0.9125, "multi_layer_rescue_corr_vs_hf": 0.9916829974913163, "multi_layer_rescue_mean_engine": 0.6008514165878296, "multi_layer_rescue_mean_hf": 0.637683093547821, "multi_pair_rescue_minus_max_single_mean": -0.2716837525367737, "multi_setall_vs_multi_layer_delta": {"n": 60, "maxabs": 0.0, "meanabs": 0.0, "frac_equal": 1.0, "frac_within_0.1": 1.0}, "multi_setall_vs_multi_layer_vec_maxabs": 1.1920928955078125e-07, "multi1_layer_vs_layer_delta": {"n": 20, "maxabs": 0.0, "meanabs": 0.0, "frac_equal": 1.0, "frac_within_0.1": 1.0}, "multi1_layer_vs_layer_vec_maxabs": 0.0, "multi_step_vnorm_example": [1.129809856414795]}
01:55:08 pass2_s: 2.51547908782959
01:55:08 pass2_spawn_rows: 1100
01:55:08 coalition_set_pass2: {"set_clean_vs_coalition_clean_delta": {"n": 40, "maxabs": 0.5, "meanabs": 0.014453125, "frac_equal": 0.925, "frac_within_0.1": 0.975}, "set_clean_vs_coalition_clean_vec_maxabs": 0.037125587463378906, "set_clean_vs_coalition_clean_vec_frac_exact": 0.925, "set_union_vs_coalition_union_delta": {"n": 40, "maxabs": 0.169921875, "meanabs": 0.008349609375, "frac_equal": 0.875, "frac_within_0.1": 0.975}, "set_union_vs_coalition_union_vec_maxabs": 0.010029315948486328, "set_union_vs_coalition_union_vec_frac_exact": 0.05, "set_union_vs_layer_delta": {"n": 40, "maxabs": 0.169921875, "meanabs": 0.008349609375, "frac_equal": 0.875, "frac_within_0.1": 0.975}, "set_union_vs_layer_vec_maxabs": 0.010029315948486328, "set_union_vs_layer_vec_frac_exact": 0.0, "set_all_vs_layer_delta": {"n": 40, "maxabs": 0.0, "meanabs": 0.0, "frac_equal": 1.0, "frac_within_0.1": 1.0}, "set_all_vs_layer_vec_maxabs": 2.384185791015625e-07, "set_all_vs_layer_vec_frac_exact": 0.0, "set_single_vs_expert_delta": {"n": 320, "maxabs": 0.0, "meanabs": 0.0, "frac_equal": 1.0, "frac_within_0.1": 1.0}, "set_single_vs_expert_vec_maxabs": 0.0, "set_single_vs_expert_vec_frac_exact": 1.0, "multi1_set_clean_vs_coalition_clean_delta": {"n": 40, "maxabs": 0.5, "meanabs": 0.014453125, "frac_equal": 0.925, "frac_within_0.1": 0.975}, "multi1_set_clean_vs_coalition_clean_vec_maxabs": 0.037125587463378906, "multi1_set_clean_vs_coalition_clean_vec_frac_exact": 0.925, "multi1_expert_vs_expert_delta": {"n": 40, "maxabs": 0.0, "meanabs": 0.0, "frac_equal": 1.0, "frac_within_0.1": 1.0}, "multi1_expert_vs_expert_vec_maxabs": 0.0, "multi1_expert_vs_expert_vec_frac_exact": 1.0, "multi1_coalition_clean_vs_coalition_clean_delta": {"n": 40, "maxabs": 0.0, "meanabs": 0.0, "frac_equal": 1.0, "frac_within_0.1": 1.0}, "multi1_coalition_clean_vs_coalition_clean_vec_maxabs": 0.0, "multi1_coalition_clean_vs_coalition_clean_vec_frac_exact": 1.0, "m_layer_all_vs_m_layer_layer_delta": {"n": 20, "maxabs": 0.0, "meanabs": 0.0, "frac_equal": 1.0, "frac_within_0.1": 1.0}, "m_layer_all_vs_m_layer_layer_vec_maxabs": 3.725290298461914e-09, "m_all_layer_vs_m_layer_layer_delta": {"n": 20, "maxabs": 0.0, "meanabs": 0.0, "frac_equal": 1.0, "frac_within_0.1": 1.0}, "m_all_layer_vs_m_layer_layer_vec_maxabs": 2.384185791015625e-07, "m_layer_setclean_vs_m_layer_layer_delta": {"n": 20, "maxabs": 0.296875, "meanabs": 0.098291015625, "frac_equal": 0.0, "frac_within_0.1": 0.6}, "m_layer_coalclean_vs_m_layer_layer_delta": {"n": 20, "maxabs": 0.296875, "meanabs": 0.086572265625, "frac_equal": 0.15, "frac_within_0.1": 0.65}, "m_layer_setclean_vs_m_layer_coalclean_vec_maxabs": 0.05860710144042969, "m_layer_setclean_vs_m_layer_coalclean_delta": {"n": 20, "maxabs": 0.125, "meanabs": 0.01171875, "frac_equal": 0.85, "frac_within_0.1": 0.95}}
01:55:08 delta_prefill_pass1_vs_pass2_maxdiff: 1.125
2026-09-21T01:55:11Z END   ext5eng-verify-ext5 rc=0 (59s)
