2026-09-21T01:58:32Z START ext5eng-verify2 (waited 48s): python scripts/verify_olmoe.py
01:58:44 picked 50 cases; first prompt: 'Virginia State Route 33 is located in' true=Virginia foil=Milan subj_pos=[0, 1, 2, 3, 4]
Loading weights:   0%|          | 0/179 [00:00<?, ?it/s]Loading weights:   2%|▏         | 4/179 [00:01<00:46,  3.77it/s]Loading weights:   8%|▊         | 15/179 [00:02<00:28,  5.77it/s]Loading weights:  15%|█▍        | 26/179 [00:04<00:24,  6.14it/s]Loading weights:  21%|██        | 37/179 [00:06<00:22,  6.36it/s]Loading weights:  27%|██▋       | 48/179 [00:07<00:20,  6.45it/s]Loading weights:  33%|███▎      | 59/179 [00:09<00:18,  6.49it/s]Loading weights:  39%|███▉      | 70/179 [00:11<00:16,  6.51it/s]Loading weights:  45%|████▌     | 81/179 [00:12<00:14,  6.54it/s]Loading weights:  51%|█████▏    | 92/179 [00:14<00:13,  6.56it/s]Loading weights:  58%|█████▊    | 103/179 [00:16<00:11,  6.56it/s]Loading weights:  64%|██████▎   | 114/179 [00:17<00:09,  6.57it/s]Loading weights:  70%|██████▉   | 125/179 [00:19<00:08,  6.54it/s]Loading weights:  76%|███████▌  | 136/179 [00:21<00:06,  6.58it/s]Loading weights:  82%|████████▏ | 147/179 [00:22<00:04,  6.56it/s]Loading weights:  88%|████████▊ | 158/179 [00:24<00:03,  6.59it/s]Loading weights:  94%|█████████▍| 169/179 [00:26<00:01,  6.59it/s]Loading weights: 100%|██████████| 179/179 [00:26<00:00,  6.84it/s]
01:59:21 HF forwards done for 50 cases
01:59:24 HF layer patches done: 50
02:00:01 HF expert patches done: 221
02:00:03   layer   0: load-wait 1.38s compute 0.15s  wf_rows=209
02:00:05   layer   8: load-wait 0.07s compute 0.10s  wf_rows=843
02:00:06   layer  15: load-wait 0.10s compute 0.04s  wf_rows=1421
02:00:06   pass done: 100 prefill rows (T=14), 1421 spawn rows, 4.0s
02:00:07 embed_std_engine: 0.009373849257826805
02:00:07 embed_std_hf: 0.009373849257826805
02:00:07 engine_pass_s: 4.044298887252808
02:00:07 delta_clean_maxdiff_vs_hf: 0.3828125
02:00:07 delta_noised_maxdiff_vs_hf: 0.61328125
02:00:07 delta_clean_frac_within_0.1: 0.72
02:00:07 delta_noised_frac_within_0.1: 0.46
02:00:07 delta_bmm_vs_fullmatmul_maxdiff: 0.0
02:00:07 delta_bmm_vs_fullmatmul_frac_equal: 1.0
02:00:07 top1_agreement_clean: 0.98
02:00:07 logit_true_clean_maxdiff_vs_hf: 0.28125
02:00:07 zero_on_noised_maxdiff: 0.40625
02:00:07 zero_on_clean_maxdiff: 0.125
02:00:07 layer_patch_vs_hf_n: 50
02:00:07 layer_patch_vs_hf_maxdiff: 0.578125
02:00:07 layer_patch_vs_hf_frac_within_0.1: 0.58
02:00:07 layer_rescue_vs_hf_maxdiff: 0.498046875
02:00:07 expert_patch_vs_hf_n: 221
02:00:07 expert_patch_vs_hf_maxdiff: 1.07421875
02:00:07 expert_patch_vs_hf_frac_within_0.1: 0.334841628959276
02:00:07 routing_set_agreement: 38/40
02:00:07 union_vs_layer_maxdiff: 0.0
02:00:07 union_vs_layer_frac_equal: 1.0
02:00:07 pass_total_s: 3.994314193725586
02:00:07 curve: [-0.034, 0.084, 0.181, 0.111, 0.135, 0.018, 0.004, 0.075, 0.009, 0.054, 0.113, 0.561, 1.218, 1.063, -0.543, 0.219]
2026-09-21T02:00:09Z END   ext5eng-verify2 rc=0 (97s)
