2026-09-28T16:58:29Z START ext6-grid-verify-olmoe (waited 0s): python scripts/ext6_str_grid_verify.py 8
16:58:33 8 pairs; first 'Charles, Prince of Viana died in' -> 'Henry Pickering Bowditch died in'
Loading weights:   0%|          | 0/179 [00:00<?, ?it/s]Loading weights:   2%|▏         | 4/179 [00:00<00:05, 33.21it/s]Loading weights:   8%|▊         | 15/179 [00:00<00:02, 69.89it/s]Loading weights:  15%|█▍        | 26/179 [00:00<00:01, 79.56it/s]Loading weights:  21%|██        | 37/179 [00:00<00:01, 84.83it/s]Loading weights:  27%|██▋       | 48/179 [00:00<00:01, 84.62it/s]Loading weights:  33%|███▎      | 59/179 [00:00<00:01, 88.11it/s]Loading weights:  39%|███▉      | 70/179 [00:00<00:01, 88.20it/s]Loading weights:  45%|████▌     | 81/179 [00:00<00:01, 88.60it/s]Loading weights:  51%|█████▏    | 92/179 [00:01<00:00, 87.81it/s]Loading weights:  58%|█████▊    | 103/179 [00:01<00:00, 89.16it/s]Loading weights:  64%|██████▎   | 114/179 [00:01<00:00, 89.85it/s]Loading weights:  70%|██████▉   | 125/179 [00:01<00:00, 89.91it/s]Loading weights:  76%|███████▌  | 136/179 [00:01<00:00, 88.30it/s]Loading weights:  82%|████████▏ | 147/179 [00:01<00:00, 87.34it/s]Loading weights:  88%|████████▊ | 158/179 [00:01<00:00, 86.29it/s]Loading weights:  94%|█████████▍| 169/179 [00:01<00:00, 85.93it/s]Loading weights: 100%|██████████| 179/179 [00:01<00:00, 90.28it/s]
16:58:51 HF: pair 1/8 done
16:58:59 HF: pair 2/8 done
16:59:13 HF: pair 3/8 done
16:59:23 HF: pair 4/8 done
16:59:29 HF: pair 5/8 done
16:59:37 HF: pair 6/8 done
16:59:48 HF: pair 7/8 done
16:59:58 HF: pair 8/8 done
17:00:00   layer   0: load-wait 1.25s compute 0.16s  wf_rows=250 wf_tokens=0
17:00:01   layer   8: load-wait 0.07s compute 0.09s  wf_rows=1050 wf_tokens=3629
17:00:02   layer  15: load-wait 0.07s compute 0.06s  wf_rows=1650 wf_tokens=6112
17:00:02   pass done: 100 prefill rows (T=10), 1650 suffix rows (Smax=9, 6303 tokens), 3.9s
17:00:02 n_pairs: 8
17:00:02 n_units: 50
17:00:02 n_spawns: 1650
17:00:02 window_half: 2
17:00:02 delta_clean_maxdiff_vs_hf: 0.125
17:00:02 delta_donor_maxdiff_vs_hf: 0.3125
17:00:02 p_true_donor_maxdiff_vs_hf: 0.0008268145611509681
17:00:02 w1_n: 800
17:00:02 w1_delta_maxdiff: 0.59375
17:00:02 w1_delta_meanabsdiff: 0.0772265625
17:00:02 w1_delta_frac_within_0.25: 0.9275
17:00:02 w1_rescue_corr_vs_hf: 0.9909118773901212
17:00:02 w1_hf_rescue_std: 0.7984903801951854
17:00:02 w1_p_true_maxdiff: 0.005360630340874195
17:00:02 w1_p_true_meanabsdiff: 0.00019892712932175982
17:00:02 w5_n: 800
17:00:02 w5_delta_maxdiff: 0.5
17:00:02 w5_delta_meanabsdiff: 0.07244873046875
17:00:02 w5_delta_frac_within_0.25: 0.94125
17:00:02 w5_rescue_corr_vs_hf: 0.9980070845866488
17:00:02 w5_hf_rescue_std: 1.8396901573507338
17:00:02 w5_p_true_maxdiff: 0.03349604457616806
17:00:02 w5_p_true_meanabsdiff: 0.0004587894802162396
17:00:02 zero_on_donor_maxdiff: 0.125
17:00:02 calibration_ext5_layer_at_p_gn: {'maxdiff': 0.8046875, 'meanabsdiff': 0.1498057097196579, 'frac_within_0.25': 0.79375, 'rescue_corr': 0.9523155254095946}
17:00:02 pass_total_s: 3.9133641719818115
2026-09-28T17:00:05Z END   ext6-grid-verify-olmoe rc=0 (96s)
