06:52:37 picked 50 cases; first prompt: 'Virginia State Route 33 is located in' true=Virginia foil=Milan subj_pos=[0, 1, 2, 3, 4]
Loading weights:   0%|          | 0/179 [00:00<?, ?it/s]Loading weights:   2%|▏         | 4/179 [00:01<00:47,  3.67it/s]Loading weights:   8%|▊         | 15/179 [00:02<00:28,  5.74it/s]Loading weights:  15%|█▍        | 26/179 [00:04<00:24,  6.17it/s]Loading weights:  21%|██        | 37/179 [00:06<00:22,  6.29it/s]Loading weights:  27%|██▋       | 48/179 [00:07<00:20,  6.42it/s]Loading weights:  33%|███▎      | 59/179 [00:09<00:18,  6.48it/s]Loading weights:  39%|███▉      | 70/179 [00:11<00:16,  6.50it/s]Loading weights:  45%|████▌     | 81/179 [00:12<00:15,  6.52it/s]Loading weights:  51%|█████▏    | 92/179 [00:14<00:13,  6.55it/s]Loading weights:  58%|█████▊    | 103/179 [00:16<00:11,  6.55it/s]Loading weights:  64%|██████▎   | 114/179 [00:17<00:09,  6.57it/s]Loading weights:  70%|██████▉   | 125/179 [00:19<00:08,  6.58it/s]Loading weights:  76%|███████▌  | 136/179 [00:21<00:06,  6.58it/s]Loading weights:  82%|████████▏ | 147/179 [00:22<00:04,  6.59it/s]Loading weights:  87%|████████▋ | 156/179 [00:22<00:02,  8.68it/s]Loading weights:  89%|████████▉ | 160/179 [00:24<00:02,  6.41it/s]Loading weights:  94%|█████████▍| 169/179 [00:26<00:01,  6.09it/s]Loading weights: 100%|██████████| 179/179 [00:26<00:00,  6.83it/s]
06:53:13 HF forwards done for 50 cases
06:53:16 HF layer patches done: 50
06:53:54 HF expert patches done: 221
06:53:56   layer   0: load-wait 1.22s compute 0.16s  wf_rows=209
06:53:57   layer   8: load-wait 0.08s compute 0.09s  wf_rows=843
06:53:58   layer  15: load-wait 0.08s compute 0.04s  wf_rows=1421
06:53:58   pass done: 100 prefill rows (T=14), 1421 spawn rows, 4.1s
06:54:00 embed_std_engine: 0.009373849257826805
06:54:00 embed_std_hf: 0.009373849257826805
06:54:00 engine_pass_s: 4.177873849868774
06:54:00 delta_clean_maxdiff_vs_hf: 0.3828125
06:54:00 delta_noised_maxdiff_vs_hf: 0.61328125
06:54:00 delta_clean_frac_within_0.1: 0.72
06:54:00 delta_noised_frac_within_0.1: 0.46
06:54:00 delta_bmm_vs_fullmatmul_maxdiff: 0.0
06:54:00 delta_bmm_vs_fullmatmul_frac_equal: 1.0
06:54:00 top1_agreement_clean: 0.98
06:54:00 logit_true_clean_maxdiff_vs_hf: 0.28125
06:54:00 zero_on_noised_maxdiff: 0.40625
06:54:00 zero_on_clean_maxdiff: 0.125
06:54:00 layer_patch_vs_hf_n: 50
06:54:00 layer_patch_vs_hf_maxdiff: 0.578125
06:54:00 layer_patch_vs_hf_frac_within_0.1: 0.58
06:54:00 layer_rescue_vs_hf_maxdiff: 0.498046875
06:54:00 expert_patch_vs_hf_n: 221
06:54:00 expert_patch_vs_hf_maxdiff: 1.07421875
06:54:00 expert_patch_vs_hf_frac_within_0.1: 0.334841628959276
06:54:00 routing_set_agreement: 38/40
06:54:00 union_vs_layer_maxdiff: 0.0
06:54:00 union_vs_layer_frac_equal: 1.0
06:54:00 pass_total_s: 4.131694078445435
06:54:00 curve: [-0.034, 0.084, 0.181, 0.111, 0.135, 0.018, 0.004, 0.075, 0.009, 0.054, 0.113, 0.561, 1.218, 1.063, -0.543, 0.219]
