02:37:14 picked 50 cases; first prompt: 'Virginia State Route 33 is located in' true=Virginia foil=Milan subj_pos=[0, 1, 2, 3, 4]
Loading weights:   0%|          | 0/179 [00:00<?, ?it/s]Loading weights:   2%|▏         | 4/179 [00:00<00:04, 36.20it/s]Loading weights:   8%|▊         | 15/179 [00:00<00:02, 72.94it/s]Loading weights:  15%|█▍        | 26/179 [00:00<00:01, 79.46it/s]Loading weights:  21%|██        | 37/179 [00:00<00:01, 85.19it/s]Loading weights:  27%|██▋       | 48/179 [00:00<00:01, 86.32it/s]Loading weights:  33%|███▎      | 59/179 [00:00<00:01, 87.45it/s]Loading weights:  39%|███▉      | 70/179 [00:00<00:01, 86.77it/s]Loading weights:  45%|████▌     | 81/179 [00:00<00:01, 86.56it/s]Loading weights:  51%|█████▏    | 92/179 [00:01<00:01, 86.44it/s]Loading weights:  58%|█████▊    | 103/179 [00:01<00:00, 88.38it/s]Loading weights:  64%|██████▎   | 114/179 [00:01<00:00, 86.56it/s]Loading weights:  70%|██████▉   | 125/179 [00:01<00:00, 86.24it/s]Loading weights:  76%|███████▌  | 136/179 [00:01<00:00, 86.26it/s]Loading weights:  82%|████████▏ | 147/179 [00:01<00:00, 86.32it/s]Loading weights:  88%|████████▊ | 158/179 [00:01<00:00, 87.12it/s]Loading weights:  94%|█████████▍| 169/179 [00:01<00:00, 87.05it/s]Loading weights: 100%|██████████| 179/179 [00:01<00:00, 89.94it/s]
02:37:28 HF forwards done for 50 cases
02:37:31 HF layer patches done: 50
02:38:08 HF expert patches done: 221
02:38:10   layer   0: load-wait 1.24s compute 0.16s  wf_rows=209
02:38:11   layer   8: load-wait 0.07s compute 0.10s  wf_rows=843
02:38:12   layer  15: load-wait 0.10s compute 0.03s  wf_rows=1421
02:38:12   pass done: 100 prefill rows (T=14), 1421 spawn rows, 3.8s
02:38:13 embed_std_engine: 0.009373849257826805
02:38:13 embed_std_hf: 0.009373849257826805
02:38:13 engine_pass_s: 3.7955801486968994
02:38:13 delta_clean_maxdiff_vs_hf: 0.3828125
02:38:13 delta_noised_maxdiff_vs_hf: 0.61328125
02:38:13 delta_clean_frac_within_0.1: 0.72
02:38:13 delta_noised_frac_within_0.1: 0.46
02:38:13 delta_bmm_vs_fullmatmul_maxdiff: 0.0
02:38:13 delta_bmm_vs_fullmatmul_frac_equal: 1.0
02:38:13 top1_agreement_clean: 0.98
02:38:13 logit_true_clean_maxdiff_vs_hf: 0.28125
02:38:13 zero_on_noised_maxdiff: 0.40625
02:38:13 zero_on_clean_maxdiff: 0.125
02:38:13 layer_patch_vs_hf_n: 50
02:38:13 layer_patch_vs_hf_maxdiff: 0.578125
02:38:13 layer_patch_vs_hf_frac_within_0.1: 0.58
02:38:13 layer_rescue_vs_hf_maxdiff: 0.498046875
02:38:13 expert_patch_vs_hf_n: 221
02:38:13 expert_patch_vs_hf_maxdiff: 1.07421875
02:38:13 expert_patch_vs_hf_frac_within_0.1: 0.334841628959276
02:38:13 routing_set_agreement: 38/40
02:38:13 union_vs_layer_maxdiff: 0.0
02:38:13 union_vs_layer_frac_equal: 1.0
02:38:13 pass_total_s: 3.7697525024414062
02:38:13 curve: [-0.034, 0.084, 0.181, 0.111, 0.135, 0.018, 0.004, 0.075, 0.009, 0.054, 0.113, 0.561, 1.218, 1.063, -0.543, 0.219]
